Archive member included to satisfy reference by file (symbol)

D:/SOFT/STM32CubeIDE_1.16.0/STM32CubeIDE/plugins/com.st.stm32cube.ide.mcu.externaltools.gnu-tools-for-stm32.12.3.rel1.win32_1.0.200.202406191623/tools/bin/../lib/gcc/arm-none-eabi/12.3.1/../../../../arm-none-eabi/lib/thumb/v7e-m+fp/hard\libc_nano.a(libc_a-exit.o)
                              D:/SOFT/STM32CubeIDE_1.16.0/STM32CubeIDE/plugins/com.st.stm32cube.ide.mcu.externaltools.gnu-tools-for-stm32.12.3.rel1.win32_1.0.200.202406191623/tools/bin/../lib/gcc/arm-none-eabi/12.3.1/../../../../arm-none-eabi/lib/thumb/v7e-m+fp/hard/crt0.o (exit)
D:/SOFT/STM32CubeIDE_1.16.0/STM32CubeIDE/plugins/com.st.stm32cube.ide.mcu.externaltools.gnu-tools-for-stm32.12.3.rel1.win32_1.0.200.202406191623/tools/bin/../lib/gcc/arm-none-eabi/12.3.1/../../../../arm-none-eabi/lib/thumb/v7e-m+fp/hard\libc_nano.a(libc_a-malloc.o)
                              ./Middlewares/ST/STM32_USB_Host_Library/Class/MSC/Src/usbh_msc.o (malloc)
D:/SOFT/STM32CubeIDE_1.16.0/STM32CubeIDE/plugins/com.st.stm32cube.ide.mcu.externaltools.gnu-tools-for-stm32.12.3.rel1.win32_1.0.200.202406191623/tools/bin/../lib/gcc/arm-none-eabi/12.3.1/../../../../arm-none-eabi/lib/thumb/v7e-m+fp/hard\libc_nano.a(libc_a-mallocr.o)
                              D:/SOFT/STM32CubeIDE_1.16.0/STM32CubeIDE/plugins/com.st.stm32cube.ide.mcu.externaltools.gnu-tools-for-stm32.12.3.rel1.win32_1.0.200.202406191623/tools/bin/../lib/gcc/arm-none-eabi/12.3.1/../../../../arm-none-eabi/lib/thumb/v7e-m+fp/hard\libc_nano.a(libc_a-malloc.o) (_malloc_r)
D:/SOFT/STM32CubeIDE_1.16.0/STM32CubeIDE/plugins/com.st.stm32cube.ide.mcu.externaltools.gnu-tools-for-stm32.12.3.rel1.win32_1.0.200.202406191623/tools/bin/../lib/gcc/arm-none-eabi/12.3.1/../../../../arm-none-eabi/lib/thumb/v7e-m+fp/hard\libc_nano.a(libc_a-mlock.o)
                              D:/SOFT/STM32CubeIDE_1.16.0/STM32CubeIDE/plugins/com.st.stm32cube.ide.mcu.externaltools.gnu-tools-for-stm32.12.3.rel1.win32_1.0.200.202406191623/tools/bin/../lib/gcc/arm-none-eabi/12.3.1/../../../../arm-none-eabi/lib/thumb/v7e-m+fp/hard\libc_nano.a(libc_a-mallocr.o) (__malloc_lock)
D:/SOFT/STM32CubeIDE_1.16.0/STM32CubeIDE/plugins/com.st.stm32cube.ide.mcu.externaltools.gnu-tools-for-stm32.12.3.rel1.win32_1.0.200.202406191623/tools/bin/../lib/gcc/arm-none-eabi/12.3.1/../../../../arm-none-eabi/lib/thumb/v7e-m+fp/hard\libc_nano.a(libc_a-findfp.o)
                              D:/SOFT/STM32CubeIDE_1.16.0/STM32CubeIDE/plugins/com.st.stm32cube.ide.mcu.externaltools.gnu-tools-for-stm32.12.3.rel1.win32_1.0.200.202406191623/tools/bin/../lib/gcc/arm-none-eabi/12.3.1/../../../../arm-none-eabi/lib/thumb/v7e-m+fp/hard\libc_nano.a(libc_a-exit.o) (__stdio_exit_handler)
D:/SOFT/STM32CubeIDE_1.16.0/STM32CubeIDE/plugins/com.st.stm32cube.ide.mcu.externaltools.gnu-tools-for-stm32.12.3.rel1.win32_1.0.200.202406191623/tools/bin/../lib/gcc/arm-none-eabi/12.3.1/../../../../arm-none-eabi/lib/thumb/v7e-m+fp/hard\libc_nano.a(libc_a-fwalk.o)
                              D:/SOFT/STM32CubeIDE_1.16.0/STM32CubeIDE/plugins/com.st.stm32cube.ide.mcu.externaltools.gnu-tools-for-stm32.12.3.rel1.win32_1.0.200.202406191623/tools/bin/../lib/gcc/arm-none-eabi/12.3.1/../../../../arm-none-eabi/lib/thumb/v7e-m+fp/hard\libc_nano.a(libc_a-findfp.o) (_fwalk_sglue)
D:/SOFT/STM32CubeIDE_1.16.0/STM32CubeIDE/plugins/com.st.stm32cube.ide.mcu.externaltools.gnu-tools-for-stm32.12.3.rel1.win32_1.0.200.202406191623/tools/bin/../lib/gcc/arm-none-eabi/12.3.1/../../../../arm-none-eabi/lib/thumb/v7e-m+fp/hard\libc_nano.a(libc_a-snprintf.o)
                              ./Core/Src/main.o (snprintf)
D:/SOFT/STM32CubeIDE_1.16.0/STM32CubeIDE/plugins/com.st.stm32cube.ide.mcu.externaltools.gnu-tools-for-stm32.12.3.rel1.win32_1.0.200.202406191623/tools/bin/../lib/gcc/arm-none-eabi/12.3.1/../../../../arm-none-eabi/lib/thumb/v7e-m+fp/hard\libc_nano.a(libc_a-stdio.o)
                              D:/SOFT/STM32CubeIDE_1.16.0/STM32CubeIDE/plugins/com.st.stm32cube.ide.mcu.externaltools.gnu-tools-for-stm32.12.3.rel1.win32_1.0.200.202406191623/tools/bin/../lib/gcc/arm-none-eabi/12.3.1/../../../../arm-none-eabi/lib/thumb/v7e-m+fp/hard\libc_nano.a(libc_a-findfp.o) (__sread)
D:/SOFT/STM32CubeIDE_1.16.0/STM32CubeIDE/plugins/com.st.stm32cube.ide.mcu.externaltools.gnu-tools-for-stm32.12.3.rel1.win32_1.0.200.202406191623/tools/bin/../lib/gcc/arm-none-eabi/12.3.1/../../../../arm-none-eabi/lib/thumb/v7e-m+fp/hard\libc_nano.a(libc_a-memcmp.o)
                              ./Core/Src/main.o (memcmp)
D:/SOFT/STM32CubeIDE_1.16.0/STM32CubeIDE/plugins/com.st.stm32cube.ide.mcu.externaltools.gnu-tools-for-stm32.12.3.rel1.win32_1.0.200.202406191623/tools/bin/../lib/gcc/arm-none-eabi/12.3.1/../../../../arm-none-eabi/lib/thumb/v7e-m+fp/hard\libc_nano.a(libc_a-memset.o)
[...]
Memory Configuration

Name             Origin             Length             Attributes
CCMRAM           0x10000000         0x00010000         xrw
RAM              0x20000000         0x00030000         xrw
FLASH            0x08000000         0x00200000         xr
*default*        0x00000000         0xffffffff

Linker script and memory map

LOAD D:/SOFT/STM32CubeIDE_1.16.0/STM32CubeIDE/plugins/com.st.stm32cube.ide.mcu.externaltools.gnu-tools-for-stm32.12.3.rel1.win32_1.0.200.202406191623/tools/bin/../lib/gcc/arm-none-eabi/12.3.1/thumb/v7e-m+fp/hard/crti.o
LOAD D:/SOFT/STM32CubeIDE_1.16.0/STM32CubeIDE/plugins/com.st.stm32cube.ide.mcu.externaltools.gnu-tools-for-stm32.12.3.rel1.win32_1.0.200.202406191623/tools/bin/../lib/gcc/arm-none-eabi/12.3.1/thumb/v7e-m+fp/hard/crtbegin.o
LOAD D:/SOFT/STM32CubeIDE_1.16.0/STM32CubeIDE/plugins/com.st.stm32cube.ide.mcu.externaltools.gnu-tools-for-stm32.12.3.rel1.win32_1.0.200.202406191623/tools/bin/../lib/gcc/arm-none-eabi/12.3.1/../../../../arm-none-eabi/lib/thumb/v7e-m+fp/hard/crt0.o
LOAD ./Core/Src/display.o
LOAD ./Core/Src/flash_r_w.o
LOAD ./Core/Src/main.o
LOAD ./Core/Src/stm32f4xx_hal_msp.o
LOAD ./Core/Src/stm32f4xx_it.o
LOAD ./Core/Src/syscalls.o
LOAD ./Core/Src/sysmem.o
LOAD ./Core/Src/system_stm32f4xx.o
LOAD ./Core/Startup/startup_stm32f429zitx.o
LOAD ./Drivers/STM32F4xx_HAL_Driver/Src/stm32f4xx_hal.o
LOAD ./Drivers/STM32F4xx_HAL_Driver/Src/stm32f4xx_hal_cortex.o
LOAD ./Drivers/STM32F4xx_HAL_Driver/Src/stm32f4xx_hal_dma.o
LOAD ./Drivers/STM32F4xx_HAL_Driver/Src/stm32f4xx_hal_dma_ex.o
LOAD ./Drivers/STM32F4xx_HAL_Driver/Src/stm32f4xx_hal_exti.o
LOAD ./Drivers/STM32F4xx_HAL_Driver/Src/stm32f4xx_hal_flash.o
LOAD ./Drivers/STM32F4xx_HAL_Driver/Src/stm32f4xx_hal_flash_ex.o
LOAD ./Drivers/STM32F4xx_HAL_Driver/Src/stm32f4xx_hal_flash_ramfunc.o
LOAD ./Drivers/STM32F4xx_HAL_Driver/Src/stm32f4xx_hal_gpio.o
LOAD ./Drivers/STM32F4xx_HAL_Driver/Src/stm32f4xx_hal_hcd.o
LOAD ./Drivers/STM32F4xx_HAL_Driver/Src/stm32f4xx_hal_pwr.o
LOAD ./Drivers/STM32F4xx_HAL_Driver/Src/stm32f4xx_hal_pwr_ex.o
LOAD ./Drivers/STM32F4xx_HAL_Driver/Src/stm32f4xx_hal_rcc.o
LOAD ./Drivers/STM32F4xx_HAL_Driver/Src/stm32f4xx_hal_rcc_ex.o
LOAD ./Drivers/STM32F4xx_HAL_Driver/Src/stm32f4xx_hal_tim.o
LOAD ./Drivers/STM32F4xx_HAL_Driver/Src/stm32f4xx_hal_tim_ex.o
LOAD ./Drivers/STM32F4xx_HAL_Driver/Src/stm32f4xx_hal_uart.o
LOAD ./Drivers/STM32F4xx_HAL_Driver/Src/stm32f4xx_ll_usb.o
LOAD ./FATFS/App/fatfs.o
LOAD ./FATFS/Target/usbh_diskio.o
LOAD ./Middlewares/ST/STM32_USB_Host_Library/Class/MSC/Src/usbh_msc.o
LOAD ./Middlewares/ST/STM32_USB_Host_Library/Class/MSC/Src/usbh_msc_bot.o
LOAD ./Middlewares/ST/STM32_USB_Host_Library/Class/MSC/Src/usbh_msc_scsi.o
LOAD ./Middlewares/ST/STM32_USB_Host_Library/Core/Src/usbh_core.o
LOAD ./Middlewares/ST/STM32_USB_Host_Library/Core/Src/usbh_ctlreq.o
LOAD ./Middlewares/ST/STM32_USB_Host_Library/Core/Src/usbh_ioreq.o
LOAD ./Middlewares/ST/STM32_USB_Host_Library/Core/Src/usbh_pipes.o
LOAD ./Middlewares/Third_Party/FatFs/src/diskio.o
LOAD ./Middlewares/Third_Party/FatFs/src/ff.o
LOAD ./Middlewares/Third_Party/FatFs/src/ff_gen_drv.o
LOAD ./Middlewares/Third_Party/FatFs/src/option/ccsbcs.o
LOAD ./Middlewares/Third_Party/FatFs/src/option/syscall.o
LOAD ./USB_HOST/App/usb_host.o
LOAD ./USB_HOST/Target/usbh_conf.o
LOAD ./USB_HOST/Target/usbh_platform.o
START GROUP
LOAD D:/SOFT/STM32CubeIDE_1.16.0/STM32CubeIDE/plugins/com.st.stm32cube.ide.mcu.externaltools.gnu-tools-for-stm32.12.3.rel1.win32_1.0.200.202406191623/tools/bin/../lib/gcc/arm-none-eabi/12.3.1/../../../../arm-none-eabi/lib/thumb/v7e-m+fp/hard\libc_nano.a
LOAD D:/SOFT/STM32CubeIDE_1.16.0/STM32CubeIDE/plugins/com.st.stm32cube.ide.mcu.externaltools.gnu-tools-for-stm32.12.3.rel1.win32_1.0.200.202406191623/tools/bin/../lib/gcc/arm-none-eabi/12.3.1/../../../../arm-none-eabi/lib/thumb/v7e-m+fp/hard\libm.a
END GROUP
START GROUP
LOAD D:/SOFT/STM32CubeIDE_1.16.0/STM32CubeIDE/plugins/com.st.stm32cube.ide.mcu.externaltools.gnu-tools-for-stm32.12.3.rel1.win32_1.0.200.202406191623/tools/bin/../lib/gcc/arm-none-eabi/12.3.1/thumb/v7e-m+fp/hard\libgcc.a
LOAD D:/SOFT/STM32CubeIDE_1.16.0/STM32CubeIDE/plugins/com.st.stm32cube.ide.mcu.externaltools.gnu-tools-for-stm32.12.3.rel1.win32_1.0.200.202406191623/tools/bin/../lib/gcc/arm-none-eabi/12.3.1/../../../../arm-none-eabi/lib/thumb/v7e-m+fp/hard\libc_nano.a
END GROUP
START GROUP
LOAD D:/SOFT/STM32CubeIDE_1.16.0/STM32CubeIDE/plugins/com.st.stm32cube.ide.mcu.externaltools.gnu-tools-for-stm32.12.3.rel1.win32_1.0.200.202406191623/tools/bin/../lib/gcc/arm-none-eabi/12.3.1/thumb/v7e-m+fp/hard\libgcc.a
LOAD D:/SOFT/STM32CubeIDE_1.16.0/STM32CubeIDE/plugins/com.st.stm32cube.ide.mcu.externaltools.gnu-tools-for-stm32.12.3.rel1.win32_1.0.200.202406191623/tools/bin/../lib/gcc/arm-none-eabi/12.3.1/../../../../arm-none-eabi/lib/thumb/v7e-m+fp/hard\libc_nano.a
LOAD D:/SOFT/STM32CubeIDE_1.16.0/STM32CubeIDE/plugins/com.st.stm32cube.ide.mcu.externaltools.gnu-tools-for-stm32.12.3.rel1.win32_1.0.200.202406191623/tools/bin/../lib/gcc/arm-none-eabi/12.3.1/../../../../arm-none-eabi/lib/thumb/v7e-m+fp/hard\libnosys.a
END GROUP
START GROUP
LOAD D:/SOFT/STM32CubeIDE_1.16.0/STM32CubeIDE/plugins/com.st.stm32cube.ide.mcu.externaltools.gnu-tools-for-stm32.12.3.rel1.win32_1.0.200.202406191623/tools/bin/../lib/gcc/arm-none-eabi/12.3.1/thumb/v7e-m+fp/hard\libgcc.a
LOAD D:/SOFT/STM32CubeIDE_1.16.0/STM32CubeIDE/plugins/com.st.stm32cube.ide.mcu.externaltools.gnu-tools-for-stm32.12.3.rel1.win32_1.0.200.202406191623/tools/bin/../lib/gcc/arm-none-eabi/12.3.1/../../../../arm-none-eabi/lib/thumb/v7e-m+fp/hard\libc_nano.a
LOAD D:/SOFT/STM32CubeIDE_1.16.0/STM32CubeIDE/plugins/com.st.stm32cube.ide.mcu.externaltools.gnu-tools-for-stm32.12.3.rel1.win32_1.0.200.202406191623/tools/bin/../lib/gcc/arm-none-eabi/12.3.1/../../../../arm-none-eabi/lib/thumb/v7e-m+fp/hard\libnosys.a
END GROUP
LOAD D:/SOFT/STM32CubeIDE_1.16.0/STM32CubeIDE/plugins/com.st.stm32cube.ide.mcu.externaltools.gnu-tools-for-stm32.12.3.rel1.win32_1.0.200.202406191623/tools/bin/../lib/gcc/arm-none-eabi/12.3.1/thumb/v7e-m+fp/hard/crtend.o
LOAD D:/SOFT/STM32CubeIDE_1.16.0/STM32CubeIDE/plugins/com.st.stm32cube.ide.mcu.externaltools.gnu-tools-for-stm32.12.3.rel1.win32_1.0.200.202406191623/tools/bin/../lib/gcc/arm-none-eabi/12.3.1/thumb/v7e-m+fp/hard/crtn.o
                0x20030000                        _estack = (ORIGIN (RAM) + LENGTH (RAM))
                0x00000400                        _Min_Heap_Size = 0x400
                0x00000400                        _Min_Stack_Size = 0x400

.isr_vector     0x08000000      0x1ac
                0x08000000                        . = ALIGN (0x4)
 *(.isr_vector)
 .isr_vector    0x08000000      0x1ac ./Core/Startup/startup_stm32f429zitx.o
                0x08000000                g_pfnVectors
                0x080001ac                        . = ALIGN (0x4)

.text           0x080001b0     0x94e0
                0x080001b0                        . = ALIGN (0x4)
 *(.text)
 .text          0x080001b0       0x40 D:/SOFT/STM32CubeIDE_1.16.0/STM32CubeIDE/plugins/com.st.stm32cube.ide.mcu.externaltools.gnu-tools-for-stm32.12.3.rel1.win32_1.0.200.202406191623/tools/bin/../lib/gcc/arm-none-eabi/12.3.1/thumb/v7e-m+fp/hard/crtbegin.o
 .text          0x080001f0       0x10 D:/SOFT/STM32CubeIDE_1.16.0/STM32CubeIDE/plugins/com.st.stm32cube.ide.mcu.externaltools.gnu-tools-for-stm32.12.3.rel1.win32_1.0.200.202406191623/tools/bin/../lib/gcc/arm-none-eabi/12.3.1/../../../../arm-none-eabi/lib/thumb/v7e-m+fp/hard\libc_nano.a(libc_a-strlen.o)
                0x080001f0                strlen
 .text          0x08000200       0xa0 D:/SOFT/STM32CubeIDE_1.16.0/STM32CubeIDE/plugins/com.st.stm32cube.ide.mcu.externaltools.gnu-tools-for-stm32.12.3.rel1.win32_1.0.200.202406191623/tools/bin/../lib/gcc/arm-none-eabi/12.3.1/../../../../arm-none-eabi/lib/thumb/v7e-m+fp/hard\libc_nano.a(libc_a-memchr.o)
                0x08000200                memchr
 .text          0x080002a0       0x30 D:/SOFT/STM32CubeIDE_1.16.0/STM32CubeIDE/plugins/com.st.stm32cube.ide.mcu.externaltools.gnu-tools-for-stm32.12.3.rel1.win32_1.0.200.202406191623/tools/bin/../lib/gcc/arm-none-eabi/12.3.1/thumb/v7e-m+fp/hard\libgcc.a(_aeabi_uldivmod.o)
                0x080002a0                __aeabi_uldivmod
 .text          0x080002d0      0x2bc D:/SOFT/STM32CubeIDE_1.16.0/STM32CubeIDE/plugins/com.st.stm32cube.ide.mcu.externaltools.gnu-tools-for-stm32.12.3.rel1.win32_1.0.200.202406191623/tools/bin/../lib/gcc/arm-none-eabi/12.3.1/thumb/v7e-m+fp/hard\libgcc.a(_udivmoddi4.o)
                0x080002d0                __udivmoddi4
 .text          0x0800058c        0x4 D:/SOFT/STM32CubeIDE_1.16.0/STM32CubeIDE/plugins/com.st.stm32cube.ide.mcu.externaltools.gnu-tools-for-stm32.12.3.rel1.win32_1.0.200.202406191623/tools/bin/../lib/gcc/arm-none-eabi/12.3.1/thumb/v7e-m+fp/hard\libgcc.a(_dvmd_tls.o)
                0x0800058c                __aeabi_idiv0
                0x0800058c                __aeabi_ldiv0
 *(.text*)
 .text.DispIntToStr
                0x08000590       0x5c ./Core/Src/display.o
                0x08000590                DispIntToStr
 .text.ButtonHandler
                0x080005ec      0x298 ./Core/Src/display.o
                0x080005ec                ButtonHandler
 .text.HAL_UART_TxCpltCallback
                0x08000884       0x30 ./Core/Src/display.o
                0x08000884                HAL_UART_TxCpltCallback
 .text.DispInit
                0x080008b4       0x80 ./Core/Src/display.o
                0x080008b4                DispInit
 .text.MenuSysMsgFill
                0x08000934       0x64 ./Core/Src/display.o
                0x08000934                MenuSysMsgFill
 .text.DispTask
                0x08000998      0x4d4 ./Core/Src/display.o
                0x08000998                DispTask
 .text.HAL_TIM_PeriodElapsedCallback
                0x08000e6c       0x48 ./Core/Src/display.o
                0x08000e6c                HAL_TIM_PeriodElapsedCallback
 .text.Find_BIN_Files_In_Dir
                0x08000eb4       0xf0 ./Core/Src/main.o
 .text.SystemClock_Config
                0x08000fa4       0xa4 ./Core/Src/main.o
                0x08000fa4                SystemClock_Config
 .text.Jump_To_Main_Application
                0x08001048       0x54 ./Core/Src/main.o
                0x08001048                Jump_To_Main_Application
 .text.Work_With_File_in_the_USB_Flash
                0x0800109c      0x250 ./Core/Src/main.o
                0x0800109c                Work_With_File_in_the_USB_Flash
 .text.Read_Firmware_Version_From_File
                0x080012ec       0xf0 ./Core/Src/main.o
                0x080012ec                Read_Firmware_Version_From_File
 .text.Try_Finde_BIN_File
                0x080013dc       0x4c ./Core/Src/main.o
                0x080013dc                Try_Finde_BIN_File
 .text.startup.main
                0x08001428      0x298 ./Core/Src/main.o
                0x08001428                main
 .text.Error_Handler
                0x080016c0        0x4 ./Core/Src/main.o
                0x080016c0                Error_Handler
 .text.HAL_MspInit
                0x080016c4       0x48 ./Core/Src/stm32f4xx_hal_msp.o
                0x080016c4                HAL_MspInit
 .text.HAL_TIM_Base_MspInit
                0x0800170c       0x44 ./Core/Src/stm32f4xx_hal_msp.o
                0x0800170c                HAL_TIM_Base_MspInit
 .text.HAL_UART_MspInit
                0x08001750       0xb8 ./Core/Src/stm32f4xx_hal_msp.o
                0x08001750                HAL_UART_MspInit
 .text.NMI_Handler
                0x08001808        0x2 ./Core/Src/stm32f4xx_it.o
                0x08001808                NMI_Handler
 .text.HardFault_Handler
                0x0800180a        0x2 ./Core/Src/stm32f4xx_it.o
                0x0800180a                HardFault_Handler
 .text.MemManage_Handler
                0x0800180c        0x2 ./Core/Src/stm32f4xx_it.o
                0x0800180c                MemManage_Handler
 .text.BusFault_Handler
                0x0800180e        0x2 ./Core/Src/stm32f4xx_it.o
                0x0800180e                BusFault_Handler
 .text.UsageFault_Handler
                0x08001810        0x2 ./Core/Src/stm32f4xx_it.o
                0x08001810                UsageFault_Handler
 .text.SVC_Handler
                0x08001812        0x2 ./Core/Src/stm32f4xx_it.o
                0x08001812                SVC_Handler
 .text.DebugMon_Handler
                0x08001814        0x2 ./Core/Src/stm32f4xx_it.o
                0x08001814                DebugMon_Handler
 .text.PendSV_Handler
                0x08001816        0x2 ./Core/Src/stm32f4xx_it.o
                0x08001816                PendSV_Handler
 .text.SysTick_Handler
                0x08001818        0x4 ./Core/Src/stm32f4xx_it.o
                0x08001818                SysTick_Handler
 .text.RCC_IRQHandler
                0x0800181c        0x2 ./Core/Src/stm32f4xx_it.o
                0x0800181c                RCC_IRQHandler
 *fill*         0x0800181e        0x2 
 .text.DMA1_Stream6_IRQHandler
                0x08001820        0xc ./Core/Src/stm32f4xx_it.o
                0x08001820                DMA1_Stream6_IRQHandler
 .text.EXTI9_5_IRQHandler
                0x0800182c       0x16 ./Core/Src/stm32f4xx_it.o
                0x0800182c                EXTI9_5_IRQHandler
 *fill*         0x08001842        0x2 
 .text.USART2_IRQHandler
                0x08001844        0xc ./Core/Src/stm32f4xx_it.o
                0x08001844                USART2_IRQHandler
 .text.EXTI15_10_IRQHandler
                0x08001850       0x16 ./Core/Src/stm32f4xx_it.o
                0x08001850                EXTI15_10_IRQHandler
 *fill*         0x08001866        0x2 
 .text.TIM5_IRQHandler
                0x08001868        0xc ./Core/Src/stm32f4xx_it.o
                0x08001868                TIM5_IRQHandler
 .text.OTG_FS_IRQHandler
                0x08001874        0xc ./Core/Src/stm32f4xx_it.o
                0x08001874                OTG_FS_IRQHandler
 .text._sbrk    0x08001880       0x40 ./Core/Src/sysmem.o
                0x08001880                _sbrk
 .text.SystemInit
                0x080018c0       0x14 ./Core/Src/system_stm32f4xx.o
                0x080018c0                SystemInit
 .text.Reset_Handler
                0x080018d4       0x50 ./Core/Startup/startup_stm32f429zitx.o
                0x080018d4                Reset_Handler
 .text.Default_Handler
                0x08001924        0x2 ./Core/Startup/startup_stm32f429zitx.o
                0x08001924                RTC_Alarm_IRQHandler
                0x08001924                HASH_RNG_IRQHandler
                0x08001924                EXTI2_IRQHandler
                0x08001924                TIM8_CC_IRQHandler
                0x08001924                UART8_IRQHandler
                0x08001924                SPI4_IRQHandler
                0x08001924                TIM1_CC_IRQHandler
                0x08001924                DMA2_Stream5_IRQHandler
                0x08001924                DMA1_Stream5_IRQHandler
                0x08001924                PVD_IRQHandler
                0x08001924                SDIO_IRQHandler
                0x08001924                TAMP_STAMP_IRQHandler
                0x08001924                CAN2_RX1_IRQHandler
                0x08001924                EXTI3_IRQHandler
                0x08001924                TIM8_TRG_COM_TIM14_IRQHandler
                0x08001924                TIM1_UP_TIM10_IRQHandler
                0x08001924                TIM8_UP_TIM13_IRQHandler
                0x08001924                I2C3_ER_IRQHandler
                0x08001924                EXTI0_IRQHandler
                0x08001924                I2C2_EV_IRQHandler
                0x08001924                DMA1_Stream2_IRQHandler
                0x08001924                CAN1_RX0_IRQHandler
                0x08001924                FPU_IRQHandler
                0x08001924                OTG_HS_WKUP_IRQHandler
                0x08001924                LTDC_ER_IRQHandler
                0x08001924                CAN2_SCE_IRQHandler
                0x08001924                DMA2_Stream2_IRQHandler
                0x08001924                SPI1_IRQHandler
                0x08001924                TIM6_DAC_IRQHandler
                0x08001924                TIM1_BRK_TIM9_IRQHandler
                0x08001924                DCMI_IRQHandler
                0x08001924                CAN2_RX0_IRQHandler
                0x08001924                DMA2_Stream3_IRQHandler
                0x08001924                USART6_IRQHandler
                0x08001924                USART3_IRQHandler
                0x08001924                CAN1_RX1_IRQHandler
                0x08001924                UART5_IRQHandler
                0x08001924                DMA2_Stream0_IRQHandler
                0x08001924                TIM4_IRQHandler
                0x08001924                I2C1_EV_IRQHandler
                0x08001924                DMA1_Stream1_IRQHandler
                0x08001924                UART4_IRQHandler
                0x08001924                TIM3_IRQHandler
                0x08001924                TIM8_BRK_TIM12_IRQHandler
                0x08001924                Default_Handler
                0x08001924                ADC_IRQHandler
                0x08001924                DMA1_Stream7_IRQHandler
                0x08001924                SPI5_IRQHandler
                0x08001924                TIM7_IRQHandler
                0x08001924                CAN2_TX_IRQHandler
                0x08001924                DMA2_Stream7_IRQHandler
                0x08001924                I2C3_EV_IRQHandler
                0x08001924                RTC_WKUP_IRQHandler
                0x08001924                LTDC_IRQHandler
                0x08001924                ETH_WKUP_IRQHandler
                0x08001924                SPI2_IRQHandler
                0x08001924                OTG_HS_EP1_IN_IRQHandler
                0x08001924                DMA1_Stream0_IRQHandler
                0x08001924                CAN1_TX_IRQHandler
                0x08001924                EXTI4_IRQHandler
                0x08001924                ETH_IRQHandler
                0x08001924                OTG_HS_EP1_OUT_IRQHandler
                0x08001924                WWDG_IRQHandler
                0x08001924                SPI6_IRQHandler
                0x08001924                TIM2_IRQHandler
                0x08001924                OTG_FS_WKUP_IRQHandler
                0x08001924                TIM1_TRG_COM_TIM11_IRQHandler
                0x08001924                OTG_HS_IRQHandler
                0x08001924                DMA2D_IRQHandler
                0x08001924                EXTI1_IRQHandler
                0x08001924                UART7_IRQHandler
                0x08001924                I2C2_ER_IRQHandler
                0x08001924                DMA2_Stream1_IRQHandler
                0x08001924                CAN1_SCE_IRQHandler
                0x08001924                FLASH_IRQHandler
                0x08001924                DMA2_Stream4_IRQHandler
                0x08001924                USART1_IRQHandler
                0x08001924                SPI3_IRQHandler
                0x08001924                DMA1_Stream4_IRQHandler
                0x08001924                I2C1_ER_IRQHandler
                0x08001924                FMC_IRQHandler
                0x08001924                DMA2_Stream6_IRQHandler
                0x08001924                SAI1_IRQHandler
                0x08001924                DMA1_Stream3_IRQHandler
 .text.HAL_MspDeInit
                0x08001926        0x2 ./Drivers/STM32F4xx_HAL_Driver/Src/stm32f4xx_hal.o
                0x08001926                HAL_MspDeInit
 .text.HAL_DeInit
                0x08001928       0x3c ./Drivers/STM32F4xx_HAL_Driver/Src/stm32f4xx_hal.o
                0x08001928                HAL_DeInit
 .text.HAL_InitTick
                0x08001964       0x48 ./Drivers/STM32F4xx_HAL_Driver/Src/stm32f4xx_hal.o
                0x08001964                HAL_InitTick
 .text.HAL_Init
                0x080019ac       0x34 ./Drivers/STM32F4xx_HAL_Driver/Src/stm32f4xx_hal.o
                0x080019ac                HAL_Init
 .text.HAL_IncTick
                0x080019e0       0x18 ./Drivers/STM32F4xx_HAL_Driver/Src/stm32f4xx_hal.o
                0x080019e0                HAL_IncTick
 .text.HAL_GetTick
                0x080019f8        0xc ./Drivers/STM32F4xx_HAL_Driver/Src/stm32f4xx_hal.o
                0x080019f8                HAL_GetTick
 .text.HAL_Delay
                0x08001a04       0x28 ./Drivers/STM32F4xx_HAL_Driver/Src/stm32f4xx_hal.o
                0x08001a04                HAL_Delay
 .text.HAL_NVIC_SetPriorityGrouping
                0x08001a2c       0x24 ./Drivers/STM32F4xx_HAL_Driver/Src/stm32f4xx_hal_cortex.o
                0x08001a2c                HAL_NVIC_SetPriorityGrouping
 .text.HAL_NVIC_SetPriority
                0x08001a50       0x64 ./Drivers/STM32F4xx_HAL_Driver/Src/stm32f4xx_hal_cortex.o
                0x08001a50                HAL_NVIC_SetPriority
 .text.HAL_NVIC_EnableIRQ
                0x08001ab4       0x1c ./Drivers/STM32F4xx_HAL_Driver/Src/stm32f4xx_hal_cortex.o
                0x08001ab4                HAL_NVIC_EnableIRQ
 .text.HAL_NVIC_SystemReset
                0x08001ad0       0x24 ./Drivers/STM32F4xx_HAL_Driver/Src/stm32f4xx_hal_cortex.o
                0x08001ad0                HAL_NVIC_SystemReset
 .text.HAL_SYSTICK_Config
                0x08001af4       0x28 ./Drivers/STM32F4xx_HAL_Driver/Src/stm32f4xx_hal_cortex.o
                0x08001af4                HAL_SYSTICK_Config
 .text.DMA_CalcBaseAndBitshift
                0x08001b1c       0x2c ./Drivers/STM32F4xx_HAL_Driver/Src/stm32f4xx_hal_dma.o
 .text.HAL_DMA_Init
                0x08001b48       0xfc ./Drivers/STM32F4xx_HAL_Driver/Src/stm32f4xx_hal_dma.o
                0x08001b48                HAL_DMA_Init
 .text.HAL_DMA_Start_IT
                0x08001c44       0x72 ./Drivers/STM32F4xx_HAL_Driver/Src/stm32f4xx_hal_dma.o
                0x08001c44                HAL_DMA_Start_IT
 .text.HAL_DMA_Abort
                0x08001cb6       0x7c ./Drivers/STM32F4xx_HAL_Driver/Src/stm32f4xx_hal_dma.o
                0x08001cb6                HAL_DMA_Abort
 .text.HAL_DMA_Abort_IT
                0x08001d32       0x24 ./Drivers/STM32F4xx_HAL_Driver/Src/stm32f4xx_hal_dma.o
                0x08001d32                HAL_DMA_Abort_IT
 *fill*         0x08001d56        0x2 
 .text.HAL_DMA_IRQHandler
                0x08001d58      0x17c ./Drivers/STM32F4xx_HAL_Driver/Src/stm32f4xx_hal_dma.o
                0x08001d58                HAL_DMA_IRQHandler
 .text.FLASH_Program_DoubleWord
                0x08001ed4       0x2c ./Drivers/STM32F4xx_HAL_Driver/Src/stm32f4xx_hal_flash.o
 .text.FLASH_Program_Word
                0x08001f00       0x24 ./Drivers/STM32F4xx_HAL_Driver/Src/stm32f4xx_hal_flash.o
 .text.FLASH_Program_HalfWord
                0x08001f24       0x24 ./Drivers/STM32F4xx_HAL_Driver/Src/stm32f4xx_hal_flash.o
 .text.FLASH_SetErrorCode
                0x08001f48       0x8c ./Drivers/STM32F4xx_HAL_Driver/Src/stm32f4xx_hal_flash.o
 .text.HAL_FLASH_Unlock
                0x08001fd4       0x24 ./Drivers/STM32F4xx_HAL_Driver/Src/stm32f4xx_hal_flash.o
                0x08001fd4                HAL_FLASH_Unlock
 .text.HAL_FLASH_Lock
                0x08001ff8       0x14 ./Drivers/STM32F4xx_HAL_Driver/Src/stm32f4xx_hal_flash.o
                0x08001ff8                HAL_FLASH_Lock
 .text.FLASH_WaitForLastOperation
                0x0800200c       0x50 ./Drivers/STM32F4xx_HAL_Driver/Src/stm32f4xx_hal_flash.o
                0x0800200c                FLASH_WaitForLastOperation
 .text.HAL_FLASH_Program
                0x0800205c       0x8c ./Drivers/STM32F4xx_HAL_Driver/Src/stm32f4xx_hal_flash.o
                0x0800205c                HAL_FLASH_Program
 .text.FLASH_MassErase
                0x080020e8       0x38 ./Drivers/STM32F4xx_HAL_Driver/Src/stm32f4xx_hal_flash_ex.o
 .text.FLASH_Erase_Sector
                0x08002120       0x44 ./Drivers/STM32F4xx_HAL_Driver/Src/stm32f4xx_hal_flash_ex.o
                0x08002120                FLASH_Erase_Sector
 .text.FLASH_FlushCaches
                0x08002164       0x58 ./Drivers/STM32F4xx_HAL_Driver/Src/stm32f4xx_hal_flash_ex.o
                0x08002164                FLASH_FlushCaches
 .text.HAL_FLASHEx_Erase
                0x080021bc       0xa8 ./Drivers/STM32F4xx_HAL_Driver/Src/stm32f4xx_hal_flash_ex.o
                0x080021bc                HAL_FLASHEx_Erase
 .text.HAL_GPIO_Init
                0x08002264      0x1c8 ./Drivers/STM32F4xx_HAL_Driver/Src/stm32f4xx_hal_gpio.o
                0x08002264                HAL_GPIO_Init
 .text.HAL_GPIO_ReadPin
                0x0800242c        0xc ./Drivers/STM32F4xx_HAL_Driver/Src/stm32f4xx_hal_gpio.o
                0x0800242c                HAL_GPIO_ReadPin
 .text.HAL_GPIO_WritePin
                0x08002438        0xa ./Drivers/STM32F4xx_HAL_Driver/Src/stm32f4xx_hal_gpio.o
                0x08002438                HAL_GPIO_WritePin
 .text.HAL_GPIO_TogglePin
                0x08002442       0x12 ./Drivers/STM32F4xx_HAL_Driver/Src/stm32f4xx_hal_gpio.o
                0x08002442                HAL_GPIO_TogglePin
 .text.HAL_GPIO_EXTI_Callback
                0x08002454        0x2 ./Drivers/STM32F4xx_HAL_Driver/Src/stm32f4xx_hal_gpio.o
                0x08002454                HAL_GPIO_EXTI_Callback
 *fill*         0x08002456        0x2 
 .text.HAL_GPIO_EXTI_IRQHandler
                0x08002458       0x18 ./Drivers/STM32F4xx_HAL_Driver/Src/stm32f4xx_hal_gpio.o
                0x08002458                HAL_GPIO_EXTI_IRQHandler
 .text.HAL_HCD_HC_Halt
                0x08002470       0x24 ./Drivers/STM32F4xx_HAL_Driver/Src/stm32f4xx_hal_hcd.o
                0x08002470                HAL_HCD_HC_Halt
 .text.HAL_HCD_Init
                0x08002494       0x78 ./Drivers/STM32F4xx_HAL_Driver/Src/stm32f4xx_hal_hcd.o
                0x08002494                HAL_HCD_Init
 .text.HAL_HCD_HC_SubmitRequest
                0x0800250c       0xd0 ./Drivers/STM32F4xx_HAL_Driver/Src/stm32f4xx_hal_hcd.o
                0x0800250c                HAL_HCD_HC_SubmitRequest
 .text.HAL_HCD_IRQHandler
                0x080025dc      0x8c0 ./Drivers/STM32F4xx_HAL_Driver/Src/stm32f4xx_hal_hcd.o
                0x080025dc                HAL_HCD_IRQHandler
 .text.HAL_HCD_Start
                0x08002e9c       0x2a ./Drivers/STM32F4xx_HAL_Driver/Src/stm32f4xx_hal_hcd.o
                0x08002e9c                HAL_HCD_Start
 .text.HAL_HCD_Stop
                0x08002ec6       0x24 ./Drivers/STM32F4xx_HAL_Driver/Src/stm32f4xx_hal_hcd.o
                0x08002ec6                HAL_HCD_Stop
 .text.HAL_HCD_ResetPort
                0x08002eea        0x6 ./Drivers/STM32F4xx_HAL_Driver/Src/stm32f4xx_hal_hcd.o
                0x08002eea                HAL_HCD_ResetPort
 .text.HAL_HCD_HC_GetURBState
                0x08002ef0        0xc ./Drivers/STM32F4xx_HAL_Driver/Src/stm32f4xx_hal_hcd.o
                0x08002ef0                HAL_HCD_HC_GetURBState
 .text.HAL_HCD_HC_GetXferCount
                0x08002efc        0xa ./Drivers/STM32F4xx_HAL_Driver/Src/stm32f4xx_hal_hcd.o
                0x08002efc                HAL_HCD_HC_GetXferCount
 .text.HAL_HCD_GetCurrentFrame
                0x08002f06        0x6 ./Drivers/STM32F4xx_HAL_Driver/Src/stm32f4xx_hal_hcd.o
                0x08002f06                HAL_HCD_GetCurrentFrame
 .text.HAL_HCD_GetCurrentSpeed
                0x08002f0c        0x6 ./Drivers/STM32F4xx_HAL_Driver/Src/stm32f4xx_hal_hcd.o
                0x08002f0c                HAL_HCD_GetCurrentSpeed
 .text.HAL_HCD_HC_ClearHubInfo
                0x08002f12        0xe ./Drivers/STM32F4xx_HAL_Driver/Src/stm32f4xx_hal_hcd.o
                0x08002f12                HAL_HCD_HC_ClearHubInfo
 .text.HAL_HCD_HC_Init
                0x08002f20       0x96 ./Drivers/STM32F4xx_HAL_Driver/Src/stm32f4xx_hal_hcd.o
                0x08002f20                HAL_HCD_HC_Init
 *fill*         0x08002fb6        0x2 
 .text.HAL_RCC_OscConfig
                0x08002fb8      0x35c ./Drivers/STM32F4xx_HAL_Driver/Src/stm32f4xx_hal_rcc.o
                0x08002fb8                HAL_RCC_OscConfig
 .text.HAL_RCC_GetSysClockFreq
                0x08003314       0x5c ./Drivers/STM32F4xx_HAL_Driver/Src/stm32f4xx_hal_rcc.o
                0x08003314                HAL_RCC_GetSysClockFreq
 .text.HAL_RCC_ClockConfig
                0x08003370      0x134 ./Drivers/STM32F4xx_HAL_Driver/Src/stm32f4xx_hal_rcc.o
                0x08003370                HAL_RCC_ClockConfig
 .text.HAL_RCC_GetPCLK1Freq
                0x080034a4       0x20 ./Drivers/STM32F4xx_HAL_Driver/Src/stm32f4xx_hal_rcc.o
                0x080034a4                HAL_RCC_GetPCLK1Freq
 .text.HAL_RCC_GetPCLK2Freq
                0x080034c4       0x20 ./Drivers/STM32F4xx_HAL_Driver/Src/stm32f4xx_hal_rcc.o
                0x080034c4                HAL_RCC_GetPCLK2Freq
 .text.HAL_RCC_DeInit
                0x080034e4      0x158 ./Drivers/STM32F4xx_HAL_Driver/Src/stm32f4xx_hal_rcc_ex.o
                0x080034e4                HAL_RCC_DeInit
 .text.HAL_TIM_Base_Start_IT
                0x0800363c       0x74 ./Drivers/STM32F4xx_HAL_Driver/Src/stm32f4xx_hal_tim.o
                0x0800363c                HAL_TIM_Base_Start_IT
 .text.HAL_TIM_OC_DelayElapsedCallback
                0x080036b0        0x2 ./Drivers/STM32F4xx_HAL_Driver/Src/stm32f4xx_hal_tim.o
                0x080036b0                HAL_TIM_OC_DelayElapsedCallback
 .text.HAL_TIM_IC_CaptureCallback
                0x080036b2        0x2 ./Drivers/STM32F4xx_HAL_Driver/Src/stm32f4xx_hal_tim.o
                0x080036b2                HAL_TIM_IC_CaptureCallback
 .text.HAL_TIM_PWM_PulseFinishedCallback
                0x080036b4        0x2 ./Drivers/STM32F4xx_HAL_Driver/Src/stm32f4xx_hal_tim.o
                0x080036b4                HAL_TIM_PWM_PulseFinishedCallback
 .text.HAL_TIM_TriggerCallback
                0x080036b6        0x2 ./Drivers/STM32F4xx_HAL_Driver/Src/stm32f4xx_hal_tim.o
                0x080036b6                HAL_TIM_TriggerCallback
 .text.HAL_TIM_IRQHandler
                0x080036b8      0x128 ./Drivers/STM32F4xx_HAL_Driver/Src/stm32f4xx_hal_tim.o
                0x080036b8                HAL_TIM_IRQHandler
 .text.TIM_Base_SetConfig
                0x080037e0       0xd8 ./Drivers/STM32F4xx_HAL_Driver/Src/stm32f4xx_hal_tim.o
                0x080037e0                TIM_Base_SetConfig
 .text.HAL_TIM_Base_Init
                0x080038b8       0x58 ./Drivers/STM32F4xx_HAL_Driver/Src/stm32f4xx_hal_tim.o
                0x080038b8                HAL_TIM_Base_Init
 .text.TIM_ETR_SetConfig
                0x08003910       0x14 ./Drivers/STM32F4xx_HAL_Driver/Src/stm32f4xx_hal_tim.o
                0x08003910                TIM_ETR_SetConfig
 .text.HAL_TIM_ConfigClockSource
                0x08003924      0x132 ./Drivers/STM32F4xx_HAL_Driver/Src/stm32f4xx_hal_tim.o
                0x08003924                HAL_TIM_ConfigClockSource
 *fill*         0x08003a56        0x2 
 .text.HAL_TIMEx_MasterConfigSynchronization
                0x08003a58       0x7c ./Drivers/STM32F4xx_HAL_Driver/Src/stm32f4xx_hal_tim_ex.o
                0x08003a58                HAL_TIMEx_MasterConfigSynchronization
 .text.HAL_TIMEx_CommutCallback
                0x08003ad4        0x2 ./Drivers/STM32F4xx_HAL_Driver/Src/stm32f4xx_hal_tim_ex.o
                0x08003ad4                HAL_TIMEx_CommutCallback
 .text.HAL_TIMEx_BreakCallback
                0x08003ad6        0x2 ./Drivers/STM32F4xx_HAL_Driver/Src/stm32f4xx_hal_tim_ex.o
                0x08003ad6                HAL_TIMEx_BreakCallback
 .text.UART_EndRxTransfer
                0x08003ad8       0x5c ./Drivers/STM32F4xx_HAL_Driver/Src/stm32f4xx_hal_uart.o
 .text.UART_SetConfig
                0x08003b34       0xbc ./Drivers/STM32F4xx_HAL_Driver/Src/stm32f4xx_hal_uart.o
 .text.HAL_UART_Init
                0x08003bf0       0x5e ./Drivers/STM32F4xx_HAL_Driver/Src/stm32f4xx_hal_uart.o
                0x08003bf0                HAL_UART_Init
 *fill*         0x08003c4e        0x2 
 .text.HAL_UART_Transmit_DMA
                0x08003c50       0x74 ./Drivers/STM32F4xx_HAL_Driver/Src/stm32f4xx_hal_uart.o
                0x08003c50                HAL_UART_Transmit_DMA
 .text.UART_DMATransmitCplt
                0x08003cc4       0x4c ./Drivers/STM32F4xx_HAL_Driver/Src/stm32f4xx_hal_uart.o
 .text.HAL_UART_TxHalfCpltCallback
                0x08003d10        0x2 ./Drivers/STM32F4xx_HAL_Driver/Src/stm32f4xx_hal_uart.o
                0x08003d10                HAL_UART_TxHalfCpltCallback
 .text.UART_DMATxHalfCplt
                0x08003d12        0xa ./Drivers/STM32F4xx_HAL_Driver/Src/stm32f4xx_hal_uart.o
 .text.HAL_UART_RxCpltCallback
                0x08003d1c        0x2 ./Drivers/STM32F4xx_HAL_Driver/Src/stm32f4xx_hal_uart.o
                0x08003d1c                HAL_UART_RxCpltCallback
 .text.HAL_UART_ErrorCallback
                0x08003d1e        0x2 ./Drivers/STM32F4xx_HAL_Driver/Src/stm32f4xx_hal_uart.o
                0x08003d1e                HAL_UART_ErrorCallback
 .text.UART_DMAError
                0x08003d20       0x5a ./Drivers/STM32F4xx_HAL_Driver/Src/stm32f4xx_hal_uart.o
 .text.UART_DMAAbortOnError
                0x08003d7a       0x10 ./Drivers/STM32F4xx_HAL_Driver/Src/stm32f4xx_hal_uart.o
 .text.HAL_UARTEx_RxEventCallback
                0x08003d8a        0x2 ./Drivers/STM32F4xx_HAL_Driver/Src/stm32f4xx_hal_uart.o
                0x08003d8a                HAL_UARTEx_RxEventCallback
 .text.UART_Receive_IT.isra.0
                0x08003d8c       0xb6 ./Drivers/STM32F4xx_HAL_Driver/Src/stm32f4xx_hal_uart.o
 *fill*         0x08003e42        0x2 
 .text.HAL_UART_IRQHandler
                0x08003e44      0x294 ./Drivers/STM32F4xx_HAL_Driver/Src/stm32f4xx_hal_uart.o
                0x08003e44                HAL_UART_IRQHandler
 .text.USB_CoreReset
                0x080040d8       0x46 ./Drivers/STM32F4xx_HAL_Driver/Src/stm32f4xx_ll_usb.o
 .text.USB_CoreInit
                0x0800411e       0x88 ./Drivers/STM32F4xx_HAL_Driver/Src/stm32f4xx_ll_usb.o
                0x0800411e                USB_CoreInit
 .text.USB_EnableGlobalInt
                0x080041a6        0xc ./Drivers/STM32F4xx_HAL_Driver/Src/stm32f4xx_ll_usb.o
                0x080041a6                USB_EnableGlobalInt
 .text.USB_DisableGlobalInt
                0x080041b2        0xc ./Drivers/STM32F4xx_HAL_Driver/Src/stm32f4xx_ll_usb.o
                0x080041b2                USB_DisableGlobalInt
 .text.USB_SetCurrentMode
                0x080041be       0x60 ./Drivers/STM32F4xx_HAL_Driver/Src/stm32f4xx_ll_usb.o
                0x080041be                USB_SetCurrentMode
 .text.USB_FlushTxFifo
                0x0800421e       0x46 ./Drivers/STM32F4xx_HAL_Driver/Src/stm32f4xx_ll_usb.o
                0x0800421e                USB_FlushTxFifo
 .text.USB_FlushRxFifo
                0x08004264       0x42 ./Drivers/STM32F4xx_HAL_Driver/Src/stm32f4xx_ll_usb.o
                0x08004264                USB_FlushRxFifo
 .text.USB_WritePacket
                0x080042a6       0x26 ./Drivers/STM32F4xx_HAL_Driver/Src/stm32f4xx_ll_usb.o
                0x080042a6                USB_WritePacket
 .text.USB_ReadPacket
                0x080042cc       0x40 ./Drivers/STM32F4xx_HAL_Driver/Src/stm32f4xx_ll_usb.o
                0x080042cc                USB_ReadPacket
 .text.USB_ReadInterrupts
                0x0800430c        0x8 ./Drivers/STM32F4xx_HAL_Driver/Src/stm32f4xx_ll_usb.o
                0x0800430c                USB_ReadInterrupts
 .text.USB_ReadChInterrupts
                0x08004314       0x12 ./Drivers/STM32F4xx_HAL_Driver/Src/stm32f4xx_ll_usb.o
                0x08004314                USB_ReadChInterrupts
 .text.USB_GetMode
                0x08004326        0x8 ./Drivers/STM32F4xx_HAL_Driver/Src/stm32f4xx_ll_usb.o
                0x08004326                USB_GetMode
 *fill*         0x0800432e        0x2 
 .text.USB_HostInit
                0x08004330       0xe0 ./Drivers/STM32F4xx_HAL_Driver/Src/stm32f4xx_ll_usb.o
                0x08004330                USB_HostInit
 .text.USB_InitFSLSPClkSel
                0x08004410       0x3c ./Drivers/STM32F4xx_HAL_Driver/Src/stm32f4xx_ll_usb.o
                0x08004410                USB_InitFSLSPClkSel
 .text.USB_ResetPort
                0x0800444c       0x3c ./Drivers/STM32F4xx_HAL_Driver/Src/stm32f4xx_ll_usb.o
                0x0800444c                USB_ResetPort
 .text.USB_DriveVbus
                0x08004488       0x40 ./Drivers/STM32F4xx_HAL_Driver/Src/stm32f4xx_ll_usb.o
                0x08004488                USB_DriveVbus
 .text.USB_GetHostSpeed
                0x080044c8       0x16 ./Drivers/STM32F4xx_HAL_Driver/Src/stm32f4xx_ll_usb.o
                0x080044c8                USB_GetHostSpeed
 .text.USB_GetCurrentFrame
                0x080044de        0xa ./Drivers/STM32F4xx_HAL_Driver/Src/stm32f4xx_ll_usb.o
                0x080044de                USB_GetCurrentFrame
 .text.USB_HC_Init
                0x080044e8      0x110 ./Drivers/STM32F4xx_HAL_Driver/Src/stm32f4xx_ll_usb.o
                0x080044e8                USB_HC_Init
 .text.USB_HC_ReadInterrupt
                0x080045f8        0xa ./Drivers/STM32F4xx_HAL_Driver/Src/stm32f4xx_ll_usb.o
                0x080045f8                USB_HC_ReadInterrupt
 .text.USB_HC_Halt
                0x08004602       0xd2 ./Drivers/STM32F4xx_HAL_Driver/Src/stm32f4xx_ll_usb.o
                0x08004602                USB_HC_Halt
 .text.USB_DoPing
                0x080046d4       0x24 ./Drivers/STM32F4xx_HAL_Driver/Src/stm32f4xx_ll_usb.o
                0x080046d4                USB_DoPing
 .text.USB_HC_StartXfer
                0x080046f8      0x260 ./Drivers/STM32F4xx_HAL_Driver/Src/stm32f4xx_ll_usb.o
                0x080046f8                USB_HC_StartXfer
 .text.USB_StopHost
                0x08004958       0x80 ./Drivers/STM32F4xx_HAL_Driver/Src/stm32f4xx_ll_usb.o
                0x08004958                USB_StopHost
 .text.MX_FATFS_Init
                0x080049d8       0x1c ./FATFS/App/fatfs.o
                0x080049d8                MX_FATFS_Init
 .text.get_fattime
                0x080049f4        0x4 ./FATFS/App/fatfs.o
                0x080049f4                get_fattime
 .text.USBH_initialize
                0x080049f8        0x4 ./FATFS/Target/usbh_diskio.o
                0x080049f8                USBH_initialize
 .text.USBH_status
                0x080049fc       0x18 ./FATFS/Target/usbh_diskio.o
                0x080049fc                USBH_status
 .text.USBH_ioctl
                0x08004a14       0x60 ./FATFS/Target/usbh_diskio.o
                0x08004a14                USBH_ioctl
 .text.USBH_read
                0x08004a74       0x40 ./FATFS/Target/usbh_diskio.o
                0x08004a74                USBH_read
 .text.USBH_write
                0x08004ab4       0x48 ./FATFS/Target/usbh_diskio.o
                0x08004ab4                USBH_write
 .text.USBH_MSC_SOFProcess
                0x08004afc        0x4 ./Middlewares/ST/STM32_USB_Host_Library/Class/MSC/Src/usbh_msc.o
 .text.USBH_MSC_Process
                0x08004b00      0x1ca ./Middlewares/ST/STM32_USB_Host_Library/Class/MSC/Src/usbh_msc.o
 .text.USBH_MSC_ClassRequest
                0x08004cca       0x6c ./Middlewares/ST/STM32_USB_Host_Library/Class/MSC/Src/usbh_msc.o
 .text.USBH_MSC_InterfaceDeInit
                0x08004d36       0x4c ./Middlewares/ST/STM32_USB_Host_Library/Class/MSC/Src/usbh_msc.o
 .text.USBH_MSC_InterfaceInit
                0x08004d82      0x106 ./Middlewares/ST/STM32_USB_Host_Library/Class/MSC/Src/usbh_msc.o
 .text.USBH_MSC_RdWrProcess
                0x08004e88       0x7c ./Middlewares/ST/STM32_USB_Host_Library/Class/MSC/Src/usbh_msc.o
 .text.USBH_MSC_UnitIsReady
                0x08004f04       0x26 ./Middlewares/ST/STM32_USB_Host_Library/Class/MSC/Src/usbh_msc.o
                0x08004f04                USBH_MSC_UnitIsReady
 .text.USBH_MSC_GetLUNInfo
                0x08004f2a       0x30 ./Middlewares/ST/STM32_USB_Host_Library/Class/MSC/Src/usbh_msc.o
                0x08004f2a                USBH_MSC_GetLUNInfo
 .text.USBH_MSC_Read
                0x08004f5a       0x7a ./Middlewares/ST/STM32_USB_Host_Library/Class/MSC/Src/usbh_msc.o
                0x08004f5a                USBH_MSC_Read
 .text.USBH_MSC_Write
                0x08004fd4       0x7a ./Middlewares/ST/STM32_USB_Host_Library/Class/MSC/Src/usbh_msc.o
                0x08004fd4                USBH_MSC_Write
 .text.USBH_MSC_BOT_REQ_Reset
                0x0800504e       0x10 ./Middlewares/ST/STM32_USB_Host_Library/Class/MSC/Src/usbh_msc_bot.o
                0x0800504e                USBH_MSC_BOT_REQ_Reset
 .text.USBH_MSC_BOT_REQ_GetMaxLUN
                0x0800505e       0x12 ./Middlewares/ST/STM32_USB_Host_Library/Class/MSC/Src/usbh_msc_bot.o
                0x0800505e                USBH_MSC_BOT_REQ_GetMaxLUN
 .text.USBH_MSC_BOT_Init
                0x08005070       0x24 ./Middlewares/ST/STM32_USB_Host_Library/Class/MSC/Src/usbh_msc_bot.o
                0x08005070                USBH_MSC_BOT_Init
 .text.USBH_MSC_BOT_Process
                0x08005094      0x1b4 ./Middlewares/ST/STM32_USB_Host_Library/Class/MSC/Src/usbh_msc_bot.o
                0x08005094                USBH_MSC_BOT_Process
 .text.USBH_MSC_SCSI_TestUnitReady
                0x08005248       0x46 ./Middlewares/ST/STM32_USB_Host_Library/Class/MSC/Src/usbh_msc_scsi.o
                0x08005248                USBH_MSC_SCSI_TestUnitReady
 .text.USBH_MSC_SCSI_ReadCapacity
                0x0800528e       0x66 ./Middlewares/ST/STM32_USB_Host_Library/Class/MSC/Src/usbh_msc_scsi.o
                0x0800528e                USBH_MSC_SCSI_ReadCapacity
 .text.USBH_MSC_SCSI_Inquiry
                0x080052f4       0xbc ./Middlewares/ST/STM32_USB_Host_Library/Class/MSC/Src/usbh_msc_scsi.o
                0x080052f4                USBH_MSC_SCSI_Inquiry
 .text.USBH_MSC_SCSI_RequestSense
                0x080053b0       0x84 ./Middlewares/ST/STM32_USB_Host_Library/Class/MSC/Src/usbh_msc_scsi.o
                0x080053b0                USBH_MSC_SCSI_RequestSense
 .text.USBH_MSC_SCSI_Write
                0x08005434       0x8a ./Middlewares/ST/STM32_USB_Host_Library/Class/MSC/Src/usbh_msc_scsi.o
                0x08005434                USBH_MSC_SCSI_Write
 .text.USBH_MSC_SCSI_Read
                0x080054be       0x8c ./Middlewares/ST/STM32_USB_Host_Library/Class/MSC/Src/usbh_msc_scsi.o
                0x080054be                USBH_MSC_SCSI_Read
 .text.DeInitStateMachine.isra.0
                0x0800554a       0x60 ./Middlewares/ST/STM32_USB_Host_Library/Core/Src/usbh_core.o
 .text.USBH_Init
                0x080055aa       0x3a ./Middlewares/ST/STM32_USB_Host_Library/Core/Src/usbh_core.o
                0x080055aa                USBH_Init
 .text.USBH_RegisterClass
                0x080055e4       0x1a ./Middlewares/ST/STM32_USB_Host_Library/Core/Src/usbh_core.o
                0x080055e4                USBH_RegisterClass
 .text.USBH_SelectInterface
                0x080055fe       0x12 ./Middlewares/ST/STM32_USB_Host_Library/Core/Src/usbh_core.o
                0x080055fe                USBH_SelectInterface
 .text.USBH_FindInterface
                0x08005610       0x38 ./Middlewares/ST/STM32_USB_Host_Library/Core/Src/usbh_core.o
                0x08005610                USBH_FindInterface
 .text.USBH_Start
                0x08005648       0x14 ./Middlewares/ST/STM32_USB_Host_Library/Core/Src/usbh_core.o
                0x08005648                USBH_Start
 .text.USBH_Process
                0x0800565c      0x3a8 ./Middlewares/ST/STM32_USB_Host_Library/Core/Src/usbh_core.o
                0x0800565c                USBH_Process
 .text.USBH_LL_SetTimer
                0x08005a04        0x6 ./Middlewares/ST/STM32_USB_Host_Library/Core/Src/usbh_core.o
                0x08005a04                USBH_LL_SetTimer
 .text.USBH_LL_IncTimer
                0x08005a0a       0x1c ./Middlewares/ST/STM32_USB_Host_Library/Core/Src/usbh_core.o
                0x08005a0a                USBH_LL_IncTimer
 .text.USBH_LL_PortEnabled
                0x08005a26        0x8 ./Middlewares/ST/STM32_USB_Host_Library/Core/Src/usbh_core.o
                0x08005a26                USBH_LL_PortEnabled
 .text.USBH_LL_PortDisabled
                0x08005a2e        0x8 ./Middlewares/ST/STM32_USB_Host_Library/Core/Src/usbh_core.o
                0x08005a2e                USBH_LL_PortDisabled
 .text.USBH_LL_Connect
                0x08005a36       0x14 ./Middlewares/ST/STM32_USB_Host_Library/Core/Src/usbh_core.o
                0x08005a36                USBH_LL_Connect
 .text.USBH_LL_Disconnect
                0x08005a4a       0x2c ./Middlewares/ST/STM32_USB_Host_Library/Core/Src/usbh_core.o
                0x08005a4a                USBH_LL_Disconnect
 .text.USBH_CtlReq
                0x08005a76      0x170 ./Middlewares/ST/STM32_USB_Host_Library/Core/Src/usbh_ctlreq.o
                0x08005a76                USBH_CtlReq
 .text.USBH_GetDescriptor
                0x08005be6       0x38 ./Middlewares/ST/STM32_USB_Host_Library/Core/Src/usbh_ctlreq.o
                0x08005be6                USBH_GetDescriptor
 *fill*         0x08005c1e        0x2 
 .text.USBH_Get_DevDesc
                0x08005c20       0xd8 ./Middlewares/ST/STM32_USB_Host_Library/Core/Src/usbh_ctlreq.o
                0x08005c20                USBH_Get_DevDesc
 .text.USBH_Get_CfgDesc
                0x08005cf8      0x212 ./Middlewares/ST/STM32_USB_Host_Library/Core/Src/usbh_ctlreq.o
                0x08005cf8                USBH_Get_CfgDesc
 .text.USBH_Get_StringDesc
                0x08005f0a       0x5a ./Middlewares/ST/STM32_USB_Host_Library/Core/Src/usbh_ctlreq.o
                0x08005f0a                USBH_Get_StringDesc
 .text.USBH_SetAddress
                0x08005f64       0x1a ./Middlewares/ST/STM32_USB_Host_Library/Core/Src/usbh_ctlreq.o
                0x08005f64                USBH_SetAddress
 .text.USBH_SetCfg
                0x08005f7e       0x1a ./Middlewares/ST/STM32_USB_Host_Library/Core/Src/usbh_ctlreq.o
                0x08005f7e                USBH_SetCfg
 .text.USBH_SetFeature
                0x08005f98       0x1a ./Middlewares/ST/STM32_USB_Host_Library/Core/Src/usbh_ctlreq.o
                0x08005f98                USBH_SetFeature
 .text.USBH_ClrFeature
                0x08005fb2       0x1a ./Middlewares/ST/STM32_USB_Host_Library/Core/Src/usbh_ctlreq.o
                0x08005fb2                USBH_ClrFeature
 .text.USBH_CtlSendSetup
                0x08005fcc       0x20 ./Middlewares/ST/STM32_USB_Host_Library/Core/Src/usbh_ioreq.o
                0x08005fcc                USBH_CtlSendSetup
 .text.USBH_CtlSendData
                0x08005fec       0x2e ./Middlewares/ST/STM32_USB_Host_Library/Core/Src/usbh_ioreq.o
                0x08005fec                USBH_CtlSendData
 .text.USBH_CtlReceiveData
                0x0800601a       0x20 ./Middlewares/ST/STM32_USB_Host_Library/Core/Src/usbh_ioreq.o
                0x0800601a                USBH_CtlReceiveData
 .text.USBH_BulkSendData
                0x0800603a       0x2e ./Middlewares/ST/STM32_USB_Host_Library/Core/Src/usbh_ioreq.o
                0x0800603a                USBH_BulkSendData
 .text.USBH_BulkReceiveData
                0x08006068       0x20 ./Middlewares/ST/STM32_USB_Host_Library/Core/Src/usbh_ioreq.o
                0x08006068                USBH_BulkReceiveData
 .text.USBH_OpenPipe
                0x08006088       0x1e ./Middlewares/ST/STM32_USB_Host_Library/Core/Src/usbh_pipes.o
                0x08006088                USBH_OpenPipe
 .text.USBH_ClosePipe
                0x080060a6        0xa ./Middlewares/ST/STM32_USB_Host_Library/Core/Src/usbh_pipes.o
                0x080060a6                USBH_ClosePipe
 .text.USBH_AllocPipe
                0x080060b0       0x2e ./Middlewares/ST/STM32_USB_Host_Library/Core/Src/usbh_pipes.o
                0x080060b0                USBH_AllocPipe
 .text.USBH_FreePipe
                0x080060de       0x18 ./Middlewares/ST/STM32_USB_Host_Library/Core/Src/usbh_pipes.o
                0x080060de                USBH_FreePipe
 *fill*         0x080060f6        0x2 
 .text.disk_status
                0x080060f8       0x14 ./Middlewares/Third_Party/FatFs/src/diskio.o
                0x080060f8                disk_status
 .text.disk_initialize
                0x0800610c       0x28 ./Middlewares/Third_Party/FatFs/src/diskio.o
                0x0800610c                disk_initialize
 .text.disk_read
                0x08006134       0x1c ./Middlewares/Third_Party/FatFs/src/diskio.o
                0x08006134                disk_read
 .text.disk_write
                0x08006150       0x1c ./Middlewares/Third_Party/FatFs/src/diskio.o
                0x08006150                disk_write
 .text.disk_ioctl
                0x0800616c       0x1c ./Middlewares/Third_Party/FatFs/src/diskio.o
                0x0800616c                disk_ioctl
 .text.ld_dword
                0x08006188        0x4 ./Middlewares/Third_Party/FatFs/src/ff.o
 .text.ld_qword
                0x0800618c        0x8 ./Middlewares/Third_Party/FatFs/src/ff.o
 .text.st_dword
                0x08006194       0x10 ./Middlewares/Third_Party/FatFs/src/ff.o
 .text.st_qword
                0x080061a4       0x1e ./Middlewares/Third_Party/FatFs/src/ff.o
 .text.mem_set  0x080061c2        0xc ./Middlewares/Third_Party/FatFs/src/ff.o
 *fill*         0x080061ce        0x2 
 .text.chk_lock
                0x080061d0       0x74 ./Middlewares/Third_Party/FatFs/src/ff.o
 .text.inc_lock
                0x08006244       0x84 ./Middlewares/Third_Party/FatFs/src/ff.o
 .text.dec_lock
                0x080062c8       0x3c ./Middlewares/Third_Party/FatFs/src/ff.o
 .text.clear_lock
                0x08006304       0x1c ./Middlewares/Third_Party/FatFs/src/ff.o
 .text.clust2sect
                0x08006320       0x16 ./Middlewares/Third_Party/FatFs/src/ff.o
 .text.clmt_clust
                0x08006336       0x36 ./Middlewares/Third_Party/FatFs/src/ff.o
 .text.sum_sfn  0x0800636c       0x1e ./Middlewares/Third_Party/FatFs/src/ff.o
 .text.xdir_sum
                0x0800638a       0x30 ./Middlewares/Third_Party/FatFs/src/ff.o
 .text.get_ldnumber
                0x080063ba       0x30 ./Middlewares/Third_Party/FatFs/src/ff.o
 .text.validate
                0x080063ea       0x34 ./Middlewares/Third_Party/FatFs/src/ff.o
 .text.sync_window
                0x0800641e       0x4a ./Middlewares/Third_Party/FatFs/src/ff.o
 .text.xname_sum
                0x08006468       0x30 ./Middlewares/Third_Party/FatFs/src/ff.o
 .text.mem_cpy.part.0
                0x08006498       0x12 ./Middlewares/Third_Party/FatFs/src/ff.o
 .text.st_clust
                0x080064aa       0x18 ./Middlewares/Third_Party/FatFs/src/ff.o
 .text.move_window
                0x080064c2       0x32 ./Middlewares/Third_Party/FatFs/src/ff.o
 .text.change_bitmap
                0x080064f4       0x80 ./Middlewares/Third_Party/FatFs/src/ff.o
 .text.get_fat  0x08006574      0x164 ./Middlewares/Third_Party/FatFs/src/ff.o
 .text.dir_sdi  0x080066d8       0x96 ./Middlewares/Third_Party/FatFs/src/ff.o
 .text.put_fat  0x0800676e      0x128 ./Middlewares/Third_Party/FatFs/src/ff.o
 .text.fill_last_frag
                0x08006896       0x30 ./Middlewares/Third_Party/FatFs/src/ff.o
 .text.fill_first_frag
                0x080068c6       0x30 ./Middlewares/Third_Party/FatFs/src/ff.o
 .text.remove_chain
                0x080068f6       0xdc ./Middlewares/Third_Party/FatFs/src/ff.o
 .text.sync_fs  0x080069d2       0x94 ./Middlewares/Third_Party/FatFs/src/ff.o
 .text.get_fileinfo
                0x08006a66      0x14a ./Middlewares/Third_Party/FatFs/src/ff.o
 .text.create_chain
                0x08006bb0      0x1b0 ./Middlewares/Third_Party/FatFs/src/ff.o
 .text.dir_next
                0x08006d60      0x10a ./Middlewares/Third_Party/FatFs/src/ff.o
 .text.load_xdir
                0x08006e6a       0xc6 ./Middlewares/Third_Party/FatFs/src/ff.o
 .text.dir_alloc
                0x08006f30       0x50 ./Middlewares/Third_Party/FatFs/src/ff.o
 .text.store_xdir
                0x08006f80       0x66 ./Middlewares/Third_Party/FatFs/src/ff.o
 *fill*         0x08006fe6        0x2 
 .text.dir_read.constprop.0
                0x08006fe8      0x10c ./Middlewares/Third_Party/FatFs/src/ff.o
 .text.dir_find
                0x080070f4      0x1c8 ./Middlewares/Third_Party/FatFs/src/ff.o
 .text.dir_register
                0x080072bc      0x36c ./Middlewares/Third_Party/FatFs/src/ff.o
 .text.ld_clust.isra.0
                0x08007628       0x10 ./Middlewares/Third_Party/FatFs/src/ff.o
 .text.follow_path
                0x08007638      0x2b8 ./Middlewares/Third_Party/FatFs/src/ff.o
 .text.check_fs
                0x080078f0       0x98 ./Middlewares/Third_Party/FatFs/src/ff.o
 .text.find_volume
                0x08007988      0x3a8 ./Middlewares/Third_Party/FatFs/src/ff.o
 .text.f_mount  0x08007d30       0x54 ./Middlewares/Third_Party/FatFs/src/ff.o
                0x08007d30                f_mount
 .text.f_open   0x08007d84      0x340 ./Middlewares/Third_Party/FatFs/src/ff.o
                0x08007d84                f_open
 .text.f_read   0x080080c4      0x1b0 ./Middlewares/Third_Party/FatFs/src/ff.o
                0x080080c4                f_read
 .text.f_sync   0x08008274      0x15a ./Middlewares/Third_Party/FatFs/src/ff.o
                0x08008274                f_sync
 .text.f_close  0x080083ce       0x22 ./Middlewares/Third_Party/FatFs/src/ff.o
                0x080083ce                f_close
 .text.f_lseek  0x080083f0      0x322 ./Middlewares/Third_Party/FatFs/src/ff.o
                0x080083f0                f_lseek
 .text.f_opendir
                0x08008712       0xbe ./Middlewares/Third_Party/FatFs/src/ff.o
                0x08008712                f_opendir
 .text.f_closedir
                0x080087d0       0x28 ./Middlewares/Third_Party/FatFs/src/ff.o
                0x080087d0                f_closedir
 .text.f_readdir
                0x080087f8       0x44 ./Middlewares/Third_Party/FatFs/src/ff.o
                0x080087f8                f_readdir
 .text.FATFS_LinkDriverEx
                0x0800883c       0x40 ./Middlewares/Third_Party/FatFs/src/ff_gen_drv.o
                0x0800883c                FATFS_LinkDriverEx
 .text.FATFS_LinkDriver
                0x0800887c        0x6 ./Middlewares/Third_Party/FatFs/src/ff_gen_drv.o
                0x0800887c                FATFS_LinkDriver
 *fill*         0x08008882        0x2 
 .text.ff_convert
                0x08008884       0x38 ./Middlewares/Third_Party/FatFs/src/option/ccsbcs.o
                0x08008884                ff_convert
 .text.ff_wtoupper
                0x080088bc       0x84 ./Middlewares/Third_Party/FatFs/src/option/ccsbcs.o
                0x080088bc                ff_wtoupper
 .text.USBH_UserProcess
                0x08008940       0x24 ./USB_HOST/App/usb_host.o
 .text.MX_USB_HOST_Init
                0x08008964       0x40 ./USB_HOST/App/usb_host.o
                0x08008964                MX_USB_HOST_Init
 .text.MX_USB_HOST_Process
                0x080089a4        0xc ./USB_HOST/App/usb_host.o
                0x080089a4                MX_USB_HOST_Process
 .text.HAL_HCD_MspInit
                0x080089b0       0x94 ./USB_HOST/Target/usbh_conf.o
                0x080089b0                HAL_HCD_MspInit
 .text.HAL_HCD_SOF_Callback
                0x08008a44        0x8 ./USB_HOST/Target/usbh_conf.o
                0x08008a44                HAL_HCD_SOF_Callback
 .text.HAL_HCD_Connect_Callback
                0x08008a4c        0x8 ./USB_HOST/Target/usbh_conf.o
                0x08008a4c                HAL_HCD_Connect_Callback
 .text.HAL_HCD_Disconnect_Callback
                0x08008a54        0x8 ./USB_HOST/Target/usbh_conf.o
                0x08008a54                HAL_HCD_Disconnect_Callback
 .text.HAL_HCD_HC_NotifyURBChange_Callback
                0x08008a5c        0x2 ./USB_HOST/Target/usbh_conf.o
                0x08008a5c                HAL_HCD_HC_NotifyURBChange_Callback
 .text.HAL_HCD_PortEnabled_Callback
                0x08008a5e        0x8 ./USB_HOST/Target/usbh_conf.o
                0x08008a5e                HAL_HCD_PortEnabled_Callback
 .text.HAL_HCD_PortDisabled_Callback
                0x08008a66        0x8 ./USB_HOST/Target/usbh_conf.o
                0x08008a66                HAL_HCD_PortDisabled_Callback
 *fill*         0x08008a6e        0x2 
 .text.USBH_LL_Init
                0x08008a70       0x50 ./USB_HOST/Target/usbh_conf.o
                0x08008a70                USBH_LL_Init
 .text.USBH_LL_GetSpeed
                0x08008ac0       0x16 ./USB_HOST/Target/usbh_conf.o
                0x08008ac0                USBH_LL_GetSpeed
 .text.USBH_LL_GetLastXferSize
                0x08008ad6        0x8 ./USB_HOST/Target/usbh_conf.o
                0x08008ad6                USBH_LL_GetLastXferSize
 .text.USBH_LL_GetURBState
                0x08008ade        0x8 ./USB_HOST/Target/usbh_conf.o
                0x08008ade                USBH_LL_GetURBState
 .text.USBH_LL_DriverVBUS
                0x08008ae6       0x1a ./USB_HOST/Target/usbh_conf.o
                0x08008ae6                USBH_LL_DriverVBUS
 .text.USBH_LL_SetToggle
                0x08008b00       0x1c ./USB_HOST/Target/usbh_conf.o
                0x08008b00                USBH_LL_SetToggle
 .text.USBH_LL_GetToggle
                0x08008b1c       0x1a ./USB_HOST/Target/usbh_conf.o
                0x08008b1c                USBH_LL_GetToggle
 .text.USBH_Delay
                0x08008b36        0x4 ./USB_HOST/Target/usbh_conf.o
                0x08008b36                USBH_Delay
 .text.USBH_Get_USB_Status
                0x08008b3a        0xc ./USB_HOST/Target/usbh_conf.o
                0x08008b3a                USBH_Get_USB_Status
 .text.USBH_LL_Start
                0x08008b46       0x12 ./USB_HOST/Target/usbh_conf.o
                0x08008b46                USBH_LL_Start
 .text.USBH_LL_Stop
                0x08008b58       0x12 ./USB_HOST/Target/usbh_conf.o
                0x08008b58                USBH_LL_Stop
 .text.USBH_LL_ResetPort
                0x08008b6a       0x12 ./USB_HOST/Target/usbh_conf.o
                0x08008b6a                USBH_LL_ResetPort
 .text.USBH_LL_OpenPipe
                0x08008b7c       0x26 ./USB_HOST/Target/usbh_conf.o
                0x08008b7c                USBH_LL_OpenPipe
 .text.USBH_LL_ClosePipe
                0x08008ba2       0x12 ./USB_HOST/Target/usbh_conf.o
                0x08008ba2                USBH_LL_ClosePipe
 .text.USBH_LL_SubmitURB
                0x08008bb4       0x2a ./USB_HOST/Target/usbh_conf.o
                0x08008bb4                USBH_LL_SubmitURB
 *fill*         0x08008bde        0x2 
 .text.MX_DriverVbusFS
                0x08008be0       0x14 ./USB_HOST/Target/usbh_platform.o
                0x08008be0                MX_DriverVbusFS
 .text.malloc   0x08008bf4       0x10 D:/SOFT/STM32CubeIDE_1.16.0/STM32CubeIDE/plugins/com.st.stm32cube.ide.mcu.externaltools.gnu-tools-for-stm32.12.3.rel1.win32_1.0.200.202406191623/tools/bin/../lib/gcc/arm-none-eabi/12.3.1/../../../../arm-none-eabi/lib/thumb/v7e-m+fp/hard\libc_nano.a(libc_a-malloc.o)
                0x08008bf4                malloc
 .text.free     0x08008c04       0x10 D:/SOFT/STM32CubeIDE_1.16.0/STM32CubeIDE/plugins/com.st.stm32cube.ide.mcu.externaltools.gnu-tools-for-stm32.12.3.rel1.win32_1.0.200.202406191623/tools/bin/../lib/gcc/arm-none-eabi/12.3.1/../../../../arm-none-eabi/lib/thumb/v7e-m+fp/hard\libc_nano.a(libc_a-malloc.o)
                0x08008c04                free
 .text.sbrk_aligned
                0x08008c14       0x44 D:/SOFT/STM32CubeIDE_1.16.0/STM32CubeIDE/plugins/com.st.stm32cube.ide.mcu.externaltools.gnu-tools-for-stm32.12.3.rel1.win32_1.0.200.202406191623/tools/bin/../lib/gcc/arm-none-eabi/12.3.1/../../../../arm-none-eabi/lib/thumb/v7e-m+fp/hard\libc_nano.a(libc_a-mallocr.o)
 .text._malloc_r
                0x08008c58      0x100 D:/SOFT/STM32CubeIDE_1.16.0/STM32CubeIDE/plugins/com.st.stm32cube.ide.mcu.externaltools.gnu-tools-for-stm32.12.3.rel1.win32_1.0.200.202406191623/tools/bin/../lib/gcc/arm-none-eabi/12.3.1/../../../../arm-none-eabi/lib/thumb/v7e-m+fp/hard\libc_nano.a(libc_a-mallocr.o)
                0x08008c58                _malloc_r
 .text.__malloc_lock
                0x08008d58        0xc D:/SOFT/STM32CubeIDE_1.16.0/STM32CubeIDE/plugins/com.st.stm32cube.ide.mcu.externaltools.gnu-tools-for-stm32.12.3.rel1.win32_1.0.200.202406191623/tools/bin/../lib/gcc/arm-none-eabi/12.3.1/../../../../arm-none-eabi/lib/thumb/v7e-m+fp/hard\libc_nano.a(libc_a-mlock.o)
                0x08008d58                __malloc_lock
 .text.__malloc_unlock
                0x08008d64        0xc D:/SOFT/STM32CubeIDE_1.16.0/STM32CubeIDE/plugins/com.st.stm32cube.ide.mcu.externaltools.gnu-tools-for-stm32.12.3.rel1.win32_1.0.200.202406191623/tools/bin/../lib/gcc/arm-none-eabi/12.3.1/../../../../arm-none-eabi/lib/thumb/v7e-m+fp/hard\libc_nano.a(libc_a-mlock.o)
                0x08008d64                __malloc_unlock
 .text.snprintf
                0x08008d70       0x68 D:/SOFT/STM32CubeIDE_1.16.0/STM32CubeIDE/plugins/com.st.stm32cube.ide.mcu.externaltools.gnu-tools-for-stm32.12.3.rel1.win32_1.0.200.202406191623/tools/bin/../lib/gcc/arm-none-eabi/12.3.1/../../../../arm-none-eabi/lib/thumb/v7e-m+fp/hard\libc_nano.a(libc_a-snprintf.o)
                0x08008d70                sniprintf
                0x08008d70                snprintf
 .text.memset   0x08008dd8       0x10 D:/SOFT/STM32CubeIDE_1.16.0/STM32CubeIDE/plugins/com.st.stm32cube.ide.mcu.externaltools.gnu-tools-for-stm32.12.3.rel1.win32_1.0.200.202406191623/tools/bin/../lib/gcc/arm-none-eabi/12.3.1/../../../../arm-none-eabi/lib/thumb/v7e-m+fp/hard\libc_nano.a(libc_a-memset.o)
                0x08008dd8                memset
 .text.strcasecmp
                0x08008de8       0x34 D:/SOFT/STM32CubeIDE_1.16.0/STM32CubeIDE/plugins/com.st.stm32cube.ide.mcu.externaltools.gnu-tools-for-stm32.12.3.rel1.win32_1.0.200.202406191623/tools/bin/../lib/gcc/arm-none-eabi/12.3.1/../../../../arm-none-eabi/lib/thumb/v7e-m+fp/hard\libc_nano.a(libc_a-strcasecmp.o)
                0x08008de8                strcasecmp
 .text.strncat  0x08008e1c       0x26 D:/SOFT/STM32CubeIDE_1.16.0/STM32CubeIDE/plugins/com.st.stm32cube.ide.mcu.externaltools.gnu-tools-for-stm32.12.3.rel1.win32_1.0.200.202406191623/tools/bin/../lib/gcc/arm-none-eabi/12.3.1/../../../../arm-none-eabi/lib/thumb/v7e-m+fp/hard\libc_nano.a(libc_a-strncat.o)
                0x08008e1c                strncat
 .text.strncmp  0x08008e42       0x24 D:/SOFT/STM32CubeIDE_1.16.0/STM32CubeIDE/plugins/com.st.stm32cube.ide.mcu.externaltools.gnu-tools-for-stm32.12.3.rel1.win32_1.0.200.202406191623/tools/bin/../lib/gcc/arm-none-eabi/12.3.1/../../../../arm-none-eabi/lib/thumb/v7e-m+fp/hard\libc_nano.a(libc_a-strncmp.o)
                0x08008e42                strncmp
 .text.strncpy  0x08008e66       0x26 D:/SOFT/STM32CubeIDE_1.16.0/STM32CubeIDE/plugins/com.st.stm32cube.ide.mcu.externaltools.gnu-tools-for-stm32.12.3.rel1.win32_1.0.200.202406191623/tools/bin/../lib/gcc/arm-none-eabi/12.3.1/../../../../arm-none-eabi/lib/thumb/v7e-m+fp/hard\libc_nano.a(libc_a-strncpy.o)
                0x08008e66                strncpy
 .text.strrchr  0x08008e8c       0x2c D:/SOFT/STM32CubeIDE_1.16.0/STM32CubeIDE/plugins/com.st.stm32cube.ide.mcu.externaltools.gnu-tools-for-stm32.12.3.rel1.win32_1.0.200.202406191623/tools/bin/../lib/gcc/arm-none-eabi/12.3.1/../../../../arm-none-eabi/lib/thumb/v7e-m+fp/hard\libc_nano.a(libc_a-strrchr.o)
                0x08008e8c                strrchr
 .text._sbrk_r  0x08008eb8       0x20 D:/SOFT/STM32CubeIDE_1.16.0/STM32CubeIDE/plugins/com.st.stm32cube.ide.mcu.externaltools.gnu-tools-for-stm32.12.3.rel1.win32_1.0.200.202406191623/tools/bin/../lib/gcc/arm-none-eabi/12.3.1/../../../../arm-none-eabi/lib/thumb/v7e-m+fp/hard\libc_nano.a(libc_a-sbrkr.o)
                0x08008eb8                _sbrk_r
 .text.__errno  0x08008ed8        0xc D:/SOFT/STM32CubeIDE_1.16.0/STM32CubeIDE/plugins/com.st.stm32cube.ide.mcu.externaltools.gnu-tools-for-stm32.12.3.rel1.win32_1.0.200.202406191623/tools/bin/../lib/gcc/arm-none-eabi/12.3.1/../../../../arm-none-eabi/lib/thumb/v7e-m+fp/hard\libc_nano.a(libc_a-errno.o)
                0x08008ed8                __errno
 .text.__libc_init_array
                0x08008ee4       0x48 D:/SOFT/STM32CubeIDE_1.16.0/STM32CubeIDE/plugins/com.st.stm32cube.ide.mcu.externaltools.gnu-tools-for-stm32.12.3.rel1.win32_1.0.200.202406191623/tools/bin/../lib/gcc/arm-none-eabi/12.3.1/../../../../arm-none-eabi/lib/thumb/v7e-m+fp/hard\libc_nano.a(libc_a-init.o)
                0x08008ee4                __libc_init_array
 .text.__retarget_lock_acquire_recursive
                0x08008f2c        0x2 D:/SOFT/STM32CubeIDE_1.16.0/STM32CubeIDE/plugins/com.st.stm32cube.ide.mcu.externaltools.gnu-tools-for-stm32.12.3.rel1.win32_1.0.200.202406191623/tools/bin/../lib/gcc/arm-none-eabi/12.3.1/../../../../arm-none-eabi/lib/thumb/v7e-m+fp/hard\libc_nano.a(libc_a-lock.o)
                0x08008f2c                __retarget_lock_acquire_recursive
 .text.__retarget_lock_release_recursive
                0x08008f2e        0x2 D:/SOFT/STM32CubeIDE_1.16.0/STM32CubeIDE/plugins/com.st.stm32cube.ide.mcu.externaltools.gnu-tools-for-stm32.12.3.rel1.win32_1.0.200.202406191623/tools/bin/../lib/gcc/arm-none-eabi/12.3.1/../../../../arm-none-eabi/lib/thumb/v7e-m+fp/hard\libc_nano.a(libc_a-lock.o)
                0x08008f2e                __retarget_lock_release_recursive
 .text.strcpy   0x08008f30       0x10 D:/SOFT/STM32CubeIDE_1.16.0/STM32CubeIDE/plugins/com.st.stm32cube.ide.mcu.externaltools.gnu-tools-for-stm32.12.3.rel1.win32_1.0.200.202406191623/tools/bin/../lib/gcc/arm-none-eabi/12.3.1/../../../../arm-none-eabi/lib/thumb/v7e-m+fp/hard\libc_nano.a(libc_a-strcpy.o)
                0x08008f30                strcpy
 .text._free_r  0x08008f40       0x94 D:/SOFT/STM32CubeIDE_1.16.0/STM32CubeIDE/plugins/com.st.stm32cube.ide.mcu.externaltools.gnu-tools-for-stm32.12.3.rel1.win32_1.0.200.202406191623/tools/bin/../lib/gcc/arm-none-eabi/12.3.1/../../../../arm-none-eabi/lib/thumb/v7e-m+fp/hard\libc_nano.a(libc_a-freer.o)
                0x08008f40                _free_r
 .text.__ssputs_r
                0x08008fd4       0xb6 D:/SOFT/STM32CubeIDE_1.16.0/STM32CubeIDE/plugins/com.st.stm32cube.ide.mcu.externaltools.gnu-tools-for-stm32.12.3.rel1.win32_1.0.200.202406191623/tools/bin/../lib/gcc/arm-none-eabi/12.3.1/../../../../arm-none-eabi/lib/thumb/v7e-m+fp/hard\libc_nano.a(libc_a-nano-svfprintf.o)
                0x08008fd4                __ssputs_r
 *fill*         0x0800908a        0x2 
 .text._svfprintf_r
                0x0800908c      0x1f8 D:/SOFT/STM32CubeIDE_1.16.0/STM32CubeIDE/plugins/com.st.stm32cube.ide.mcu.externaltools.gnu-tools-for-stm32.12.3.rel1.win32_1.0.200.202406191623/tools/bin/../lib/gcc/arm-none-eabi/12.3.1/../../../../arm-none-eabi/lib/thumb/v7e-m+fp/hard\libc_nano.a(libc_a-nano-svfprintf.o)
                0x0800908c                _svfiprintf_r
                0x0800908c                _svfprintf_r
 .text._printf_common
                0x08009284       0xda D:/SOFT/STM32CubeIDE_1.16.0/STM32CubeIDE/plugins/com.st.stm32cube.ide.mcu.externaltools.gnu-tools-for-stm32.12.3.rel1.win32_1.0.200.202406191623/tools/bin/../lib/gcc/arm-none-eabi/12.3.1/../../../../arm-none-eabi/lib/thumb/v7e-m+fp/hard\libc_nano.a(libc_a-nano-vfprintf_i.o)
                0x08009284                _printf_common
 *fill*         0x0800935e        0x2 
 .text._printf_i
                0x08009360      0x240 D:/SOFT/STM32CubeIDE_1.16.0/STM32CubeIDE/plugins/com.st.stm32cube.ide.mcu.externaltools.gnu-tools-for-stm32.12.3.rel1.win32_1.0.200.202406191623/tools/bin/../lib/gcc/arm-none-eabi/12.3.1/../../../../arm-none-eabi/lib/thumb/v7e-m+fp/hard\libc_nano.a(libc_a-nano-vfprintf_i.o)
                0x08009360                _printf_i
 .text.memmove  0x080095a0       0x34 D:/SOFT/STM32CubeIDE_1.16.0/STM32CubeIDE/plugins/com.st.stm32cube.ide.mcu.externaltools.gnu-tools-for-stm32.12.3.rel1.win32_1.0.200.202406191623/tools/bin/../lib/gcc/arm-none-eabi/12.3.1/../../../../arm-none-eabi/lib/thumb/v7e-m+fp/hard\libc_nano.a(libc_a-memmove.o)
                0x080095a0                memmove
 .text.strchr   0x080095d4       0x1a D:/SOFT/STM32CubeIDE_1.16.0/STM32CubeIDE/plugins/com.st.stm32cube.ide.mcu.externaltools.gnu-tools-for-stm32.12.3.rel1.win32_1.0.200.202406191623/tools/bin/../lib/gcc/arm-none-eabi/12.3.1/../../../../arm-none-eabi/lib/thumb/v7e-m+fp/hard\libc_nano.a(libc_a-strchr.o)
                0x080095d4                strchr
 .text.memcpy   0x080095ee       0x1c D:/SOFT/STM32CubeIDE_1.16.0/STM32CubeIDE/plugins/com.st.stm32cube.ide.mcu.externaltools.gnu-tools-for-stm32.12.3.rel1.win32_1.0.200.202406191623/tools/bin/../lib/gcc/arm-none-eabi/12.3.1/../../../../arm-none-eabi/lib/thumb/v7e-m+fp/hard\libc_nano.a(libc_a-memcpy-stub.o)
                0x080095ee                memcpy
 .text._realloc_r
                0x0800960a       0x5c D:/SOFT/STM32CubeIDE_1.16.0/STM32CubeIDE/plugins/com.st.stm32cube.ide.mcu.externaltools.gnu-tools-for-stm32.12.3.rel1.win32_1.0.200.202406191623/tools/bin/../lib/gcc/arm-none-eabi/12.3.1/../../../../arm-none-eabi/lib/thumb/v7e-m+fp/hard\libc_nano.a(libc_a-reallocr.o)
                0x0800960a                _realloc_r
 .text._malloc_usable_size_r
                0x08009666       0x10 D:/SOFT/STM32CubeIDE_1.16.0/STM32CubeIDE/plugins/com.st.stm32cube.ide.mcu.externaltools.gnu-tools-for-stm32.12.3.rel1.win32_1.0.200.202406191623/tools/bin/../lib/gcc/arm-none-eabi/12.3.1/../../../../arm-none-eabi/lib/thumb/v7e-m+fp/hard\libc_nano.a(libc_a-msizer.o)
                0x08009666                _malloc_usable_size_r
 *(.glue_7)
 .glue_7        0x08009676        0x0 linker stubs
 *(.glue_7t)
 .glue_7t       0x08009676        0x0 linker stubs
 *(.eh_frame)
 *fill*         0x08009676        0x2 
 .eh_frame      0x08009678        0x0 D:/SOFT/STM32CubeIDE_1.16.0/STM32CubeIDE/plugins/com.st.stm32cube.ide.mcu.externaltools.gnu-tools-for-stm32.12.3.rel1.win32_1.0.200.202406191623/tools/bin/../lib/gcc/arm-none-eabi/12.3.1/thumb/v7e-m+fp/hard/crtbegin.o
 *(.init)
 .init          0x08009678        0x4 D:/SOFT/STM32CubeIDE_1.16.0/STM32CubeIDE/plugins/com.st.stm32cube.ide.mcu.externaltools.gnu-tools-for-stm32.12.3.rel1.win32_1.0.200.202406191623/tools/bin/../lib/gcc/arm-none-eabi/12.3.1/thumb/v7e-m+fp/hard/crti.o
                0x08009678                _init
 .init          0x0800967c        0x8 D:/SOFT/STM32CubeIDE_1.16.0/STM32CubeIDE/plugins/com.st.stm32cube.ide.mcu.externaltools.gnu-tools-for-stm32.12.3.rel1.win32_1.0.200.202406191623/tools/bin/../lib/gcc/arm-none-eabi/12.3.1/thumb/v7e-m+fp/hard/crtn.o
 *(.fini)
 .fini          0x08009684        0x4 D:/SOFT/STM32CubeIDE_1.16.0/STM32CubeIDE/plugins/com.st.stm32cube.ide.mcu.externaltools.gnu-tools-for-stm32.12.3.rel1.win32_1.0.200.202406191623/tools/bin/../lib/gcc/arm-none-eabi/12.3.1/thumb/v7e-m+fp/hard/crti.o
                0x08009684                _fini
 .fini          0x08009688        0x8 D:/SOFT/STM32CubeIDE_1.16.0/STM32CubeIDE/plugins/com.st.stm32cube.ide.mcu.externaltools.gnu-tools-for-stm32.12.3.rel1.win32_1.0.200.202406191623/tools/bin/../lib/gcc/arm-none-eabi/12.3.1/thumb/v7e-m+fp/hard/crtn.o
                0x08009690                        . = ALIGN (0x4)
                0x08009690                        _etext = .

.vfp11_veneer   0x08009690        0x0
 .vfp11_veneer  0x08009690        0x0 linker stubs

.v4_bx          0x08009690        0x0
 .v4_bx         0x08009690        0x0 linker stubs

.iplt           0x08009690        0x0
 .iplt          0x08009690        0x0 D:/SOFT/STM32CubeIDE_1.16.0/STM32CubeIDE/plugins/com.st.stm32cube.ide.mcu.externaltools.gnu-tools-for-stm32.12.3.rel1.win32_1.0.200.202406191623/tools/bin/../lib/gcc/arm-none-eabi/12.3.1/thumb/v7e-m+fp/hard/crtbegin.o

.rodata         0x08009690      0x780
                0x08009690                        . = ALIGN (0x4)
 *(.rodata)
 *(.rodata*)
 .rodata.DispTask.str1.1
                0x08009690      0x17c ./Core/Src/display.o
                                0x185 (size before relaxing)
 .rodata.str1.1
                0x0800980c       0x1d ./Core/Src/display.o
 *fill*         0x08009829        0x3 
 .rodata.MenuProcName
                0x0800982c        0xc ./Core/Src/display.o
 .rodata.Find_BIN_Files_In_Dir.str1.1
                0x08009838        0xf ./Core/Src/main.o
 .rodata.Work_With_File_in_the_USB_Flash.str1.1
                0x08009847        0x3 ./Core/Src/main.o
 .rodata.APBPrescTable
                0x0800984a        0x8 ./Core/Src/system_stm32f4xx.o
                0x0800984a                APBPrescTable
 .rodata.AHBPrescTable
                0x08009852       0x10 ./Core/Src/system_stm32f4xx.o
                0x08009852                AHBPrescTable
 .rodata.flagBitshiftOffset.0
                0x08009862        0x8 ./Drivers/STM32F4xx_HAL_Driver/Src/stm32f4xx_hal_dma.o
 *fill*         0x0800986a        0x2 
 .rodata.USBH_Driver
                0x0800986c       0x14 ./FATFS/Target/usbh_diskio.o
                0x0800986c                USBH_Driver
 .rodata.str1.1
                0x08009880        0x4 ./Middlewares/ST/STM32_USB_Host_Library/Class/MSC/Src/usbh_msc.o
 .rodata.follow_path.str1.1
                0x08009884       0x10 ./Middlewares/Third_Party/FatFs/src/ff.o
 .rodata.check_fs.str1.1
                0x08009894        0xc ./Middlewares/Third_Party/FatFs/src/ff.o
 .rodata.LfnOfs
                0x080098a0        0xd ./Middlewares/Third_Party/FatFs/src/ff.o
 .rodata.ExCvt  0x080098ad       0x80 ./Middlewares/Third_Party/FatFs/src/ff.o
 *fill*         0x0800992d        0x1 
 .rodata.cvt2.0
                0x0800992e       0xbc ./Middlewares/Third_Party/FatFs/src/option/ccsbcs.o
 .rodata.cvt1.1
                0x080099ea      0x1f2 ./Middlewares/Third_Party/FatFs/src/option/ccsbcs.o
 .rodata.Tbl    0x08009bdc      0x100 ./Middlewares/Third_Party/FatFs/src/option/ccsbcs.o
 .rodata._ctype_
                0x08009cdc      0x101 D:/SOFT/STM32CubeIDE_1.16.0/STM32CubeIDE/plugins/com.st.stm32cube.ide.mcu.externaltools.gnu-tools-for-stm32.12.3.rel1.win32_1.0.200.202406191623/tools/bin/../lib/gcc/arm-none-eabi/12.3.1/../../../../arm-none-eabi/lib/thumb/v7e-m+fp/hard\libc_nano.a(libc_a-ctype_.o)
                0x08009cdc                _ctype_
 .rodata._svfprintf_r.str1.1
                0x08009ddd       0x11 D:/SOFT/STM32CubeIDE_1.16.0/STM32CubeIDE/plugins/com.st.stm32cube.ide.mcu.externaltools.gnu-tools-for-stm32.12.3.rel1.win32_1.0.200.202406191623/tools/bin/../lib/gcc/arm-none-eabi/12.3.1/../../../../arm-none-eabi/lib/thumb/v7e-m+fp/hard\libc_nano.a(libc_a-nano-svfprintf.o)
 .rodata._printf_i.str1.1
                0x08009dee       0x22 D:/SOFT/STM32CubeIDE_1.16.0/STM32CubeIDE/plugins/com.st.stm32cube.ide.mcu.externaltools.gnu-tools-for-stm32.12.3.rel1.win32_1.0.200.202406191623/tools/bin/../lib/gcc/arm-none-eabi/12.3.1/../../../../arm-none-eabi/lib/thumb/v7e-m+fp/hard\libc_nano.a(libc_a-nano-vfprintf_i.o)
                0x08009e10                        . = ALIGN (0x4)

.ARM.extab      0x08009e10        0x0
                0x08009e10                        . = ALIGN (0x4)
 *(.ARM.extab* .gnu.linkonce.armextab.*)
                0x08009e10                        . = ALIGN (0x4)

.ARM            0x08009e10        0x8
                0x08009e10                        . = ALIGN (0x4)
                0x08009e10                        __exidx_start = .
 *(.ARM.exidx*)
 .ARM.exidx     0x08009e10        0x8 D:/SOFT/STM32CubeIDE_1.16.0/STM32CubeIDE/plugins/com.st.stm32cube.ide.mcu.externaltools.gnu-tools-for-stm32.12.3.rel1.win32_1.0.200.202406191623/tools/bin/../lib/gcc/arm-none-eabi/12.3.1/../../../../arm-none-eabi/lib/thumb/v7e-m+fp/hard\libc_nano.a(libc_a-strlen.o)
 .ARM.exidx     0x08009e18        0x0 D:/SOFT/STM32CubeIDE_1.16.0/STM32CubeIDE/plugins/com.st.stm32cube.ide.mcu.externaltools.gnu-tools-for-stm32.12.3.rel1.win32_1.0.200.202406191623/tools/bin/../lib/gcc/arm-none-eabi/12.3.1/../../../../arm-none-eabi/lib/thumb/v7e-m+fp/hard\libc_nano.a(libc_a-memchr.o)
                                  0x8 (size before relaxing)
 .ARM.exidx     0x08009e18        0x0 D:/SOFT/STM32CubeIDE_1.16.0/STM32CubeIDE/plugins/com.st.stm32cube.ide.mcu.externaltools.gnu-tools-for-stm32.12.3.rel1.win32_1.0.200.202406191623/tools/bin/../lib/gcc/arm-none-eabi/12.3.1/thumb/v7e-m+fp/hard\libgcc.a(_udivmoddi4.o)
                                  0x8 (size before relaxing)
                0x08009e18                        __exidx_end = .
                0x08009e18                        . = ALIGN (0x4)

.preinit_array  0x08009e18        0x0
                0x08009e18                        . = ALIGN (0x4)
                0x08009e18                        PROVIDE (__preinit_array_start = .)
 *(.preinit_array*)
                0x08009e18                        PROVIDE (__preinit_array_end = .)
                0x08009e18                        . = ALIGN (0x4)

.init_array     0x08009e18        0x4
                0x08009e18                        . = ALIGN (0x4)
                0x08009e18                        PROVIDE (__init_array_start = .)
 *(SORT_BY_NAME(.init_array.*))
 *(.init_array*)
 .init_array    0x08009e18        0x4 D:/SOFT/STM32CubeIDE_1.16.0/STM32CubeIDE/plugins/com.st.stm32cube.ide.mcu.externaltools.gnu-tools-for-stm32.12.3.rel1.win32_1.0.200.202406191623/tools/bin/../lib/gcc/arm-none-eabi/12.3.1/thumb/v7e-m+fp/hard/crtbegin.o
                0x08009e1c                        PROVIDE (__init_array_end = .)
                0x08009e1c                        . = ALIGN (0x4)

.fini_array     0x08009e1c        0x4
                0x08009e1c                        . = ALIGN (0x4)
                [!provide]                        PROVIDE (__fini_array_start = .)
 *(SORT_BY_NAME(.fini_array.*))
 *(.fini_array*)
 .fini_array    0x08009e1c        0x4 D:/SOFT/STM32CubeIDE_1.16.0/STM32CubeIDE/plugins/com.st.stm32cube.ide.mcu.externaltools.gnu-tools-for-stm32.12.3.rel1.win32_1.0.200.202406191623/tools/bin/../lib/gcc/arm-none-eabi/12.3.1/thumb/v7e-m+fp/hard/crtbegin.o
                [!provide]                        PROVIDE (__fini_array_end = .)
                0x08009e20                        . = ALIGN (0x4)
                0x08009e20                        _sidata = LOADADDR (.data)

.rel.dyn        0x08009e20        0x0
 .rel.iplt      0x08009e20        0x0 D:/SOFT/STM32CubeIDE_1.16.0/STM32CubeIDE/plugins/com.st.stm32cube.ide.mcu.externaltools.gnu-tools-for-stm32.12.3.rel1.win32_1.0.200.202406191623/tools/bin/../lib/gcc/arm-none-eabi/12.3.1/thumb/v7e-m+fp/hard/crtbegin.o

.data           0x20000000       0x80 load address 0x08009e20
                0x20000000                        . = ALIGN (0x4)
                0x20000000                        _sdata = .
 *(.data)
 *(.data*)
 .data.DispTout
                0x20000000        0x2 ./Core/Src/display.o
                0x20000000                DispTout
 *fill*         0x20000002        0x2 
 .data.SystemCoreClock
                0x20000004        0x4 ./Core/Src/system_stm32f4xx.o
                0x20000004                SystemCoreClock
 .data.uwTickFreq
                0x20000008        0x1 ./Drivers/STM32F4xx_HAL_Driver/Src/stm32f4xx_hal.o
                0x20000008                uwTickFreq
 *fill*         0x20000009        0x3 
 .data.uwTickPrio
                0x2000000c        0x4 ./Drivers/STM32F4xx_HAL_Driver/Src/stm32f4xx_hal.o
                0x2000000c                uwTickPrio
 .data.USBH_msc
                0x20000010       0x20 ./Middlewares/ST/STM32_USB_Host_Library/Class/MSC/Src/usbh_msc.o
                0x20000010                USBH_msc
 .data._impure_ptr
                0x20000030        0x4 D:/SOFT/STM32CubeIDE_1.16.0/STM32CubeIDE/plugins/com.st.stm32cube.ide.mcu.externaltools.gnu-tools-for-stm32.12.3.rel1.win32_1.0.200.202406191623/tools/bin/../lib/gcc/arm-none-eabi/12.3.1/../../../../arm-none-eabi/lib/thumb/v7e-m+fp/hard\libc_nano.a(libc_a-impure.o)
                0x20000030                _impure_ptr
 .data._impure_data
                0x20000034       0x4c D:/SOFT/STM32CubeIDE_1.16.0/STM32CubeIDE/plugins/com.st.stm32cube.ide.mcu.externaltools.gnu-tools-for-stm32.12.3.rel1.win32_1.0.200.202406191623/tools/bin/../lib/gcc/arm-none-eabi/12.3.1/../../../../arm-none-eabi/lib/thumb/v7e-m+fp/hard\libc_nano.a(libc_a-impure.o)
                0x20000034                _impure_data
 *(.RamFunc)
 *(.RamFunc*)
                0x20000080                        . = ALIGN (0x4)
                0x20000080                        _edata = .
                0x08009ea0                        _siccmram = LOADADDR (.ccmram)

.igot.plt       0x20000080        0x0 load address 0x08009ea0
 .igot.plt      0x20000080        0x0 D:/SOFT/STM32CubeIDE_1.16.0/STM32CubeIDE/plugins/com.st.stm32cube.ide.mcu.externaltools.gnu-tools-for-stm32.12.3.rel1.win32_1.0.200.202406191623/tools/bin/../lib/gcc/arm-none-eabi/12.3.1/thumb/v7e-m+fp/hard/crtbegin.o

.ccmram         0x10000000        0x0 load address 0x08009ea0
                0x10000000                        . = ALIGN (0x4)
                0x10000000                        _sccmram = .
 *(.ccmram)
 *(.ccmram*)
                0x10000000                        . = ALIGN (0x4)
                0x10000000                        _eccmram = .
                0x10000000                        . = ALIGN (0x4)

.bss            0x20000080     0x38b4
                0x20000080                        _sbss = .
                0x20000080                        __bss_start__ = _sbss
 *(.bss)
 .bss           0x20000080       0x1c D:/SOFT/STM32CubeIDE_1.16.0/STM32CubeIDE/plugins/com.st.stm32cube.ide.mcu.externaltools.gnu-tools-for-stm32.12.3.rel1.win32_1.0.200.202406191623/tools/bin/../lib/gcc/arm-none-eabi/12.3.1/thumb/v7e-m+fp/hard/crtbegin.o
 *(.bss*)
 .bss.dig.0     0x2000009c        0x4 ./Core/Src/display.o
 .bss.Menu      0x200000a0        0x8 ./Core/Src/display.o
                0x200000a0                Menu
 .bss.DispUart  0x200000a8       0x52 ./Core/Src/display.o
                0x200000a8                DispUart
 .bss.Button_handler_counter
                0x200000fa        0x2 ./Core/Src/display.o
                0x200000fa                Button_handler_counter
 .bss.UART_TX_counter
                0x200000fc        0x2 ./Core/Src/display.o
                0x200000fc                UART_TX_counter
 *fill*         0x200000fe        0x2 
 .bss.Operate_Led_Counter
                0x20000100        0x4 ./Core/Src/display.o
                0x20000100                Operate_Led_Counter
 .bss.Exit_Flag_FR
                0x20000104        0x1 ./Core/Src/main.o
                0x20000104                Exit_Flag_FR
 .bss.Exit_Bit  0x20000105        0x1 ./Core/Src/main.o
                0x20000105                Exit_Bit
 .bss.Verification_Error
                0x20000106        0x1 ./Core/Src/main.o
                0x20000106                Verification_Error
 *fill*         0x20000107        0x1 
 .bss.Value_int16_t
                0x20000108        0x2 ./Core/Src/main.o
                0x20000108                Value_int16_t
 .bss.Value     0x2000010a        0x2 ./Core/Src/main.o
                0x2000010a                Value
 .bss.Need_Do_Onse
                0x2000010c        0x1 ./Core/Src/main.o
                0x2000010c                Need_Do_Onse
 .bss.File_Number_Counter
                0x2000010d        0x1 ./Core/Src/main.o
                0x2000010d                File_Number_Counter
 .bss.Read_Version_Allowed_Counter
                0x2000010e        0x1 ./Core/Src/main.o
                0x2000010e                Read_Version_Allowed_Counter
 .bss.Read_Version_Allowed
                0x2000010f        0x1 ./Core/Src/main.o
                0x2000010f                Read_Version_Allowed
 .bss.Firmware_Upgrase_Allowed_Counter
                0x20000110        0x1 ./Core/Src/main.o
                0x20000110                Firmware_Upgrase_Allowed_Counter
 .bss.Firmware_Upgrase_Allowed
                0x20000111        0x1 ./Core/Src/main.o
                0x20000111                Firmware_Upgrase_Allowed
 .bss.Finde_BIN_Files
                0x20000112        0x1 ./Core/Src/main.o
                0x20000112                Finde_BIN_Files
 *fill*         0x20000113        0x1 
 .bss.DispFilePos
                0x20000114        0x2 ./Core/Src/main.o
                0x20000114                DispFilePos
 .bss.DispFileNum
                0x20000116        0x2 ./Core/Src/main.o
                0x20000116                DispFileNum
 .bss.SwCurrName
                0x20000118       0x20 ./Core/Src/main.o
                0x20000118                SwCurrName
 .bss.SwNewName
                0x20000138       0x20 ./Core/Src/main.o
                0x20000138                SwNewName
 .bss.File_Size_Current
                0x20000158        0x4 ./Core/Src/main.o
                0x20000158                File_Size_Current
 .bss.File_Size_Mas
                0x2000015c       0x80 ./Core/Src/main.o
                0x2000015c                File_Size_Mas
 .bss.Name_For_File_Open
                0x200001dc      0x400 ./Core/Src/main.o
                0x200001dc                Name_For_File_Open
 .bss.UsbFileName_For_Display
                0x200005dc      0x400 ./Core/Src/main.o
                0x200005dc                UsbFileName_For_Display
 .bss.Buttons   0x200009dc        0x8 ./Core/Src/main.o
                0x200009dc                Buttons
 .bss.Menu_Proces_Status
                0x200009e4        0x1 ./Core/Src/main.o
                0x200009e4                Menu_Proces_Status
 .bss.USB_Status_For_Menu_Item
                0x200009e5        0x1 ./Core/Src/main.o
                0x200009e5                USB_Status_For_Menu_Item
 .bss.USB_Status_For_Display
                0x200009e6        0x1 ./Core/Src/main.o
                0x200009e6                USB_Status_For_Display
 *fill*         0x200009e7        0x1 
 .bss.File      0x200009e8     0x1058 ./Core/Src/main.o
                0x200009e8                File
 .bss.USBDISKFatFs
                0x20001a40     0x103c ./Core/Src/main.o
                0x20001a40                USBDISKFatFs
 .bss.hdma_usart2_tx
                0x20002a7c       0x60 ./Core/Src/main.o
                0x20002a7c                hdma_usart2_tx
 .bss.huart2    0x20002adc       0x48 ./Core/Src/main.o
                0x20002adc                huart2
 .bss.htim5     0x20002b24       0x48 ./Core/Src/main.o
                0x20002b24                htim5
 .bss.__sbrk_heap_end
                0x20002b6c        0x4 ./Core/Src/sysmem.o
 .bss.uwTick    0x20002b70        0x4 ./Drivers/STM32F4xx_HAL_Driver/Src/stm32f4xx_hal.o
                0x20002b70                uwTick
 .bss.pFlash    0x20002b74       0x20 ./Drivers/STM32F4xx_HAL_Driver/Src/stm32f4xx_hal_flash.o
                0x20002b74                pFlash
 .bss.USBHPath  0x20002b94        0x4 ./FATFS/App/fatfs.o
                0x20002b94                USBHPath
 .bss.retUSBH   0x20002b98        0x1 ./FATFS/App/fatfs.o
                0x20002b98                retUSBH
 *fill*         0x20002b99        0x1 
 .bss.LfnBuf    0x20002b9a      0x200 ./Middlewares/Third_Party/FatFs/src/ff.o
 .bss.DirBuf    0x20002d9a      0x260 ./Middlewares/Third_Party/FatFs/src/ff.o
 *fill*         0x20002ffa        0x2 
 .bss.Files     0x20002ffc       0x20 ./Middlewares/Third_Party/FatFs/src/ff.o
 .bss.Fsid      0x2000301c        0x2 ./Middlewares/Third_Party/FatFs/src/ff.o
 *fill*         0x2000301e        0x2 
 .bss.FatFs     0x20003020        0x4 ./Middlewares/Third_Party/FatFs/src/ff.o
 .bss.disk      0x20003024        0xc ./Middlewares/Third_Party/FatFs/src/ff_gen_drv.o
                0x20003024                disk
 .bss.Appli_state
                0x20003030        0x1 ./USB_HOST/App/usb_host.o
                0x20003030                Appli_state
 *fill*         0x20003031        0x3 
 .bss.hUsbHostFS
                0x20003034      0x3d8 ./USB_HOST/App/usb_host.o
                0x20003034                hUsbHostFS
 .bss.hhcd_USB_OTG_FS
                0x2000340c      0x3e0 ./USB_HOST/Target/usbh_conf.o
                0x2000340c                hhcd_USB_OTG_FS
 .bss.__malloc_sbrk_start
                0x200037ec        0x4 D:/SOFT/STM32CubeIDE_1.16.0/STM32CubeIDE/plugins/com.st.stm32cube.ide.mcu.externaltools.gnu-tools-for-stm32.12.3.rel1.win32_1.0.200.202406191623/tools/bin/../lib/gcc/arm-none-eabi/12.3.1/../../../../arm-none-eabi/lib/thumb/v7e-m+fp/hard\libc_nano.a(libc_a-mallocr.o)
                0x200037ec                __malloc_sbrk_start
 .bss.__malloc_free_list
                0x200037f0        0x4 D:/SOFT/STM32CubeIDE_1.16.0/STM32CubeIDE/plugins/com.st.stm32cube.ide.mcu.externaltools.gnu-tools-for-stm32.12.3.rel1.win32_1.0.200.202406191623/tools/bin/../lib/gcc/arm-none-eabi/12.3.1/../../../../arm-none-eabi/lib/thumb/v7e-m+fp/hard\libc_nano.a(libc_a-mallocr.o)
                0x200037f0                __malloc_free_list
 .bss.__sf      0x200037f4      0x138 D:/SOFT/STM32CubeIDE_1.16.0/STM32CubeIDE/plugins/com.st.stm32cube.ide.mcu.externaltools.gnu-tools-for-stm32.12.3.rel1.win32_1.0.200.202406191623/tools/bin/../lib/gcc/arm-none-eabi/12.3.1/../../../../arm-none-eabi/lib/thumb/v7e-m+fp/hard\libc_nano.a(libc_a-findfp.o)
                0x200037f4                __sf
 .bss.errno     0x2000392c        0x4 D:/SOFT/STM32CubeIDE_1.16.0/STM32CubeIDE/plugins/com.st.stm32cube.ide.mcu.externaltools.gnu-tools-for-stm32.12.3.rel1.win32_1.0.200.202406191623/tools/bin/../lib/gcc/arm-none-eabi/12.3.1/../../../../arm-none-eabi/lib/thumb/v7e-m+fp/hard\libc_nano.a(libc_a-reent.o)
                0x2000392c                errno
 .bss.__lock___malloc_recursive_mutex
                0x20003930        0x1 D:/SOFT/STM32CubeIDE_1.16.0/STM32CubeIDE/plugins/com.st.stm32cube.ide.mcu.externaltools.gnu-tools-for-stm32.12.3.rel1.win32_1.0.200.202406191623/tools/bin/../lib/gcc/arm-none-eabi/12.3.1/../../../../arm-none-eabi/lib/thumb/v7e-m+fp/hard\libc_nano.a(libc_a-lock.o)
                0x20003930                __lock___malloc_recursive_mutex
 *(COMMON)
                0x20003934                        . = ALIGN (0x4)
 *fill*         0x20003931        0x3 
                0x20003934                        _ebss = .
                0x20003934                        __bss_end__ = _ebss

._user_heap_stack
                0x20003934      0x804
                0x20003938                        . = ALIGN (0x8)
 *fill*         0x20003934        0x4 
                [!provide]                        PROVIDE (end = .)
                0x20003938                        PROVIDE (_end = .)
                0x20003d38                        . = (. + _Min_Heap_Size)
 *fill*         0x20003938      0x400 
                0x20004138                        . = (. + _Min_Stack_Size)
 *fill*         0x20003d38      0x400 
                0x20004138                        . = ALIGN (0x8)

/DISCARD/
 libc.a(*)
 libm.a(*)
 libgcc.a(*)

.ARM.attributes
                0x00000000       0x30
 *(.ARM.attributes)
 .ARM.attributes
                0x00000000       0x22 D:/SOFT/STM32CubeIDE_1.16.0/STM32CubeIDE/plugins/com.st.stm32cube.ide.mcu.externaltools.gnu-tools-for-stm32.12.3.rel1.win32_1.0.200.202406191623/tools/bin/../lib/gcc/arm-none-eabi/12.3.1/thumb/v7e-m+fp/hard/crti.o
 .ARM.attributes
                0x00000022       0x34 D:/SOFT/STM32CubeIDE_1.16.0/STM32CubeIDE/plugins/com.st.stm32cube.ide.mcu.externaltools.gnu-tools-for-stm32.12.3.rel1.win32_1.0.200.202406191623/tools/bin/../lib/gcc/arm-none-eabi/12.3.1/thumb/v7e-m+fp/hard/crtbegin.o
 .ARM.attributes
                0x00000056       0x34 ./Core/Src/display.o
 .ARM.attributes
                0x0000008a       0x34 ./Core/Src/main.o
 .ARM.attributes
                0x000000be       0x34 ./Core/Src/stm32f4xx_hal_msp.o
 .ARM.attributes
                0x000000f2       0x34 ./Core/Src/stm32f4xx_it.o
 .ARM.attributes
                0x00000126       0x34 ./Core/Src/sysmem.o
 .ARM.attributes
                0x0000015a       0x34 ./Core/Src/system_stm32f4xx.o
 .ARM.attributes
                0x0000018e       0x21 ./Core/Startup/startup_stm32f429zitx.o
 .ARM.attributes
                0x000001af       0x34 ./Drivers/STM32F4xx_HAL_Driver/Src/stm32f4xx_hal.o
 .ARM.attributes
                0x000001e3       0x34 ./Drivers/STM32F4xx_HAL_Driver/Src/stm32f4xx_hal_cortex.o
 .ARM.attributes
                0x00000217       0x34 ./Drivers/STM32F4xx_HAL_Driver/Src/stm32f4xx_hal_dma.o
 .ARM.attributes
                0x0000024b       0x34 ./Drivers/STM32F4xx_HAL_Driver/Src/stm32f4xx_hal_flash.o
 .ARM.attributes
                0x0000027f       0x34 ./Drivers/STM32F4xx_HAL_Driver/Src/stm32f4xx_hal_flash_ex.o
 .ARM.attributes
                0x000002b3       0x34 ./Drivers/STM32F4xx_HAL_Driver/Src/stm32f4xx_hal_gpio.o
 .ARM.attributes
                0x000002e7       0x34 ./Drivers/STM32F4xx_HAL_Driver/Src/stm32f4xx_hal_hcd.o
 .ARM.attributes
                0x0000031b       0x34 ./Drivers/STM32F4xx_HAL_Driver/Src/stm32f4xx_hal_rcc.o
 .ARM.attributes
                0x0000034f       0x34 ./Drivers/STM32F4xx_HAL_Driver/Src/stm32f4xx_hal_rcc_ex.o
 .ARM.attributes
                0x00000383       0x34 ./Drivers/STM32F4xx_HAL_Driver/Src/stm32f4xx_hal_tim.o
 .ARM.attributes
                0x000003b7       0x34 ./Drivers/STM32F4xx_HAL_Driver/Src/stm32f4xx_hal_tim_ex.o
 .ARM.attributes
                0x000003eb       0x34 ./Drivers/STM32F4xx_HAL_Driver/Src/stm32f4xx_hal_uart.o
 .ARM.attributes
                0x0000041f       0x34 ./Drivers/STM32F4xx_HAL_Driver/Src/stm32f4xx_ll_usb.o
 .ARM.attributes
                0x00000453       0x34 ./FATFS/App/fatfs.o
 .ARM.attributes
                0x00000487       0x34 ./FATFS/Target/usbh_diskio.o
 .ARM.attributes
                0x000004bb       0x34 ./Middlewares/ST/STM32_USB_Host_Library/Class/MSC/Src/usbh_msc.o
 .ARM.attributes
                0x000004ef       0x34 ./Middlewares/ST/STM32_USB_Host_Library/Class/MSC/Src/usbh_msc_bot.o
 .ARM.attributes
                0x00000523       0x34 ./Middlewares/ST/STM32_USB_Host_Library/Class/MSC/Src/usbh_msc_scsi.o
 .ARM.attributes
                0x00000557       0x34 ./Middlewares/ST/STM32_USB_Host_Library/Core/Src/usbh_core.o
 .ARM.attributes
                0x0000058b       0x34 ./Middlewares/ST/STM32_USB_Host_Library/Core/Src/usbh_ctlreq.o
 .ARM.attributes
                0x000005bf       0x34 ./Middlewares/ST/STM32_USB_Host_Library/Core/Src/usbh_ioreq.o
 .ARM.attributes