Archive member included to satisfy reference by file (symbol)

D:/SOFT/STM32CubeIDE_1.16.0/STM32CubeIDE/plugins/com.st.stm32cube.ide.mcu.externaltools.gnu-tools-for-stm32.12.3.rel1.win32_1.0.200.202406191623/tools/bin/../lib/gcc/arm-none-eabi/12.3.1/../../../../arm-none-eabi/lib/thumb/v7e-m+fp/hard\libc_nano.a(libc_a-exit.o)
                              D:/SOFT/STM32CubeIDE_1.16.0/STM32CubeIDE/plugins/com.st.stm32cube.ide.mcu.externaltools.gnu-tools-for-stm32.12.3.rel1.win32_1.0.200.202406191623/tools/bin/../lib/gcc/arm-none-eabi/12.3.1/../../../../arm-none-eabi/lib/thumb/v7e-m+fp/hard/crt0.o (exit)
D:/SOFT/STM32CubeIDE_1.16.0/STM32CubeIDE/plugins/com.st.stm32cube.ide.mcu.externaltools.gnu-tools-for-stm32.12.3.rel1.win32_1.0.200.202406191623/tools/bin/../lib/gcc/arm-none-eabi/12.3.1/../../../../arm-none-eabi/lib/thumb/v7e-m+fp/hard\libc_nano.a(libc_a-findfp.o)
                              D:/SOFT/STM32CubeIDE_1.16.0/STM32CubeIDE/plugins/com.st.stm32cube.ide.mcu.externaltools.gnu-tools-for-stm32.12.3.rel1.win32_1.0.200.202406191623/tools/bin/../lib/gcc/arm-none-eabi/12.3.1/../../../../arm-none-eabi/lib/thumb/v7e-m+fp/hard\libc_nano.a(libc_a-exit.o) (__stdio_exit_handler)
D:/SOFT/STM32CubeIDE_1.16.0/STM32CubeIDE/plugins/com.st.stm32cube.ide.mcu.externaltools.gnu-tools-for-stm32.12.3.rel1.win32_1.0.200.202406191623/tools/bin/../lib/gcc/arm-none-eabi/12.3.1/../../../../arm-none-eabi/lib/thumb/v7e-m+fp/hard\libc_nano.a(libc_a-fwalk.o)
                              D:/SOFT/STM32CubeIDE_1.16.0/STM32CubeIDE/plugins/com.st.stm32cube.ide.mcu.externaltools.gnu-tools-for-stm32.12.3.rel1.win32_1.0.200.202406191623/tools/bin/../lib/gcc/arm-none-eabi/12.3.1/../../../../arm-none-eabi/lib/thumb/v7e-m+fp/hard\libc_nano.a(libc_a-findfp.o) (_fwalk_sglue)
D:/SOFT/STM32CubeIDE_1.16.0/STM32CubeIDE/plugins/com.st.stm32cube.ide.mcu.externaltools.gnu-tools-for-stm32.12.3.rel1.win32_1.0.200.202406191623/tools/bin/../lib/gcc/arm-none-eabi/12.3.1/../../../../arm-none-eabi/lib/thumb/v7e-m+fp/hard\libc_nano.a(libc_a-stdio.o)
                              D:/SOFT/STM32CubeIDE_1.16.0/STM32CubeIDE/plugins/com.st.stm32cube.ide.mcu.externaltools.gnu-tools-for-stm32.12.3.rel1.win32_1.0.200.202406191623/tools/bin/../lib/gcc/arm-none-eabi/12.3.1/../../../../arm-none-eabi/lib/thumb/v7e-m+fp/hard\libc_nano.a(libc_a-findfp.o) (__sread)
D:/SOFT/STM32CubeIDE_1.16.0/STM32CubeIDE/plugins/com.st.stm32cube.ide.mcu.externaltools.gnu-tools-for-stm32.12.3.rel1.win32_1.0.200.202406191623/tools/bin/../lib/gcc/arm-none-eabi/12.3.1/../../../../arm-none-eabi/lib/thumb/v7e-m+fp/hard\libc_nano.a(libc_a-memset.o)
                              D:/SOFT/STM32CubeIDE_1.16.0/STM32CubeIDE/plugins/com.st.stm32cube.ide.mcu.externaltools.gnu-tools-for-stm32.12.3.rel1.win32_1.0.200.202406191623/tools/bin/../lib/gcc/arm-none-eabi/12.3.1/../../../../arm-none-eabi/lib/thumb/v7e-m+fp/hard/crt0.o (memset)
D:/SOFT/STM32CubeIDE_1.16.0/STM32CubeIDE/plugins/com.st.stm32cube.ide.mcu.externaltools.gnu-tools-for-stm32.12.3.rel1.win32_1.0.200.202406191623/tools/bin/../lib/gcc/arm-none-eabi/12.3.1/../../../../arm-none-eabi/lib/thumb/v7e-m+fp/hard\libc_nano.a(libc_a-closer.o)
                              D:/SOFT/STM32CubeIDE_1.16.0/STM32CubeIDE/plugins/com.st.stm32cube.ide.mcu.externaltools.gnu-tools-for-stm32.12.3.rel1.win32_1.0.200.202406191623/tools/bin/../lib/gcc/arm-none-eabi/12.3.1/../../../../arm-none-eabi/lib/thumb/v7e-m+fp/hard\libc_nano.a(libc_a-stdio.o) (_close_r)
D:/SOFT/STM32CubeIDE_1.16.0/STM32CubeIDE/plugins/com.st.stm32cube.ide.mcu.externaltools.gnu-tools-for-stm32.12.3.rel1.win32_1.0.200.202406191623/tools/bin/../lib/gcc/arm-none-eabi/12.3.1/../../../../arm-none-eabi/lib/thumb/v7e-m+fp/hard\libc_nano.a(libc_a-reent.o)
                              D:/SOFT/STM32CubeIDE_1.16.0/STM32CubeIDE/plugins/com.st.stm32cube.ide.mcu.externaltools.gnu-tools-for-stm32.12.3.rel1.win32_1.0.200.202406191623/tools/bin/../lib/gcc/arm-none-eabi/12.3.1/../../../../arm-none-eabi/lib/thumb/v7e-m+fp/hard\libc_nano.a(libc_a-closer.o) (errno)
D:/SOFT/STM32CubeIDE_1.16.0/STM32CubeIDE/plugins/com.st.stm32cube.ide.mcu.externaltools.gnu-tools-for-stm32.12.3.rel1.win32_1.0.200.202406191623/tools/bin/../lib/gcc/arm-none-eabi/12.3.1/../../../../arm-none-eabi/lib/thumb/v7e-m+fp/hard\libc_nano.a(libc_a-impure.o)
                              D:/SOFT/STM32CubeIDE_1.16.0/STM32CubeIDE/plugins/com.st.stm32cube.ide.mcu.externaltools.gnu-tools-for-stm32.12.3.rel1.win32_1.0.200.202406191623/tools/bin/../lib/gcc/arm-none-eabi/12.3.1/../../../../arm-none-eabi/lib/thumb/v7e-m+fp/hard\libc_nano.a(libc_a-reent.o) (_impure_ptr)
D:/SOFT/STM32CubeIDE_1.16.0/STM32CubeIDE/plugins/com.st.stm32cube.ide.mcu.externaltools.gnu-tools-for-stm32.12.3.rel1.win32_1.0.200.202406191623/tools/bin/../lib/gcc/arm-none-eabi/12.3.1/../../../../arm-none-eabi/lib/thumb/v7e-m+fp/hard\libc_nano.a(libc_a-lseekr.o)
[...]
Memory Configuration

Name             Origin             Length             Attributes
CCMRAM           0x10000000         0x00010000         xrw
RAM              0x20000000         0x00030000         xrw
FLASH            0x08000000         0x00200000         xr
*default*        0x00000000         0xffffffff

Linker script and memory map

LOAD D:/SOFT/STM32CubeIDE_1.16.0/STM32CubeIDE/plugins/com.st.stm32cube.ide.mcu.externaltools.gnu-tools-for-stm32.12.3.rel1.win32_1.0.200.202406191623/tools/bin/../lib/gcc/arm-none-eabi/12.3.1/thumb/v7e-m+fp/hard/crti.o
LOAD D:/SOFT/STM32CubeIDE_1.16.0/STM32CubeIDE/plugins/com.st.stm32cube.ide.mcu.externaltools.gnu-tools-for-stm32.12.3.rel1.win32_1.0.200.202406191623/tools/bin/../lib/gcc/arm-none-eabi/12.3.1/thumb/v7e-m+fp/hard/crtbegin.o
LOAD D:/SOFT/STM32CubeIDE_1.16.0/STM32CubeIDE/plugins/com.st.stm32cube.ide.mcu.externaltools.gnu-tools-for-stm32.12.3.rel1.win32_1.0.200.202406191623/tools/bin/../lib/gcc/arm-none-eabi/12.3.1/../../../../arm-none-eabi/lib/thumb/v7e-m+fp/hard/crt0.o
LOAD ./Core/Src/flash_r_w.o
LOAD ./Core/Src/main.o
LOAD ./Core/Src/stm32f4xx_hal_msp.o
LOAD ./Core/Src/stm32f4xx_it.o
LOAD ./Core/Src/syscalls.o
LOAD ./Core/Src/sysmem.o
LOAD ./Core/Src/system_stm32f4xx.o
LOAD ./Core/Startup/startup_stm32f429zitx.o
LOAD ./Drivers/STM32F4xx_HAL_Driver/Src/stm32f4xx_hal.o
LOAD ./Drivers/STM32F4xx_HAL_Driver/Src/stm32f4xx_hal_cortex.o
LOAD ./Drivers/STM32F4xx_HAL_Driver/Src/stm32f4xx_hal_dma.o
LOAD ./Drivers/STM32F4xx_HAL_Driver/Src/stm32f4xx_hal_dma_ex.o
LOAD ./Drivers/STM32F4xx_HAL_Driver/Src/stm32f4xx_hal_exti.o
LOAD ./Drivers/STM32F4xx_HAL_Driver/Src/stm32f4xx_hal_flash.o
LOAD ./Drivers/STM32F4xx_HAL_Driver/Src/stm32f4xx_hal_flash_ex.o
LOAD ./Drivers/STM32F4xx_HAL_Driver/Src/stm32f4xx_hal_flash_ramfunc.o
LOAD ./Drivers/STM32F4xx_HAL_Driver/Src/stm32f4xx_hal_gpio.o
LOAD ./Drivers/STM32F4xx_HAL_Driver/Src/stm32f4xx_hal_pcd.o
LOAD ./Drivers/STM32F4xx_HAL_Driver/Src/stm32f4xx_hal_pcd_ex.o
LOAD ./Drivers/STM32F4xx_HAL_Driver/Src/stm32f4xx_hal_pwr.o
LOAD ./Drivers/STM32F4xx_HAL_Driver/Src/stm32f4xx_hal_pwr_ex.o
LOAD ./Drivers/STM32F4xx_HAL_Driver/Src/stm32f4xx_hal_rcc.o
LOAD ./Drivers/STM32F4xx_HAL_Driver/Src/stm32f4xx_hal_rcc_ex.o
LOAD ./Drivers/STM32F4xx_HAL_Driver/Src/stm32f4xx_hal_spi.o
LOAD ./Drivers/STM32F4xx_HAL_Driver/Src/stm32f4xx_hal_tim.o
LOAD ./Drivers/STM32F4xx_HAL_Driver/Src/stm32f4xx_hal_tim_ex.o
LOAD ./Drivers/STM32F4xx_HAL_Driver/Src/stm32f4xx_ll_usb.o
LOAD ./FATFS/App/fatfs.o
LOAD ./FATFS/Target/user_diskio.o
LOAD ./Middlewares/ST/STM32_USB_Device_Library/Class/MSC/Src/usbd_msc.o
LOAD ./Middlewares/ST/STM32_USB_Device_Library/Class/MSC/Src/usbd_msc_bot.o
LOAD ./Middlewares/ST/STM32_USB_Device_Library/Class/MSC/Src/usbd_msc_data.o
LOAD ./Middlewares/ST/STM32_USB_Device_Library/Class/MSC/Src/usbd_msc_scsi.o
LOAD ./Middlewares/ST/STM32_USB_Device_Library/Core/Src/usbd_core.o
LOAD ./Middlewares/ST/STM32_USB_Device_Library/Core/Src/usbd_ctlreq.o
LOAD ./Middlewares/ST/STM32_USB_Device_Library/Core/Src/usbd_ioreq.o
LOAD ./Middlewares/Third_Party/FatFs/src/diskio.o
LOAD ./Middlewares/Third_Party/FatFs/src/ff.o
LOAD ./Middlewares/Third_Party/FatFs/src/ff_gen_drv.o
LOAD ./Middlewares/Third_Party/FatFs/src/option/syscall.o
LOAD ./USB_DEVICE/App/usb_device.o
LOAD ./USB_DEVICE/App/usbd_desc.o
LOAD ./USB_DEVICE/App/usbd_storage_if.o
LOAD ./USB_DEVICE/Target/usbd_conf.o
START GROUP
LOAD D:/SOFT/STM32CubeIDE_1.16.0/STM32CubeIDE/plugins/com.st.stm32cube.ide.mcu.externaltools.gnu-tools-for-stm32.12.3.rel1.win32_1.0.200.202406191623/tools/bin/../lib/gcc/arm-none-eabi/12.3.1/../../../../arm-none-eabi/lib/thumb/v7e-m+fp/hard\libc_nano.a
LOAD D:/SOFT/STM32CubeIDE_1.16.0/STM32CubeIDE/plugins/com.st.stm32cube.ide.mcu.externaltools.gnu-tools-for-stm32.12.3.rel1.win32_1.0.200.202406191623/tools/bin/../lib/gcc/arm-none-eabi/12.3.1/../../../../arm-none-eabi/lib/thumb/v7e-m+fp/hard\libm.a
END GROUP
START GROUP
LOAD D:/SOFT/STM32CubeIDE_1.16.0/STM32CubeIDE/plugins/com.st.stm32cube.ide.mcu.externaltools.gnu-tools-for-stm32.12.3.rel1.win32_1.0.200.202406191623/tools/bin/../lib/gcc/arm-none-eabi/12.3.1/thumb/v7e-m+fp/hard\libgcc.a
LOAD D:/SOFT/STM32CubeIDE_1.16.0/STM32CubeIDE/plugins/com.st.stm32cube.ide.mcu.externaltools.gnu-tools-for-stm32.12.3.rel1.win32_1.0.200.202406191623/tools/bin/../lib/gcc/arm-none-eabi/12.3.1/../../../../arm-none-eabi/lib/thumb/v7e-m+fp/hard\libc_nano.a
END GROUP
START GROUP
LOAD D:/SOFT/STM32CubeIDE_1.16.0/STM32CubeIDE/plugins/com.st.stm32cube.ide.mcu.externaltools.gnu-tools-for-stm32.12.3.rel1.win32_1.0.200.202406191623/tools/bin/../lib/gcc/arm-none-eabi/12.3.1/thumb/v7e-m+fp/hard\libgcc.a
LOAD D:/SOFT/STM32CubeIDE_1.16.0/STM32CubeIDE/plugins/com.st.stm32cube.ide.mcu.externaltools.gnu-tools-for-stm32.12.3.rel1.win32_1.0.200.202406191623/tools/bin/../lib/gcc/arm-none-eabi/12.3.1/../../../../arm-none-eabi/lib/thumb/v7e-m+fp/hard\libc_nano.a
LOAD D:/SOFT/STM32CubeIDE_1.16.0/STM32CubeIDE/plugins/com.st.stm32cube.ide.mcu.externaltools.gnu-tools-for-stm32.12.3.rel1.win32_1.0.200.202406191623/tools/bin/../lib/gcc/arm-none-eabi/12.3.1/../../../../arm-none-eabi/lib/thumb/v7e-m+fp/hard\libnosys.a
END GROUP
START GROUP
LOAD D:/SOFT/STM32CubeIDE_1.16.0/STM32CubeIDE/plugins/com.st.stm32cube.ide.mcu.externaltools.gnu-tools-for-stm32.12.3.rel1.win32_1.0.200.202406191623/tools/bin/../lib/gcc/arm-none-eabi/12.3.1/thumb/v7e-m+fp/hard\libgcc.a
LOAD D:/SOFT/STM32CubeIDE_1.16.0/STM32CubeIDE/plugins/com.st.stm32cube.ide.mcu.externaltools.gnu-tools-for-stm32.12.3.rel1.win32_1.0.200.202406191623/tools/bin/../lib/gcc/arm-none-eabi/12.3.1/../../../../arm-none-eabi/lib/thumb/v7e-m+fp/hard\libc_nano.a
LOAD D:/SOFT/STM32CubeIDE_1.16.0/STM32CubeIDE/plugins/com.st.stm32cube.ide.mcu.externaltools.gnu-tools-for-stm32.12.3.rel1.win32_1.0.200.202406191623/tools/bin/../lib/gcc/arm-none-eabi/12.3.1/../../../../arm-none-eabi/lib/thumb/v7e-m+fp/hard\libnosys.a
END GROUP
LOAD D:/SOFT/STM32CubeIDE_1.16.0/STM32CubeIDE/plugins/com.st.stm32cube.ide.mcu.externaltools.gnu-tools-for-stm32.12.3.rel1.win32_1.0.200.202406191623/tools/bin/../lib/gcc/arm-none-eabi/12.3.1/thumb/v7e-m+fp/hard/crtend.o
LOAD D:/SOFT/STM32CubeIDE_1.16.0/STM32CubeIDE/plugins/com.st.stm32cube.ide.mcu.externaltools.gnu-tools-for-stm32.12.3.rel1.win32_1.0.200.202406191623/tools/bin/../lib/gcc/arm-none-eabi/12.3.1/thumb/v7e-m+fp/hard/crtn.o
                0x20030000                        _estack = (ORIGIN (RAM) + LENGTH (RAM))
                0x00000200                        _Min_Heap_Size = 0x200
                0x00000400                        _Min_Stack_Size = 0x400

.isr_vector     0x08000000      0x1ac
                0x08000000                        . = ALIGN (0x4)
 *(.isr_vector)
 .isr_vector    0x08000000      0x1ac ./Core/Startup/startup_stm32f429zitx.o
                0x08000000                g_pfnVectors
                0x080001ac                        . = ALIGN (0x4)

.text           0x080001ac     0x8c34
                0x080001ac                        . = ALIGN (0x4)
 *(.text)
 .text          0x080001ac       0x40 D:/SOFT/STM32CubeIDE_1.16.0/STM32CubeIDE/plugins/com.st.stm32cube.ide.mcu.externaltools.gnu-tools-for-stm32.12.3.rel1.win32_1.0.200.202406191623/tools/bin/../lib/gcc/arm-none-eabi/12.3.1/thumb/v7e-m+fp/hard/crtbegin.o
 .text          0x080001ec       0x30 D:/SOFT/STM32CubeIDE_1.16.0/STM32CubeIDE/plugins/com.st.stm32cube.ide.mcu.externaltools.gnu-tools-for-stm32.12.3.rel1.win32_1.0.200.202406191623/tools/bin/../lib/gcc/arm-none-eabi/12.3.1/thumb/v7e-m+fp/hard\libgcc.a(_aeabi_uldivmod.o)
                0x080001ec                __aeabi_uldivmod
 .text          0x0800021c      0x2bc D:/SOFT/STM32CubeIDE_1.16.0/STM32CubeIDE/plugins/com.st.stm32cube.ide.mcu.externaltools.gnu-tools-for-stm32.12.3.rel1.win32_1.0.200.202406191623/tools/bin/../lib/gcc/arm-none-eabi/12.3.1/thumb/v7e-m+fp/hard\libgcc.a(_udivmoddi4.o)
                0x0800021c                __udivmoddi4
 .text          0x080004d8        0x4 D:/SOFT/STM32CubeIDE_1.16.0/STM32CubeIDE/plugins/com.st.stm32cube.ide.mcu.externaltools.gnu-tools-for-stm32.12.3.rel1.win32_1.0.200.202406191623/tools/bin/../lib/gcc/arm-none-eabi/12.3.1/thumb/v7e-m+fp/hard\libgcc.a(_dvmd_tls.o)
                0x080004d8                __aeabi_idiv0
                0x080004d8                __aeabi_ldiv0
 *(.text*)
 .text.Data_From_USB_To_Flash
                0x080004dc       0xac ./Core/Src/main.o
                0x080004dc                Data_From_USB_To_Flash
 .text.main     0x08000588       0x44 ./Core/Src/main.o
                0x08000588                main
 .text.SystemClock_Config
                0x080005cc       0xd8 ./Core/Src/main.o
                0x080005cc                SystemClock_Config
 .text.MX_SPI1_Init
                0x080006a4       0x6c ./Core/Src/main.o
 .text.MX_GPIO_Init
                0x08000710       0xa0 ./Core/Src/main.o
 .text.Error_Handler
                0x080007b0        0xc ./Core/Src/main.o
                0x080007b0                Error_Handler
 .text.HAL_MspInit
                0x080007bc       0x5c ./Core/Src/stm32f4xx_hal_msp.o
                0x080007bc                HAL_MspInit
 .text.HAL_SPI_MspInit
                0x08000818       0x90 ./Core/Src/stm32f4xx_hal_msp.o
                0x08000818                HAL_SPI_MspInit
 .text.NMI_Handler
                0x080008a8        0x8 ./Core/Src/stm32f4xx_it.o
                0x080008a8                NMI_Handler
 .text.HardFault_Handler
                0x080008b0        0x8 ./Core/Src/stm32f4xx_it.o
                0x080008b0                HardFault_Handler
 .text.MemManage_Handler
                0x080008b8        0x8 ./Core/Src/stm32f4xx_it.o
                0x080008b8                MemManage_Handler
 .text.BusFault_Handler
                0x080008c0        0x8 ./Core/Src/stm32f4xx_it.o
                0x080008c0                BusFault_Handler
 .text.UsageFault_Handler
                0x080008c8        0x8 ./Core/Src/stm32f4xx_it.o
                0x080008c8                UsageFault_Handler
 .text.SVC_Handler
                0x080008d0        0xe ./Core/Src/stm32f4xx_it.o
                0x080008d0                SVC_Handler
 .text.DebugMon_Handler
                0x080008de        0xe ./Core/Src/stm32f4xx_it.o
                0x080008de                DebugMon_Handler
 .text.PendSV_Handler
                0x080008ec        0xe ./Core/Src/stm32f4xx_it.o
                0x080008ec                PendSV_Handler
 .text.SysTick_Handler
                0x080008fa        0xc ./Core/Src/stm32f4xx_it.o
                0x080008fa                SysTick_Handler
 .text.RCC_IRQHandler
                0x08000906        0xe ./Core/Src/stm32f4xx_it.o
                0x08000906                RCC_IRQHandler
 .text.OTG_FS_IRQHandler
                0x08000914       0x14 ./Core/Src/stm32f4xx_it.o
                0x08000914                OTG_FS_IRQHandler
 .text.SystemInit
                0x08000928       0x24 ./Core/Src/system_stm32f4xx.o
                0x08000928                SystemInit
 .text.Reset_Handler
                0x0800094c       0x50 ./Core/Startup/startup_stm32f429zitx.o
                0x0800094c                Reset_Handler
 .text.Default_Handler
                0x0800099c        0x2 ./Core/Startup/startup_stm32f429zitx.o
                0x0800099c                RTC_Alarm_IRQHandler
                0x0800099c                HASH_RNG_IRQHandler
                0x0800099c                EXTI2_IRQHandler
                0x0800099c                TIM8_CC_IRQHandler
                0x0800099c                UART8_IRQHandler
                0x0800099c                SPI4_IRQHandler
                0x0800099c                TIM1_CC_IRQHandler
                0x0800099c                DMA2_Stream5_IRQHandler
                0x0800099c                DMA1_Stream5_IRQHandler
                0x0800099c                PVD_IRQHandler
                0x0800099c                SDIO_IRQHandler
                0x0800099c                TAMP_STAMP_IRQHandler
                0x0800099c                CAN2_RX1_IRQHandler
                0x0800099c                EXTI3_IRQHandler
                0x0800099c                TIM8_TRG_COM_TIM14_IRQHandler
                0x0800099c                TIM1_UP_TIM10_IRQHandler
                0x0800099c                TIM8_UP_TIM13_IRQHandler
                0x0800099c                I2C3_ER_IRQHandler
                0x0800099c                EXTI0_IRQHandler
                0x0800099c                I2C2_EV_IRQHandler
                0x0800099c                DMA1_Stream2_IRQHandler
                0x0800099c                CAN1_RX0_IRQHandler
                0x0800099c                FPU_IRQHandler
                0x0800099c                OTG_HS_WKUP_IRQHandler
                0x0800099c                LTDC_ER_IRQHandler
                0x0800099c                CAN2_SCE_IRQHandler
                0x0800099c                DMA2_Stream2_IRQHandler
                0x0800099c                SPI1_IRQHandler
                0x0800099c                TIM6_DAC_IRQHandler
                0x0800099c                TIM1_BRK_TIM9_IRQHandler
                0x0800099c                DCMI_IRQHandler
                0x0800099c                CAN2_RX0_IRQHandler
                0x0800099c                DMA2_Stream3_IRQHandler
                0x0800099c                USART6_IRQHandler
                0x0800099c                USART3_IRQHandler
                0x0800099c                CAN1_RX1_IRQHandler
                0x0800099c                UART5_IRQHandler
                0x0800099c                DMA2_Stream0_IRQHandler
                0x0800099c                TIM4_IRQHandler
                0x0800099c                I2C1_EV_IRQHandler
                0x0800099c                DMA1_Stream6_IRQHandler
                0x0800099c                DMA1_Stream1_IRQHandler
                0x0800099c                UART4_IRQHandler
                0x0800099c                TIM3_IRQHandler
                0x0800099c                TIM8_BRK_TIM12_IRQHandler
                0x0800099c                Default_Handler
                0x0800099c                EXTI15_10_IRQHandler
                0x0800099c                ADC_IRQHandler
                0x0800099c                DMA1_Stream7_IRQHandler
                0x0800099c                SPI5_IRQHandler
                0x0800099c                TIM7_IRQHandler
                0x0800099c                CAN2_TX_IRQHandler
                0x0800099c                TIM5_IRQHandler
                0x0800099c                DMA2_Stream7_IRQHandler
                0x0800099c                I2C3_EV_IRQHandler
                0x0800099c                EXTI9_5_IRQHandler
                0x0800099c                RTC_WKUP_IRQHandler
                0x0800099c                LTDC_IRQHandler
                0x0800099c                ETH_WKUP_IRQHandler
                0x0800099c                SPI2_IRQHandler
                0x0800099c                OTG_HS_EP1_IN_IRQHandler
                0x0800099c                DMA1_Stream0_IRQHandler
                0x0800099c                CAN1_TX_IRQHandler
                0x0800099c                EXTI4_IRQHandler
                0x0800099c                ETH_IRQHandler
                0x0800099c                OTG_HS_EP1_OUT_IRQHandler
                0x0800099c                WWDG_IRQHandler
                0x0800099c                SPI6_IRQHandler
                0x0800099c                TIM2_IRQHandler
                0x0800099c                OTG_FS_WKUP_IRQHandler
                0x0800099c                TIM1_TRG_COM_TIM11_IRQHandler
                0x0800099c                OTG_HS_IRQHandler
                0x0800099c                DMA2D_IRQHandler
                0x0800099c                EXTI1_IRQHandler
                0x0800099c                UART7_IRQHandler
                0x0800099c                USART2_IRQHandler
                0x0800099c                I2C2_ER_IRQHandler
                0x0800099c                DMA2_Stream1_IRQHandler
                0x0800099c                CAN1_SCE_IRQHandler
                0x0800099c                FLASH_IRQHandler
                0x0800099c                DMA2_Stream4_IRQHandler
                0x0800099c                USART1_IRQHandler
                0x0800099c                SPI3_IRQHandler
                0x0800099c                DMA1_Stream4_IRQHandler
                0x0800099c                I2C1_ER_IRQHandler
                0x0800099c                FMC_IRQHandler
                0x0800099c                DMA2_Stream6_IRQHandler
                0x0800099c                SAI1_IRQHandler
                0x0800099c                DMA1_Stream3_IRQHandler
 *fill*         0x0800099e        0x2 
 .text.HAL_Init
                0x080009a0       0x44 ./Drivers/STM32F4xx_HAL_Driver/Src/stm32f4xx_hal.o
                0x080009a0                HAL_Init
 .text.HAL_InitTick
                0x080009e4       0x60 ./Drivers/STM32F4xx_HAL_Driver/Src/stm32f4xx_hal.o
                0x080009e4                HAL_InitTick
 .text.HAL_IncTick
                0x08000a44       0x28 ./Drivers/STM32F4xx_HAL_Driver/Src/stm32f4xx_hal.o
                0x08000a44                HAL_IncTick
 .text.HAL_GetTick
                0x08000a6c       0x18 ./Drivers/STM32F4xx_HAL_Driver/Src/stm32f4xx_hal.o
                0x08000a6c                HAL_GetTick
 .text.HAL_Delay
                0x08000a84       0x48 ./Drivers/STM32F4xx_HAL_Driver/Src/stm32f4xx_hal.o
                0x08000a84                HAL_Delay
 .text.__NVIC_SetPriorityGrouping
                0x08000acc       0x48 ./Drivers/STM32F4xx_HAL_Driver/Src/stm32f4xx_hal_cortex.o
 .text.__NVIC_GetPriorityGrouping
                0x08000b14       0x1c ./Drivers/STM32F4xx_HAL_Driver/Src/stm32f4xx_hal_cortex.o
 .text.__NVIC_EnableIRQ
                0x08000b30       0x3c ./Drivers/STM32F4xx_HAL_Driver/Src/stm32f4xx_hal_cortex.o
 .text.__NVIC_SetPriority
                0x08000b6c       0x54 ./Drivers/STM32F4xx_HAL_Driver/Src/stm32f4xx_hal_cortex.o
 .text.NVIC_EncodePriority
                0x08000bc0       0x66 ./Drivers/STM32F4xx_HAL_Driver/Src/stm32f4xx_hal_cortex.o
 *fill*         0x08000c26        0x2 
 .text.SysTick_Config
                0x08000c28       0x44 ./Drivers/STM32F4xx_HAL_Driver/Src/stm32f4xx_hal_cortex.o
 .text.HAL_NVIC_SetPriorityGrouping
                0x08000c6c       0x16 ./Drivers/STM32F4xx_HAL_Driver/Src/stm32f4xx_hal_cortex.o
                0x08000c6c                HAL_NVIC_SetPriorityGrouping
 .text.HAL_NVIC_SetPriority
                0x08000c82       0x38 ./Drivers/STM32F4xx_HAL_Driver/Src/stm32f4xx_hal_cortex.o
                0x08000c82                HAL_NVIC_SetPriority
 .text.HAL_NVIC_EnableIRQ
                0x08000cba       0x1c ./Drivers/STM32F4xx_HAL_Driver/Src/stm32f4xx_hal_cortex.o
                0x08000cba                HAL_NVIC_EnableIRQ
 .text.HAL_SYSTICK_Config
                0x08000cd6       0x18 ./Drivers/STM32F4xx_HAL_Driver/Src/stm32f4xx_hal_cortex.o
                0x08000cd6                HAL_SYSTICK_Config
 *fill*         0x08000cee        0x2 
 .text.HAL_FLASH_Program
                0x08000cf0       0xa8 ./Drivers/STM32F4xx_HAL_Driver/Src/stm32f4xx_hal_flash.o
                0x08000cf0                HAL_FLASH_Program
 .text.HAL_FLASH_Unlock
                0x08000d98       0x44 ./Drivers/STM32F4xx_HAL_Driver/Src/stm32f4xx_hal_flash.o
                0x08000d98                HAL_FLASH_Unlock
 .text.HAL_FLASH_Lock
                0x08000ddc       0x20 ./Drivers/STM32F4xx_HAL_Driver/Src/stm32f4xx_hal_flash.o
                0x08000ddc                HAL_FLASH_Lock
 .text.FLASH_WaitForLastOperation
                0x08000dfc       0x80 ./Drivers/STM32F4xx_HAL_Driver/Src/stm32f4xx_hal_flash.o
                0x08000dfc                FLASH_WaitForLastOperation
 .text.FLASH_Program_DoubleWord
                0x08000e7c       0x64 ./Drivers/STM32F4xx_HAL_Driver/Src/stm32f4xx_hal_flash.o
 .text.FLASH_Program_Word
                0x08000ee0       0x44 ./Drivers/STM32F4xx_HAL_Driver/Src/stm32f4xx_hal_flash.o
 .text.FLASH_Program_HalfWord
                0x08000f24       0x48 ./Drivers/STM32F4xx_HAL_Driver/Src/stm32f4xx_hal_flash.o
 .text.FLASH_Program_Byte
                0x08000f6c       0x44 ./Drivers/STM32F4xx_HAL_Driver/Src/stm32f4xx_hal_flash.o
 .text.FLASH_SetErrorCode
                0x08000fb0       0xcc ./Drivers/STM32F4xx_HAL_Driver/Src/stm32f4xx_hal_flash.o
 .text.HAL_FLASHEx_Erase
                0x0800107c       0xe4 ./Drivers/STM32F4xx_HAL_Driver/Src/stm32f4xx_hal_flash_ex.o
                0x0800107c                HAL_FLASHEx_Erase
 .text.FLASH_MassErase
                0x08001160       0x74 ./Drivers/STM32F4xx_HAL_Driver/Src/stm32f4xx_hal_flash_ex.o
 .text.FLASH_Erase_Sector
                0x080011d4       0x9c ./Drivers/STM32F4xx_HAL_Driver/Src/stm32f4xx_hal_flash_ex.o
                0x080011d4                FLASH_Erase_Sector
 .text.FLASH_FlushCaches
                0x08001270       0x8c ./Drivers/STM32F4xx_HAL_Driver/Src/stm32f4xx_hal_flash_ex.o
                0x08001270                FLASH_FlushCaches
 .text.HAL_GPIO_Init
                0x080012fc      0x358 ./Drivers/STM32F4xx_HAL_Driver/Src/stm32f4xx_hal_gpio.o
                0x080012fc                HAL_GPIO_Init
 .text.HAL_GPIO_ReadPin
                0x08001654       0x30 ./Drivers/STM32F4xx_HAL_Driver/Src/stm32f4xx_hal_gpio.o
                0x08001654                HAL_GPIO_ReadPin
 .text.HAL_GPIO_WritePin
                0x08001684       0x32 ./Drivers/STM32F4xx_HAL_Driver/Src/stm32f4xx_hal_gpio.o
                0x08001684                HAL_GPIO_WritePin
 .text.HAL_PCD_Init
                0x080016b6      0x21e ./Drivers/STM32F4xx_HAL_Driver/Src/stm32f4xx_hal_pcd.o
                0x080016b6                HAL_PCD_Init
 .text.HAL_PCD_Start
                0x080018d4       0x6a ./Drivers/STM32F4xx_HAL_Driver/Src/stm32f4xx_hal_pcd.o
                0x080018d4                HAL_PCD_Start
 .text.HAL_PCD_IRQHandler
                0x0800193e      0x942 ./Drivers/STM32F4xx_HAL_Driver/Src/stm32f4xx_hal_pcd.o
                0x0800193e                HAL_PCD_IRQHandler
 .text.HAL_PCD_SetAddress
                0x08002280       0x48 ./Drivers/STM32F4xx_HAL_Driver/Src/stm32f4xx_hal_pcd.o
                0x08002280                HAL_PCD_SetAddress
 .text.HAL_PCD_EP_Open
                0x080022c8       0xd4 ./Drivers/STM32F4xx_HAL_Driver/Src/stm32f4xx_hal_pcd.o
                0x080022c8                HAL_PCD_EP_Open
 .text.HAL_PCD_EP_Close
                0x0800239c       0x94 ./Drivers/STM32F4xx_HAL_Driver/Src/stm32f4xx_hal_pcd.o
                0x0800239c                HAL_PCD_EP_Close
 .text.HAL_PCD_EP_Receive
                0x08002430       0x76 ./Drivers/STM32F4xx_HAL_Driver/Src/stm32f4xx_hal_pcd.o
                0x08002430                HAL_PCD_EP_Receive
 .text.HAL_PCD_EP_GetRxCount
                0x080024a6       0x30 ./Drivers/STM32F4xx_HAL_Driver/Src/stm32f4xx_hal_pcd.o
                0x080024a6                HAL_PCD_EP_GetRxCount
 .text.HAL_PCD_EP_Transmit
                0x080024d6       0x74 ./Drivers/STM32F4xx_HAL_Driver/Src/stm32f4xx_hal_pcd.o
                0x080024d6                HAL_PCD_EP_Transmit
 .text.HAL_PCD_EP_SetStall
                0x0800254a       0xc6 ./Drivers/STM32F4xx_HAL_Driver/Src/stm32f4xx_hal_pcd.o
                0x0800254a                HAL_PCD_EP_SetStall
 .text.HAL_PCD_EP_ClrStall
                0x08002610       0xac ./Drivers/STM32F4xx_HAL_Driver/Src/stm32f4xx_hal_pcd.o
                0x08002610                HAL_PCD_EP_ClrStall
 .text.HAL_PCD_EP_Abort
                0x080026bc       0x62 ./Drivers/STM32F4xx_HAL_Driver/Src/stm32f4xx_hal_pcd.o
                0x080026bc                HAL_PCD_EP_Abort
 .text.HAL_PCD_EP_Flush
                0x0800271e       0x5a ./Drivers/STM32F4xx_HAL_Driver/Src/stm32f4xx_hal_pcd.o
                0x0800271e                HAL_PCD_EP_Flush
 .text.PCD_WriteEmptyTxFifo
                0x08002778      0x118 ./Drivers/STM32F4xx_HAL_Driver/Src/stm32f4xx_hal_pcd.o
 .text.PCD_EP_OutXfrComplete_int
                0x08002890      0x1d0 ./Drivers/STM32F4xx_HAL_Driver/Src/stm32f4xx_hal_pcd.o
 .text.PCD_EP_OutSetupPacket_int
                0x08002a60       0x8c ./Drivers/STM32F4xx_HAL_Driver/Src/stm32f4xx_hal_pcd.o
 .text.HAL_PCDEx_SetTxFiFo
                0x08002aec       0x8e ./Drivers/STM32F4xx_HAL_Driver/Src/stm32f4xx_hal_pcd_ex.o
                0x08002aec                HAL_PCDEx_SetTxFiFo
 .text.HAL_PCDEx_SetRxFiFo
                0x08002b7a       0x22 ./Drivers/STM32F4xx_HAL_Driver/Src/stm32f4xx_hal_pcd_ex.o
                0x08002b7a                HAL_PCDEx_SetRxFiFo
 .text.HAL_PCDEx_LPM_Callback
                0x08002b9c       0x18 ./Drivers/STM32F4xx_HAL_Driver/Src/stm32f4xx_hal_pcd_ex.o
                0x08002b9c                HAL_PCDEx_LPM_Callback
 .text.HAL_RCC_OscConfig
                0x08002bb4      0x4f0 ./Drivers/STM32F4xx_HAL_Driver/Src/stm32f4xx_hal_rcc.o
                0x08002bb4                HAL_RCC_OscConfig
 .text.HAL_RCC_ClockConfig
                0x080030a4      0x1cc ./Drivers/STM32F4xx_HAL_Driver/Src/stm32f4xx_hal_rcc.o
                0x080030a4                HAL_RCC_ClockConfig
 .text.HAL_RCC_GetSysClockFreq
                0x08003270      0x20c ./Drivers/STM32F4xx_HAL_Driver/Src/stm32f4xx_hal_rcc.o
                0x08003270                HAL_RCC_GetSysClockFreq
 .text.HAL_RCC_GetHCLKFreq
                0x0800347c       0x18 ./Drivers/STM32F4xx_HAL_Driver/Src/stm32f4xx_hal_rcc.o
                0x0800347c                HAL_RCC_GetHCLKFreq
 .text.HAL_SPI_Init
                0x08003494      0x112 ./Drivers/STM32F4xx_HAL_Driver/Src/stm32f4xx_hal_spi.o
                0x08003494                HAL_SPI_Init
 .text.USB_CoreInit
                0x080035a6       0xc8 ./Drivers/STM32F4xx_HAL_Driver/Src/stm32f4xx_ll_usb.o
                0x080035a6                USB_CoreInit
 *fill*         0x0800366e        0x2 
 .text.USB_SetTurnaroundTime
                0x08003670      0x144 ./Drivers/STM32F4xx_HAL_Driver/Src/stm32f4xx_ll_usb.o
                0x08003670                USB_SetTurnaroundTime
 .text.USB_EnableGlobalInt
                0x080037b4       0x22 ./Drivers/STM32F4xx_HAL_Driver/Src/stm32f4xx_ll_usb.o
                0x080037b4                USB_EnableGlobalInt
 .text.USB_DisableGlobalInt
                0x080037d6       0x22 ./Drivers/STM32F4xx_HAL_Driver/Src/stm32f4xx_ll_usb.o
                0x080037d6                USB_DisableGlobalInt
 .text.USB_SetCurrentMode
                0x080037f8       0x98 ./Drivers/STM32F4xx_HAL_Driver/Src/stm32f4xx_ll_usb.o
                0x080037f8                USB_SetCurrentMode
 .text.USB_DevInit
                0x08003890      0x2c8 ./Drivers/STM32F4xx_HAL_Driver/Src/stm32f4xx_ll_usb.o
                0x08003890                USB_DevInit
 .text.USB_FlushTxFifo
                0x08003b58       0x64 ./Drivers/STM32F4xx_HAL_Driver/Src/stm32f4xx_ll_usb.o
                0x08003b58                USB_FlushTxFifo
 .text.USB_FlushRxFifo
                0x08003bbc       0x5c ./Drivers/STM32F4xx_HAL_Driver/Src/stm32f4xx_ll_usb.o
                0x08003bbc                USB_FlushRxFifo
 .text.USB_SetDevSpeed
                0x08003c18       0x32 ./Drivers/STM32F4xx_HAL_Driver/Src/stm32f4xx_ll_usb.o
                0x08003c18                USB_SetDevSpeed
 .text.USB_GetDevSpeed
                0x08003c4a       0x4a ./Drivers/STM32F4xx_HAL_Driver/Src/stm32f4xx_ll_usb.o
                0x08003c4a                USB_GetDevSpeed
 .text.USB_ActivateEndpoint
                0x08003c94      0x10e ./Drivers/STM32F4xx_HAL_Driver/Src/stm32f4xx_ll_usb.o
                0x08003c94                USB_ActivateEndpoint
 *fill*         0x08003da2        0x2 
 .text.USB_DeactivateEndpoint
                0x08003da4      0x1b8 ./Drivers/STM32F4xx_HAL_Driver/Src/stm32f4xx_ll_usb.o
                0x08003da4                USB_DeactivateEndpoint
 .text.USB_EPStartXfer
                0x08003f5c      0x53c ./Drivers/STM32F4xx_HAL_Driver/Src/stm32f4xx_ll_usb.o
                0x08003f5c                USB_EPStartXfer
 .text.USB_EPStopXfer
                0x08004498      0x154 ./Drivers/STM32F4xx_HAL_Driver/Src/stm32f4xx_ll_usb.o
                0x08004498                USB_EPStopXfer
 .text.USB_WritePacket
                0x080045ec       0x7c ./Drivers/STM32F4xx_HAL_Driver/Src/stm32f4xx_ll_usb.o
                0x080045ec                USB_WritePacket
 .text.USB_ReadPacket
                0x08004668       0xb0 ./Drivers/STM32F4xx_HAL_Driver/Src/stm32f4xx_ll_usb.o
                0x08004668                USB_ReadPacket
 .text.USB_EPSetStall
                0x08004718       0xdc ./Drivers/STM32F4xx_HAL_Driver/Src/stm32f4xx_ll_usb.o
                0x08004718                USB_EPSetStall
 .text.USB_EPClearStall
                0x080047f4       0xcc ./Drivers/STM32F4xx_HAL_Driver/Src/stm32f4xx_ll_usb.o
                0x080047f4                USB_EPClearStall
 .text.USB_SetDevAddress
                0x080048c0       0x4c ./Drivers/STM32F4xx_HAL_Driver/Src/stm32f4xx_ll_usb.o
                0x080048c0                USB_SetDevAddress
 .text.USB_DevConnect
                0x0800490c       0x42 ./Drivers/STM32F4xx_HAL_Driver/Src/stm32f4xx_ll_usb.o
                0x0800490c                USB_DevConnect
 .text.USB_DevDisconnect
                0x0800494e       0x42 ./Drivers/STM32F4xx_HAL_Driver/Src/stm32f4xx_ll_usb.o
                0x0800494e                USB_DevDisconnect
 .text.USB_ReadInterrupts
                0x08004990       0x26 ./Drivers/STM32F4xx_HAL_Driver/Src/stm32f4xx_ll_usb.o
                0x08004990                USB_ReadInterrupts
 .text.USB_ReadDevAllOutEpInterrupt
                0x080049b6       0x34 ./Drivers/STM32F4xx_HAL_Driver/Src/stm32f4xx_ll_usb.o
                0x080049b6                USB_ReadDevAllOutEpInterrupt
 .text.USB_ReadDevAllInEpInterrupt
                0x080049ea       0x34 ./Drivers/STM32F4xx_HAL_Driver/Src/stm32f4xx_ll_usb.o
                0x080049ea                USB_ReadDevAllInEpInterrupt
 .text.USB_ReadDevOutEPInterrupt
                0x08004a1e       0x3c ./Drivers/STM32F4xx_HAL_Driver/Src/stm32f4xx_ll_usb.o
                0x08004a1e                USB_ReadDevOutEPInterrupt
 .text.USB_ReadDevInEPInterrupt
                0x08004a5a       0x5c ./Drivers/STM32F4xx_HAL_Driver/Src/stm32f4xx_ll_usb.o
                0x08004a5a                USB_ReadDevInEPInterrupt
 .text.USB_GetMode
                0x08004ab6       0x1c ./Drivers/STM32F4xx_HAL_Driver/Src/stm32f4xx_ll_usb.o
                0x08004ab6                USB_GetMode
 .text.USB_ActivateSetup
                0x08004ad2       0x46 ./Drivers/STM32F4xx_HAL_Driver/Src/stm32f4xx_ll_usb.o
                0x08004ad2                USB_ActivateSetup
 .text.USB_EP0_OutStart
                0x08004b18       0xbc ./Drivers/STM32F4xx_HAL_Driver/Src/stm32f4xx_ll_usb.o
                0x08004b18                USB_EP0_OutStart
 .text.USB_CoreReset
                0x08004bd4       0x62 ./Drivers/STM32F4xx_HAL_Driver/Src/stm32f4xx_ll_usb.o
 *fill*         0x08004c36        0x2 
 .text.MX_FATFS_Init
                0x08004c38       0x24 ./FATFS/App/fatfs.o
                0x08004c38                MX_FATFS_Init
 .text.USER_initialize
                0x08004c5c       0x28 ./FATFS/Target/user_diskio.o
                0x08004c5c                USER_initialize
 .text.USER_status
                0x08004c84       0x28 ./FATFS/Target/user_diskio.o
                0x08004c84                USER_status
 .text.USER_read
                0x08004cac       0x1e ./FATFS/Target/user_diskio.o
                0x08004cac                USER_read
 .text.USER_write
                0x08004cca       0x1e ./FATFS/Target/user_diskio.o
                0x08004cca                USER_write
 .text.USER_ioctl
                0x08004ce8       0x22 ./FATFS/Target/user_diskio.o
                0x08004ce8                USER_ioctl
 *fill*         0x08004d0a        0x2 
 .text.USBD_MSC_Init
                0x08004d0c      0x120 ./Middlewares/ST/STM32_USB_Device_Library/Class/MSC/Src/usbd_msc.o
                0x08004d0c                USBD_MSC_Init
 .text.USBD_MSC_DeInit
                0x08004e2c       0xb0 ./Middlewares/ST/STM32_USB_Device_Library/Class/MSC/Src/usbd_msc.o
                0x08004e2c                USBD_MSC_DeInit
 .text.USBD_MSC_Setup
                0x08004edc      0x1f8 ./Middlewares/ST/STM32_USB_Device_Library/Class/MSC/Src/usbd_msc.o
                0x08004edc                USBD_MSC_Setup
 .text.USBD_MSC_DataIn
                0x080050d4       0x20 ./Middlewares/ST/STM32_USB_Device_Library/Class/MSC/Src/usbd_msc.o
                0x080050d4                USBD_MSC_DataIn
 .text.USBD_MSC_DataOut
                0x080050f4       0x20 ./Middlewares/ST/STM32_USB_Device_Library/Class/MSC/Src/usbd_msc.o
                0x080050f4                USBD_MSC_DataOut
 .text.USBD_MSC_GetHSCfgDesc
                0x08005114       0x58 ./Middlewares/ST/STM32_USB_Device_Library/Class/MSC/Src/usbd_msc.o
                0x08005114                USBD_MSC_GetHSCfgDesc
 .text.USBD_MSC_GetFSCfgDesc
                0x0800516c       0x58 ./Middlewares/ST/STM32_USB_Device_Library/Class/MSC/Src/usbd_msc.o
                0x0800516c                USBD_MSC_GetFSCfgDesc
 .text.USBD_MSC_GetOtherSpeedCfgDesc
                0x080051c4       0x58 ./Middlewares/ST/STM32_USB_Device_Library/Class/MSC/Src/usbd_msc.o
                0x080051c4                USBD_MSC_GetOtherSpeedCfgDesc
 .text.USBD_MSC_GetDeviceQualifierDescriptor
                0x0800521c       0x20 ./Middlewares/ST/STM32_USB_Device_Library/Class/MSC/Src/usbd_msc.o
                0x0800521c                USBD_MSC_GetDeviceQualifierDescriptor
 .text.USBD_MSC_RegisterStorage
                0x0800523c       0x34 ./Middlewares/ST/STM32_USB_Device_Library/Class/MSC/Src/usbd_msc.o
                0x0800523c                USBD_MSC_RegisterStorage
 .text.MSC_BOT_Init
                0x08005270       0x94 ./Middlewares/ST/STM32_USB_Device_Library/Class/MSC/Src/usbd_msc_bot.o
                0x08005270                MSC_BOT_Init
 .text.MSC_BOT_Reset
                0x08005304       0x68 ./Middlewares/ST/STM32_USB_Device_Library/Class/MSC/Src/usbd_msc_bot.o
                0x08005304                MSC_BOT_Reset
 .text.MSC_BOT_DeInit
                0x0800536c       0x30 ./Middlewares/ST/STM32_USB_Device_Library/Class/MSC/Src/usbd_msc_bot.o
                0x0800536c                MSC_BOT_DeInit
 .text.MSC_BOT_DataIn
                0x0800539c       0x74 ./Middlewares/ST/STM32_USB_Device_Library/Class/MSC/Src/usbd_msc_bot.o
                0x0800539c                MSC_BOT_DataIn
 .text.MSC_BOT_DataOut
                0x08005410       0x68 ./Middlewares/ST/STM32_USB_Device_Library/Class/MSC/Src/usbd_msc_bot.o
                0x08005410                MSC_BOT_DataOut
 .text.MSC_BOT_CBW_Decode
                0x08005478      0x128 ./Middlewares/ST/STM32_USB_Device_Library/Class/MSC/Src/usbd_msc_bot.o
 .text.MSC_BOT_SendData
                0x080055a0       0x6c ./Middlewares/ST/STM32_USB_Device_Library/Class/MSC/Src/usbd_msc_bot.o
 .text.MSC_BOT_SendCSW
                0x0800560c       0x74 ./Middlewares/ST/STM32_USB_Device_Library/Class/MSC/Src/usbd_msc_bot.o
                0x0800560c                MSC_BOT_SendCSW
 .text.MSC_BOT_Abort
                0x08005680       0x84 ./Middlewares/ST/STM32_USB_Device_Library/Class/MSC/Src/usbd_msc_bot.o
 .text.MSC_BOT_CplClrFeature
                0x08005704       0x74 ./Middlewares/ST/STM32_USB_Device_Library/Class/MSC/Src/usbd_msc_bot.o
                0x08005704                MSC_BOT_CplClrFeature
 .text.SCSI_ProcessCmd
                0x08005778      0x304 ./Middlewares/ST/STM32_USB_Device_Library/Class/MSC/Src/usbd_msc_scsi.o
                0x08005778                SCSI_ProcessCmd
 .text.SCSI_TestUnitReady
                0x08005a7c       0xb2 ./Middlewares/ST/STM32_USB_Device_Library/Class/MSC/Src/usbd_msc_scsi.o
 *fill*         0x08005b2e        0x2 
 .text.SCSI_Inquiry
                0x08005b30       0xf8 ./Middlewares/ST/STM32_USB_Device_Library/Class/MSC/Src/usbd_msc_scsi.o
 .text.SCSI_ReadCapacity10
                0x08005c28       0xfc ./Middlewares/ST/STM32_USB_Device_Library/Class/MSC/Src/usbd_msc_scsi.o
 .text.SCSI_ReadCapacity16
                0x08005d24      0x168 ./Middlewares/ST/STM32_USB_Device_Library/Class/MSC/Src/usbd_msc_scsi.o
 .text.SCSI_ReadFormatCapacity
                0x08005e8c       0xf6 ./Middlewares/ST/STM32_USB_Device_Library/Class/MSC/Src/usbd_msc_scsi.o
 *fill*         0x08005f82        0x2 
 .text.SCSI_ModeSense6
                0x08005f84       0x8c ./Middlewares/ST/STM32_USB_Device_Library/Class/MSC/Src/usbd_msc_scsi.o
 .text.SCSI_ModeSense10
                0x08006010       0x8c ./Middlewares/ST/STM32_USB_Device_Library/Class/MSC/Src/usbd_msc_scsi.o
 .text.SCSI_RequestSense
                0x0800609c      0x106 ./Middlewares/ST/STM32_USB_Device_Library/Class/MSC/Src/usbd_msc_scsi.o
 .text.SCSI_SenseCode
                0x080061a2       0x96 ./Middlewares/ST/STM32_USB_Device_Library/Class/MSC/Src/usbd_msc_scsi.o
                0x080061a2                SCSI_SenseCode
 .text.SCSI_StartStopUnit
                0x08006238       0xaa ./Middlewares/ST/STM32_USB_Device_Library/Class/MSC/Src/usbd_msc_scsi.o
 .text.SCSI_AllowPreventRemovable
                0x080062e2       0x5a ./Middlewares/ST/STM32_USB_Device_Library/Class/MSC/Src/usbd_msc_scsi.o
 .text.SCSI_Read10
                0x0800633c      0x154 ./Middlewares/ST/STM32_USB_Device_Library/Class/MSC/Src/usbd_msc_scsi.o
 .text.SCSI_Read12
                0x08006490      0x168 ./Middlewares/ST/STM32_USB_Device_Library/Class/MSC/Src/usbd_msc_scsi.o
 .text.SCSI_Write10
                0x080065f8      0x1ac ./Middlewares/ST/STM32_USB_Device_Library/Class/MSC/Src/usbd_msc_scsi.o
 .text.SCSI_Write12
                0x080067a4      0x1cc ./Middlewares/ST/STM32_USB_Device_Library/Class/MSC/Src/usbd_msc_scsi.o
 .text.SCSI_Verify10
                0x08006970       0x7a ./Middlewares/ST/STM32_USB_Device_Library/Class/MSC/Src/usbd_msc_scsi.o
 .text.SCSI_CheckAddressRange
                0x080069ea       0x58 ./Middlewares/ST/STM32_USB_Device_Library/Class/MSC/Src/usbd_msc_scsi.o
 *fill*         0x08006a42        0x2 
 .text.SCSI_ProcessRead
                0x08006a44      0x10c ./Middlewares/ST/STM32_USB_Device_Library/Class/MSC/Src/usbd_msc_scsi.o
 .text.SCSI_ProcessWrite
                0x08006b50      0x12c ./Middlewares/ST/STM32_USB_Device_Library/Class/MSC/Src/usbd_msc_scsi.o
 .text.SCSI_UpdateBotData
                0x08006c7c       0x52 ./Middlewares/ST/STM32_USB_Device_Library/Class/MSC/Src/usbd_msc_scsi.o
 .text.USBD_Init
                0x08006cce       0x60 ./Middlewares/ST/STM32_USB_Device_Library/Core/Src/usbd_core.o
                0x08006cce                USBD_Init
 .text.USBD_RegisterClass
                0x08006d2e       0x6c ./Middlewares/ST/STM32_USB_Device_Library/Core/Src/usbd_core.o
                0x08006d2e                USBD_RegisterClass
 .text.USBD_Start
                0x08006d9a       0x18 ./Middlewares/ST/STM32_USB_Device_Library/Core/Src/usbd_core.o
                0x08006d9a                USBD_Start
 .text.USBD_RunTestMode
                0x08006db2       0x16 ./Middlewares/ST/STM32_USB_Device_Library/Core/Src/usbd_core.o
                0x08006db2                USBD_RunTestMode
 .text.USBD_SetClassConfig
                0x08006dc8       0x38 ./Middlewares/ST/STM32_USB_Device_Library/Core/Src/usbd_core.o
                0x08006dc8                USBD_SetClassConfig
 .text.USBD_ClrClassConfig
                0x08006e00       0x34 ./Middlewares/ST/STM32_USB_Device_Library/Core/Src/usbd_core.o
                0x08006e00                USBD_ClrClassConfig
 .text.USBD_LL_SetupStage
                0x08006e34       0xaa ./Middlewares/ST/STM32_USB_Device_Library/Core/Src/usbd_core.o
                0x08006e34                USBD_LL_SetupStage
 .text.USBD_LL_DataOutStage
                0x08006ede      0x166 ./Middlewares/ST/STM32_USB_Device_Library/Core/Src/usbd_core.o
                0x08006ede                USBD_LL_DataOutStage
 .text.USBD_LL_DataInStage
                0x08007044      0x164 ./Middlewares/ST/STM32_USB_Device_Library/Core/Src/usbd_core.o
                0x08007044                USBD_LL_DataInStage
 .text.USBD_LL_Reset
                0x080071a8       0xa4 ./Middlewares/ST/STM32_USB_Device_Library/Core/Src/usbd_core.o
                0x080071a8                USBD_LL_Reset
 .text.USBD_LL_SetSpeed
                0x0800724c       0x20 ./Middlewares/ST/STM32_USB_Device_Library/Core/Src/usbd_core.o
                0x0800724c                USBD_LL_SetSpeed
 .text.USBD_LL_Suspend
                0x0800726c       0x38 ./Middlewares/ST/STM32_USB_Device_Library/Core/Src/usbd_core.o
                0x0800726c                USBD_LL_Suspend
 .text.USBD_LL_Resume
                0x080072a4       0x30 ./Middlewares/ST/STM32_USB_Device_Library/Core/Src/usbd_core.o
                0x080072a4                USBD_LL_Resume
 .text.USBD_LL_SOF
                0x080072d4       0x40 ./Middlewares/ST/STM32_USB_Device_Library/Core/Src/usbd_core.o
                0x080072d4                USBD_LL_SOF
 .text.USBD_LL_IsoINIncomplete
                0x08007314       0x64 ./Middlewares/ST/STM32_USB_Device_Library/Core/Src/usbd_core.o
                0x08007314                USBD_LL_IsoINIncomplete
 .text.USBD_LL_IsoOUTIncomplete
                0x08007378       0x64 ./Middlewares/ST/STM32_USB_Device_Library/Core/Src/usbd_core.o
                0x08007378                USBD_LL_IsoOUTIncomplete
 .text.USBD_LL_DevConnected
                0x080073dc       0x16 ./Middlewares/ST/STM32_USB_Device_Library/Core/Src/usbd_core.o
                0x080073dc                USBD_LL_DevConnected
 .text.USBD_LL_DevDisconnected
                0x080073f2       0x46 ./Middlewares/ST/STM32_USB_Device_Library/Core/Src/usbd_core.o
                0x080073f2                USBD_LL_DevDisconnected
 .text.USBD_CoreFindIF
                0x08007438       0x1a ./Middlewares/ST/STM32_USB_Device_Library/Core/Src/usbd_core.o
                0x08007438                USBD_CoreFindIF
 .text.USBD_CoreFindEP
                0x08007452       0x1a ./Middlewares/ST/STM32_USB_Device_Library/Core/Src/usbd_core.o
                0x08007452                USBD_CoreFindEP
 .text.USBD_GetEpDesc
                0x0800746c       0x70 ./Middlewares/ST/STM32_USB_Device_Library/Core/Src/usbd_core.o
                0x0800746c                USBD_GetEpDesc
 .text.USBD_GetNextDesc
                0x080074dc       0x38 ./Middlewares/ST/STM32_USB_Device_Library/Core/Src/usbd_core.o
                0x080074dc                USBD_GetNextDesc
 .text.SWAPBYTE
                0x08007514       0x3c ./Middlewares/ST/STM32_USB_Device_Library/Core/Src/usbd_ctlreq.o
 .text.USBD_StdDevReq
                0x08007550       0xe4 ./Middlewares/ST/STM32_USB_Device_Library/Core/Src/usbd_ctlreq.o
                0x08007550                USBD_StdDevReq
 .text.USBD_StdItfReq
                0x08007634       0xd8 ./Middlewares/ST/STM32_USB_Device_Library/Core/Src/usbd_ctlreq.o
                0x08007634                USBD_StdItfReq
 .text.USBD_StdEPReq
                0x0800770c      0x33a ./Middlewares/ST/STM32_USB_Device_Library/Core/Src/usbd_ctlreq.o
                0x0800770c                USBD_StdEPReq
 *fill*         0x08007a46        0x2 
 .text.USBD_GetDescriptor
                0x08007a48      0x2d4 ./Middlewares/ST/STM32_USB_Device_Library/Core/Src/usbd_ctlreq.o
 .text.USBD_SetAddress
                0x08007d1c       0x88 ./Middlewares/ST/STM32_USB_Device_Library/Core/Src/usbd_ctlreq.o
 .text.USBD_SetConfig
                0x08007da4      0x154 ./Middlewares/ST/STM32_USB_Device_Library/Core/Src/usbd_ctlreq.o
 .text.USBD_GetConfig
                0x08007ef8       0x6c ./Middlewares/ST/STM32_USB_Device_Library/Core/Src/usbd_ctlreq.o
 .text.USBD_GetStatus
                0x08007f64       0x68 ./Middlewares/ST/STM32_USB_Device_Library/Core/Src/usbd_ctlreq.o
 .text.USBD_SetFeature
                0x08007fcc       0x52 ./Middlewares/ST/STM32_USB_Device_Library/Core/Src/usbd_ctlreq.o
 .text.USBD_ClrFeature
                0x0800801e       0x44 ./Middlewares/ST/STM32_USB_Device_Library/Core/Src/usbd_ctlreq.o
 .text.USBD_ParseSetupRequest
                0x08008062       0x74 ./Middlewares/ST/STM32_USB_Device_Library/Core/Src/usbd_ctlreq.o
                0x08008062                USBD_ParseSetupRequest
 .text.USBD_CtlError
                0x080080d6       0x22 ./Middlewares/ST/STM32_USB_Device_Library/Core/Src/usbd_ctlreq.o
                0x080080d6                USBD_CtlError
 .text.USBD_GetString
                0x080080f8       0xa4 ./Middlewares/ST/STM32_USB_Device_Library/Core/Src/usbd_ctlreq.o
                0x080080f8                USBD_GetString
 .text.USBD_GetLen
                0x0800819c       0x34 ./Middlewares/ST/STM32_USB_Device_Library/Core/Src/usbd_ctlreq.o
 .text.USBD_CtlSendData
                0x080081d0       0x36 ./Middlewares/ST/STM32_USB_Device_Library/Core/Src/usbd_ioreq.o
                0x080081d0                USBD_CtlSendData
 .text.USBD_CtlContinueSendData
                0x08008206       0x22 ./Middlewares/ST/STM32_USB_Device_Library/Core/Src/usbd_ioreq.o
                0x08008206                USBD_CtlContinueSendData
 .text.USBD_CtlContinueRx
                0x08008228       0x22 ./Middlewares/ST/STM32_USB_Device_Library/Core/Src/usbd_ioreq.o
                0x08008228                USBD_CtlContinueRx
 .text.USBD_CtlSendStatus
                0x0800824a       0x26 ./Middlewares/ST/STM32_USB_Device_Library/Core/Src/usbd_ioreq.o
                0x0800824a                USBD_CtlSendStatus
 .text.USBD_CtlReceiveStatus
                0x08008270       0x26 ./Middlewares/ST/STM32_USB_Device_Library/Core/Src/usbd_ioreq.o
                0x08008270                USBD_CtlReceiveStatus
 *fill*         0x08008296        0x2 
 .text.FATFS_LinkDriverEx
                0x08008298       0x98 ./Middlewares/Third_Party/FatFs/src/ff_gen_drv.o
                0x08008298                FATFS_LinkDriverEx
 .text.FATFS_LinkDriver
                0x08008330       0x1e ./Middlewares/Third_Party/FatFs/src/ff_gen_drv.o
                0x08008330                FATFS_LinkDriver
 *fill*         0x0800834e        0x2 
 .text.MX_USB_DEVICE_Init
                0x08008350       0x60 ./USB_DEVICE/App/usb_device.o
                0x08008350                MX_USB_DEVICE_Init
 .text.USBD_FS_DeviceDescriptor
                0x080083b0       0x24 ./USB_DEVICE/App/usbd_desc.o
                0x080083b0                USBD_FS_DeviceDescriptor
 .text.USBD_FS_LangIDStrDescriptor
                0x080083d4       0x24 ./USB_DEVICE/App/usbd_desc.o
                0x080083d4                USBD_FS_LangIDStrDescriptor
 .text.USBD_FS_ProductStrDescriptor
                0x080083f8       0x3c ./USB_DEVICE/App/usbd_desc.o
                0x080083f8                USBD_FS_ProductStrDescriptor
 .text.USBD_FS_ManufacturerStrDescriptor
                0x08008434       0x28 ./USB_DEVICE/App/usbd_desc.o
                0x08008434                USBD_FS_ManufacturerStrDescriptor
 .text.USBD_FS_SerialStrDescriptor
                0x0800845c       0x24 ./USB_DEVICE/App/usbd_desc.o
                0x0800845c                USBD_FS_SerialStrDescriptor
 .text.USBD_FS_ConfigStrDescriptor
                0x08008480       0x3c ./USB_DEVICE/App/usbd_desc.o
                0x08008480                USBD_FS_ConfigStrDescriptor
 .text.USBD_FS_InterfaceStrDescriptor
                0x080084bc       0x3c ./USB_DEVICE/App/usbd_desc.o
                0x080084bc                USBD_FS_InterfaceStrDescriptor
 .text.Get_SerialNum
                0x080084f8       0x58 ./USB_DEVICE/App/usbd_desc.o
 .text.IntToUnicode
                0x08008550       0x7e ./USB_DEVICE/App/usbd_desc.o
 .text.STORAGE_Init_FS
                0x080085ce       0x18 ./USB_DEVICE/App/usbd_storage_if.o
 .text.STORAGE_GetCapacity_FS
                0x080085e6       0x2a ./USB_DEVICE/App/usbd_storage_if.o
 .text.STORAGE_IsReady_FS
                0x08008610       0x18 ./USB_DEVICE/App/usbd_storage_if.o
 .text.STORAGE_IsWriteProtected_FS
                0x08008628       0x18 ./USB_DEVICE/App/usbd_storage_if.o
 .text.STORAGE_Read_FS
                0x08008640       0x64 ./USB_DEVICE/App/usbd_storage_if.o
 .text.STORAGE_Write_FS
                0x080086a4       0x38 ./USB_DEVICE/App/usbd_storage_if.o
 .text.STORAGE_GetMaxLun_FS
                0x080086dc       0x10 ./USB_DEVICE/App/usbd_storage_if.o
 .text.HAL_PCD_MspInit
                0x080086ec       0xa8 ./USB_DEVICE/Target/usbd_conf.o
                0x080086ec                HAL_PCD_MspInit
 .text.HAL_PCD_SetupStageCallback
                0x08008794       0x24 ./USB_DEVICE/Target/usbd_conf.o
                0x08008794                HAL_PCD_SetupStageCallback
 .text.HAL_PCD_DataOutStageCallback
                0x080087b8       0x36 ./USB_DEVICE/Target/usbd_conf.o
                0x080087b8                HAL_PCD_DataOutStageCallback
 .text.HAL_PCD_DataInStageCallback
                0x080087ee       0x34 ./USB_DEVICE/Target/usbd_conf.o
                0x080087ee                HAL_PCD_DataInStageCallback
 .text.HAL_PCD_SOFCallback
                0x08008822       0x1c ./USB_DEVICE/Target/usbd_conf.o
                0x08008822                HAL_PCD_SOFCallback
 .text.HAL_PCD_ResetCallback
                0x0800883e       0x50 ./USB_DEVICE/Target/usbd_conf.o
                0x0800883e                HAL_PCD_ResetCallback
 *fill*         0x0800888e        0x2 
 .text.HAL_PCD_SuspendCallback
                0x08008890       0x4c ./USB_DEVICE/Target/usbd_conf.o
                0x08008890                HAL_PCD_SuspendCallback
 .text.HAL_PCD_ResumeCallback
                0x080088dc       0x1c ./USB_DEVICE/Target/usbd_conf.o
                0x080088dc                HAL_PCD_ResumeCallback
 .text.HAL_PCD_ISOOUTIncompleteCallback
                0x080088f8       0x24 ./USB_DEVICE/Target/usbd_conf.o
                0x080088f8                HAL_PCD_ISOOUTIncompleteCallback
 .text.HAL_PCD_ISOINIncompleteCallback
                0x0800891c       0x24 ./USB_DEVICE/Target/usbd_conf.o
                0x0800891c                HAL_PCD_ISOINIncompleteCallback
 .text.HAL_PCD_ConnectCallback
                0x08008940       0x1c ./USB_DEVICE/Target/usbd_conf.o
                0x08008940                HAL_PCD_ConnectCallback
 .text.HAL_PCD_DisconnectCallback
                0x0800895c       0x1c ./USB_DEVICE/Target/usbd_conf.o
                0x0800895c                HAL_PCD_DisconnectCallback
 .text.USBD_LL_Init
                0x08008978       0x98 ./USB_DEVICE/Target/usbd_conf.o
                0x08008978                USBD_LL_Init
 .text.USBD_LL_Start
                0x08008a10       0x36 ./USB_DEVICE/Target/usbd_conf.o
                0x08008a10                USBD_LL_Start
 .text.USBD_LL_OpenEP
                0x08008a46       0x4c ./USB_DEVICE/Target/usbd_conf.o
                0x08008a46                USBD_LL_OpenEP
 .text.USBD_LL_CloseEP
                0x08008a92       0x3e ./USB_DEVICE/Target/usbd_conf.o
                0x08008a92                USBD_LL_CloseEP
 .text.USBD_LL_FlushEP
                0x08008ad0       0x3e ./USB_DEVICE/Target/usbd_conf.o
                0x08008ad0                USBD_LL_FlushEP
 .text.USBD_LL_StallEP
                0x08008b0e       0x3e ./USB_DEVICE/Target/usbd_conf.o
                0x08008b0e                USBD_LL_StallEP
 .text.USBD_LL_ClearStallEP
                0x08008b4c       0x3e ./USB_DEVICE/Target/usbd_conf.o
                0x08008b4c                USBD_LL_ClearStallEP
 .text.USBD_LL_IsStallEP
                0x08008b8a       0x58 ./USB_DEVICE/Target/usbd_conf.o
                0x08008b8a                USBD_LL_IsStallEP
 .text.USBD_LL_SetUSBAddress
                0x08008be2       0x3e ./USB_DEVICE/Target/usbd_conf.o
                0x08008be2                USBD_LL_SetUSBAddress
 .text.USBD_LL_Transmit
                0x08008c20       0x42 ./USB_DEVICE/Target/usbd_conf.o
                0x08008c20                USBD_LL_Transmit
 .text.USBD_LL_PrepareReceive
                0x08008c62       0x42 ./USB_DEVICE/Target/usbd_conf.o
                0x08008c62                USBD_LL_PrepareReceive
 .text.USBD_LL_GetRxDataSize
                0x08008ca4       0x26 ./USB_DEVICE/Target/usbd_conf.o
                0x08008ca4                USBD_LL_GetRxDataSize
 *fill*         0x08008cca        0x2 
 .text.USBD_static_malloc
                0x08008ccc       0x1c ./USB_DEVICE/Target/usbd_conf.o
                0x08008ccc                USBD_static_malloc
 .text.USBD_static_free
                0x08008ce8       0x14 ./USB_DEVICE/Target/usbd_conf.o
                0x08008ce8                USBD_static_free
 .text.USBD_Get_USB_Status
                0x08008cfc       0x58 ./USB_DEVICE/Target/usbd_conf.o
                0x08008cfc                USBD_Get_USB_Status
 .text.memset   0x08008d54       0x10 D:/SOFT/STM32CubeIDE_1.16.0/STM32CubeIDE/plugins/com.st.stm32cube.ide.mcu.externaltools.gnu-tools-for-stm32.12.3.rel1.win32_1.0.200.202406191623/tools/bin/../lib/gcc/arm-none-eabi/12.3.1/../../../../arm-none-eabi/lib/thumb/v7e-m+fp/hard\libc_nano.a(libc_a-memset.o)
                0x08008d54                memset
 .text.__libc_init_array
                0x08008d64       0x48 D:/SOFT/STM32CubeIDE_1.16.0/STM32CubeIDE/plugins/com.st.stm32cube.ide.mcu.externaltools.gnu-tools-for-stm32.12.3.rel1.win32_1.0.200.202406191623/tools/bin/../lib/gcc/arm-none-eabi/12.3.1/../../../../arm-none-eabi/lib/thumb/v7e-m+fp/hard\libc_nano.a(libc_a-init.o)
                0x08008d64                __libc_init_array
 .text.memcpy   0x08008dac       0x1c D:/SOFT/STM32CubeIDE_1.16.0/STM32CubeIDE/plugins/com.st.stm32cube.ide.mcu.externaltools.gnu-tools-for-stm32.12.3.rel1.win32_1.0.200.202406191623/tools/bin/../lib/gcc/arm-none-eabi/12.3.1/../../../../arm-none-eabi/lib/thumb/v7e-m+fp/hard\libc_nano.a(libc_a-memcpy-stub.o)
                0x08008dac                memcpy
 *(.glue_7)
 .glue_7        0x08008dc8        0x0 linker stubs
 *(.glue_7t)
 .glue_7t       0x08008dc8        0x0 linker stubs
 *(.eh_frame)
 .eh_frame      0x08008dc8        0x0 D:/SOFT/STM32CubeIDE_1.16.0/STM32CubeIDE/plugins/com.st.stm32cube.ide.mcu.externaltools.gnu-tools-for-stm32.12.3.rel1.win32_1.0.200.202406191623/tools/bin/../lib/gcc/arm-none-eabi/12.3.1/thumb/v7e-m+fp/hard/crtbegin.o
 *(.init)
 .init          0x08008dc8        0x4 D:/SOFT/STM32CubeIDE_1.16.0/STM32CubeIDE/plugins/com.st.stm32cube.ide.mcu.externaltools.gnu-tools-for-stm32.12.3.rel1.win32_1.0.200.202406191623/tools/bin/../lib/gcc/arm-none-eabi/12.3.1/thumb/v7e-m+fp/hard/crti.o
                0x08008dc8                _init
 .init          0x08008dcc        0x8 D:/SOFT/STM32CubeIDE_1.16.0/STM32CubeIDE/plugins/com.st.stm32cube.ide.mcu.externaltools.gnu-tools-for-stm32.12.3.rel1.win32_1.0.200.202406191623/tools/bin/../lib/gcc/arm-none-eabi/12.3.1/thumb/v7e-m+fp/hard/crtn.o
 *(.fini)
 .fini          0x08008dd4        0x4 D:/SOFT/STM32CubeIDE_1.16.0/STM32CubeIDE/plugins/com.st.stm32cube.ide.mcu.externaltools.gnu-tools-for-stm32.12.3.rel1.win32_1.0.200.202406191623/tools/bin/../lib/gcc/arm-none-eabi/12.3.1/thumb/v7e-m+fp/hard/crti.o
                0x08008dd4                _fini
 .fini          0x08008dd8        0x8 D:/SOFT/STM32CubeIDE_1.16.0/STM32CubeIDE/plugins/com.st.stm32cube.ide.mcu.externaltools.gnu-tools-for-stm32.12.3.rel1.win32_1.0.200.202406191623/tools/bin/../lib/gcc/arm-none-eabi/12.3.1/thumb/v7e-m+fp/hard/crtn.o
                0x08008de0                        . = ALIGN (0x4)
                0x08008de0                        _etext = .

.vfp11_veneer   0x08008de0        0x0
 .vfp11_veneer  0x08008de0        0x0 linker stubs

.v4_bx          0x08008de0        0x0
 .v4_bx         0x08008de0        0x0 linker stubs

.iplt           0x08008de0        0x0
 .iplt          0x08008de0        0x0 D:/SOFT/STM32CubeIDE_1.16.0/STM32CubeIDE/plugins/com.st.stm32cube.ide.mcu.externaltools.gnu-tools-for-stm32.12.3.rel1.win32_1.0.200.202406191623/tools/bin/../lib/gcc/arm-none-eabi/12.3.1/thumb/v7e-m+fp/hard/crtbegin.o

.rodata         0x08008de0       0x78
                0x08008de0                        . = ALIGN (0x4)
 *(.rodata)
 .rodata        0x08008de0       0x42 ./USB_DEVICE/App/usbd_desc.o
 *(.rodata*)
 *fill*         0x08008e22        0x2 
 .rodata.AHBPrescTable
                0x08008e24       0x10 ./Core/Src/system_stm32f4xx.o
                0x08008e24                AHBPrescTable
 .rodata.STORAGE_Inquirydata_FS
                0x08008e34       0x24 ./USB_DEVICE/App/usbd_storage_if.o
                0x08008e34                STORAGE_Inquirydata_FS
                0x08008e58                        . = ALIGN (0x4)

.ARM.extab      0x08008e58        0x0
                0x08008e58                        . = ALIGN (0x4)
 *(.ARM.extab* .gnu.linkonce.armextab.*)
                0x08008e58                        . = ALIGN (0x4)

.ARM            0x08008e58        0x8
                0x08008e58                        . = ALIGN (0x4)
                0x08008e58                        __exidx_start = .
 *(.ARM.exidx*)
 .ARM.exidx     0x08008e58        0x8 D:/SOFT/STM32CubeIDE_1.16.0/STM32CubeIDE/plugins/com.st.stm32cube.ide.mcu.externaltools.gnu-tools-for-stm32.12.3.rel1.win32_1.0.200.202406191623/tools/bin/../lib/gcc/arm-none-eabi/12.3.1/thumb/v7e-m+fp/hard\libgcc.a(_udivmoddi4.o)
                0x08008e60                        __exidx_end = .
                0x08008e60                        . = ALIGN (0x4)

.preinit_array  0x08008e60        0x0
                0x08008e60                        . = ALIGN (0x4)
                0x08008e60                        PROVIDE (__preinit_array_start = .)
 *(.preinit_array*)
                0x08008e60                        PROVIDE (__preinit_array_end = .)
                0x08008e60                        . = ALIGN (0x4)

.init_array     0x08008e60        0x4
                0x08008e60                        . = ALIGN (0x4)
                0x08008e60                        PROVIDE (__init_array_start = .)
 *(SORT_BY_NAME(.init_array.*))
 *(.init_array*)
 .init_array    0x08008e60        0x4 D:/SOFT/STM32CubeIDE_1.16.0/STM32CubeIDE/plugins/com.st.stm32cube.ide.mcu.externaltools.gnu-tools-for-stm32.12.3.rel1.win32_1.0.200.202406191623/tools/bin/../lib/gcc/arm-none-eabi/12.3.1/thumb/v7e-m+fp/hard/crtbegin.o
                0x08008e64                        PROVIDE (__init_array_end = .)
                0x08008e64                        . = ALIGN (0x4)

.fini_array     0x08008e64        0x4
                0x08008e64                        . = ALIGN (0x4)
                [!provide]                        PROVIDE (__fini_array_start = .)
 *(SORT_BY_NAME(.fini_array.*))
 *(.fini_array*)
 .fini_array    0x08008e64        0x4 D:/SOFT/STM32CubeIDE_1.16.0/STM32CubeIDE/plugins/com.st.stm32cube.ide.mcu.externaltools.gnu-tools-for-stm32.12.3.rel1.win32_1.0.200.202406191623/tools/bin/../lib/gcc/arm-none-eabi/12.3.1/thumb/v7e-m+fp/hard/crtbegin.o
                [!provide]                        PROVIDE (__fini_array_end = .)
                0x08008e68                        . = ALIGN (0x4)
                0x08008e68                        _sidata = LOADADDR (.data)

.rel.dyn        0x08008e68        0x0
 .rel.iplt      0x08008e68        0x0 D:/SOFT/STM32CubeIDE_1.16.0/STM32CubeIDE/plugins/com.st.stm32cube.ide.mcu.externaltools.gnu-tools-for-stm32.12.3.rel1.win32_1.0.200.202406191623/tools/bin/../lib/gcc/arm-none-eabi/12.3.1/thumb/v7e-m+fp/hard/crtbegin.o

.data           0x20000000      0x110 load address 0x08008e68
                0x20000000                        . = ALIGN (0x4)
                0x20000000                        _sdata = .
 *(.data)
 *(.data*)
 .data.SystemCoreClock
                0x20000000        0x4 ./Core/Src/system_stm32f4xx.o
                0x20000000                SystemCoreClock
 .data.uwTickPrio
                0x20000004        0x4 ./Drivers/STM32F4xx_HAL_Driver/Src/stm32f4xx_hal.o
                0x20000004                uwTickPrio
 .data.uwTickFreq
                0x20000008        0x1 ./Drivers/STM32F4xx_HAL_Driver/Src/stm32f4xx_hal.o
                0x20000008                uwTickFreq
 .data.Stat     0x20000009        0x1 ./FATFS/Target/user_diskio.o
 *fill*         0x2000000a        0x2 
 .data.USER_Driver
                0x2000000c       0x14 ./FATFS/Target/user_diskio.o
                0x2000000c                USER_Driver
 .data.USBD_MSC
                0x20000020       0x38 ./Middlewares/ST/STM32_USB_Device_Library/Class/MSC/Src/usbd_msc.o
                0x20000020                USBD_MSC
 .data.USBD_MSC_CfgDesc
                0x20000058       0x20 ./Middlewares/ST/STM32_USB_Device_Library/Class/MSC/Src/usbd_msc.o
 .data.USBD_MSC_DeviceQualifierDesc
                0x20000078        0xa ./Middlewares/ST/STM32_USB_Device_Library/Class/MSC/Src/usbd_msc.o
 .data.MSCInEpAdd
                0x20000082        0x1 ./Middlewares/ST/STM32_USB_Device_Library/Class/MSC/Src/usbd_msc.o
                0x20000082                MSCInEpAdd
 .data.MSCOutEpAdd
                0x20000083        0x1 ./Middlewares/ST/STM32_USB_Device_Library/Class/MSC/Src/usbd_msc.o
                0x20000083                MSCOutEpAdd
 .data.MSC_Page00_Inquiry_Data
                0x20000084        0x6 ./Middlewares/ST/STM32_USB_Device_Library/Class/MSC/Src/usbd_msc_data.o
                0x20000084                MSC_Page00_Inquiry_Data
 *fill*         0x2000008a        0x2 
 .data.MSC_Page80_Inquiry_Data
                0x2000008c        0x8 ./Middlewares/ST/STM32_USB_Device_Library/Class/MSC/Src/usbd_msc_data.o
                0x2000008c                MSC_Page80_Inquiry_Data
 .data.MSC_Mode_Sense6_data
                0x20000094        0x4 ./Middlewares/ST/STM32_USB_Device_Library/Class/MSC/Src/usbd_msc_data.o
                0x20000094                MSC_Mode_Sense6_data
 .data.MSC_Mode_Sense10_data
                0x20000098        0x8 ./Middlewares/ST/STM32_USB_Device_Library/Class/MSC/Src/usbd_msc_data.o
                0x20000098                MSC_Mode_Sense10_data
 .data.FS_Desc  0x200000a0       0x1c ./USB_DEVICE/App/usbd_desc.o
                0x200000a0                FS_Desc
 .data.USBD_FS_DeviceDesc
                0x200000bc       0x12 ./USB_DEVICE/App/usbd_desc.o
                0x200000bc                USBD_FS_DeviceDesc
 *fill*         0x200000ce        0x2 
 .data.USBD_LangIDDesc
                0x200000d0        0x4 ./USB_DEVICE/App/usbd_desc.o
                0x200000d0                USBD_LangIDDesc
 .data.USBD_StringSerial
                0x200000d4       0x1a ./USB_DEVICE/App/usbd_desc.o
                0x200000d4                USBD_StringSerial
 *fill*         0x200000ee        0x2 
 .data.USBD_Storage_Interface_fops_FS
                0x200000f0       0x20 ./USB_DEVICE/App/usbd_storage_if.o
                0x200000f0                USBD_Storage_Interface_fops_FS
 *(.RamFunc)
 *(.RamFunc*)
                0x20000110                        . = ALIGN (0x4)
                0x20000110                        _edata = .
                0x08008f78                        _siccmram = LOADADDR (.ccmram)

.igot.plt       0x20000110        0x0 load address 0x08008f78
 .igot.plt      0x20000110        0x0 D:/SOFT/STM32CubeIDE_1.16.0/STM32CubeIDE/plugins/com.st.stm32cube.ide.mcu.externaltools.gnu-tools-for-stm32.12.3.rel1.win32_1.0.200.202406191623/tools/bin/../lib/gcc/arm-none-eabi/12.3.1/thumb/v7e-m+fp/hard/crtbegin.o

.ccmram         0x10000000        0x0 load address 0x08008f78
                0x10000000                        . = ALIGN (0x4)
                0x10000000                        _sccmram = .
 *(.ccmram)
 *(.ccmram*)
                0x10000000                        . = ALIGN (0x4)
                0x10000000                        _eccmram = .
                0x10000000                        . = ALIGN (0x4)

.bss            0x20000110    0x10cec
                0x20000110                        _sbss = .
                0x20000110                        __bss_start__ = _sbss
 *(.bss)
 .bss           0x20000110       0x1c D:/SOFT/STM32CubeIDE_1.16.0/STM32CubeIDE/plugins/com.st.stm32cube.ide.mcu.externaltools.gnu-tools-for-stm32.12.3.rel1.win32_1.0.200.202406191623/tools/bin/../lib/gcc/arm-none-eabi/12.3.1/thumb/v7e-m+fp/hard/crtbegin.o
 *(.bss*)
 .bss.hspi1     0x2000012c       0x58 ./Core/Src/main.o
                0x2000012c                hspi1
 .bss.buffer    0x20000184    0x10000 ./Core/Src/main.o
                0x20000184                buffer
 .bss.USB_data_read_flag
                0x20010184        0x1 ./Core/Src/main.o
                0x20010184                USB_data_read_flag
 *fill*         0x20010185        0x3 
 .bss.uwTick    0x20010188        0x4 ./Drivers/STM32F4xx_HAL_Driver/Src/stm32f4xx_hal.o
                0x20010188                uwTick
 .bss.pFlash    0x2001018c       0x20 ./Drivers/STM32F4xx_HAL_Driver/Src/stm32f4xx_hal_flash.o
                0x2001018c                pFlash
 .bss.retUSER   0x200101ac        0x1 ./FATFS/App/fatfs.o
                0x200101ac                retUSER
 *fill*         0x200101ad        0x3 
 .bss.USERPath  0x200101b0        0x4 ./FATFS/App/fatfs.o
                0x200101b0                USERPath
 .bss.cfgidx.0  0x200101b4        0x1 ./Middlewares/ST/STM32_USB_Device_Library/Core/Src/usbd_ctlreq.o
 *fill*         0x200101b5        0x3 
 .bss.disk      0x200101b8        0xc ./Middlewares/Third_Party/FatFs/src/ff_gen_drv.o
                0x200101b8                disk
 .bss.hUsbDeviceFS
                0x200101c4      0x2dc ./USB_DEVICE/App/usb_device.o
                0x200101c4                hUsbDeviceFS
 .bss.USBD_StrDesc
                0x200104a0      0x200 ./USB_DEVICE/App/usbd_desc.o
                0x200104a0                USBD_StrDesc
 .bss.hpcd_USB_OTG_FS
                0x200106a0      0x4e4 ./USB_DEVICE/Target/usbd_conf.o
                0x200106a0                hpcd_USB_OTG_FS
 .bss.mem.0     0x20010b84      0x278 ./USB_DEVICE/Target/usbd_conf.o
 *(COMMON)
                0x20010dfc                        . = ALIGN (0x4)
                0x20010dfc                        _ebss = .
                0x20010dfc                        __bss_end__ = _ebss

._user_heap_stack
                0x20010dfc      0x604
                0x20010e00                        . = ALIGN (0x8)
 *fill*         0x20010dfc        0x4 
                [!provide]                        PROVIDE (end = .)
                0x20010e00                        PROVIDE (_end = .)
                0x20011000                        . = (. + _Min_Heap_Size)
 *fill*         0x20010e00      0x200 
                0x20011400                        . = (. + _Min_Stack_Size)
 *fill*         0x20011000      0x400 
                0x20011400                        . = ALIGN (0x8)

/DISCARD/
 libc.a(*)
 libm.a(*)
 libgcc.a(*)

.ARM.attributes
                0x00000000       0x30
 *(.ARM.attributes)
 .ARM.attributes
                0x00000000       0x22 D:/SOFT/STM32CubeIDE_1.16.0/STM32CubeIDE/plugins/com.st.stm32cube.ide.mcu.externaltools.gnu-tools-for-stm32.12.3.rel1.win32_1.0.200.202406191623/tools/bin/../lib/gcc/arm-none-eabi/12.3.1/thumb/v7e-m+fp/hard/crti.o
 .ARM.attributes
                0x00000022       0x34 D:/SOFT/STM32CubeIDE_1.16.0/STM32CubeIDE/plugins/com.st.stm32cube.ide.mcu.externaltools.gnu-tools-for-stm32.12.3.rel1.win32_1.0.200.202406191623/tools/bin/../lib/gcc/arm-none-eabi/12.3.1/thumb/v7e-m+fp/hard/crtbegin.o
 .ARM.attributes
                0x00000056       0x34 ./Core/Src/main.o
 .ARM.attributes
                0x0000008a       0x34 ./Core/Src/stm32f4xx_hal_msp.o
 .ARM.attributes
                0x000000be       0x34 ./Core/Src/stm32f4xx_it.o
 .ARM.attributes
                0x000000f2       0x34 ./Core/Src/system_stm32f4xx.o
 .ARM.attributes
                0x00000126       0x21 ./Core/Startup/startup_stm32f429zitx.o
 .ARM.attributes
                0x00000147       0x34 ./Drivers/STM32F4xx_HAL_Driver/Src/stm32f4xx_hal.o
 .ARM.attributes
                0x0000017b       0x34 ./Drivers/STM32F4xx_HAL_Driver/Src/stm32f4xx_hal_cortex.o
 .ARM.attributes
                0x000001af       0x34 ./Drivers/STM32F4xx_HAL_Driver/Src/stm32f4xx_hal_flash.o
 .ARM.attributes
                0x000001e3       0x34 ./Drivers/STM32F4xx_HAL_Driver/Src/stm32f4xx_hal_flash_ex.o
 .ARM.attributes
                0x00000217       0x34 ./Drivers/STM32F4xx_HAL_Driver/Src/stm32f4xx_hal_gpio.o
 .ARM.attributes
                0x0000024b       0x34 ./Drivers/STM32F4xx_HAL_Driver/Src/stm32f4xx_hal_pcd.o
 .ARM.attributes
                0x0000027f       0x34 ./Drivers/STM32F4xx_HAL_Driver/Src/stm32f4xx_hal_pcd_ex.o
 .ARM.attributes
                0x000002b3       0x34 ./Drivers/STM32F4xx_HAL_Driver/Src/stm32f4xx_hal_rcc.o
 .ARM.attributes
                0x000002e7       0x34 ./Drivers/STM32F4xx_HAL_Driver/Src/stm32f4xx_hal_spi.o
 .ARM.attributes
                0x0000031b       0x34 ./Drivers/STM32F4xx_HAL_Driver/Src/stm32f4xx_ll_usb.o
 .ARM.attributes
                0x0000034f       0x34 ./FATFS/App/fatfs.o
 .ARM.attributes
                0x00000383       0x34 ./FATFS/Target/user_diskio.o
 .ARM.attributes
                0x000003b7       0x34 ./Middlewares/ST/STM32_USB_Device_Library/Class/MSC/Src/usbd_msc.o
 .ARM.attributes
                0x000003eb       0x34 ./Middlewares/ST/STM32_USB_Device_Library/Class/MSC/Src/usbd_msc_bot.o
 .ARM.attributes
                0x0000041f       0x34 ./Middlewares/ST/STM32_USB_Device_Library/Class/MSC/Src/usbd_msc_data.o
 .ARM.attributes
                0x00000453       0x34 ./Middlewares/ST/STM32_USB_Device_Library/Class/MSC/Src/usbd_msc_scsi.o
 .ARM.attributes
                0x00000487       0x34 ./Middlewares/ST/STM32_USB_Device_Library/Core/Src/usbd_core.o
 .ARM.attributes
                0x000004bb       0x34 ./Middlewares/ST/STM32_USB_Device_Library/Core/Src/usbd_ctlreq.o
 .ARM.attributes
                0x000004ef       0x34 ./Middlewares/ST/STM32_USB_Device_Library/Core/Src/usbd_ioreq.o
 .ARM.attributes
                0x00000523       0x34 ./Middlewares/Third_Party/FatFs/src/ff_gen_drv.o
 .ARM.attributes
                0x00000557       0x34 ./USB_DEVICE/App/usb_device.o
 .ARM.attributes
                0x0000058b       0x34 ./USB_DEVICE/App/usbd_desc.o
 .ARM.attributes
                0x000005bf       0x34 ./USB_DEVICE/App/usbd_storage_if.o
 .ARM.attributes
                0x000005f3       0x34 ./USB_DEVICE/Target/usbd_conf.o
 .ARM.attributes
                0x00000627       0x34 D:/SOFT/STM32CubeIDE_1.16.0/STM32CubeIDE/plugins/com.st.stm32cube.ide.mcu.externaltools.gnu-tools-for-stm32.12.3.rel1.win32_1.0.200.202406191623/tools/bin/../lib/gcc/arm-none-eabi/12.3.1/../../../../arm-none-eabi/lib/thumb/v7e-m+fp/hard\libc_nano.a(libc_a-memset.o)
 .ARM.attributes
                0x0000065b       0x34 D:/SOFT/STM32CubeIDE_1.16.0/STM32CubeIDE/plugins/com.st.stm32cube.ide.mcu.externaltools.gnu-tools-for-stm32.12.3.rel1.win32_1.0.200.202406191623/tools/bin/../lib/gcc/arm-none-eabi/12.3.1/../../../../arm-none-eabi/lib/thumb/v7e-m+fp/hard\libc_nano.a(libc_a-init.o)
 .ARM.attributes
                0x0000068f       0x34 D:/SOFT/STM32CubeIDE_1.16.0/STM32CubeIDE/plugins/com.st.stm32cube.ide.mcu.externaltools.gnu-tools-for-stm32.12.3.rel1.win32_1.0.200.202406191623/tools/bin/../lib/gcc/arm-none-eabi/12.3.1/../../../../arm-none-eabi/lib/thumb/v7e-m+fp/hard\libc_nano.a(libc_a-memcpy-stub.o)
 .ARM.attributes
                0x000006c3       0x22 D:/SOFT/STM32CubeIDE_1.16.0/STM32CubeIDE/plugins/com.st.stm32cube.ide.mcu.externaltools.gnu-tools-for-stm32.12.3.rel1.win32_1.0.200.202406191623/tools/bin/../lib/gcc/arm-none-eabi/12.3.1/thumb/v7e-m+fp/hard\libgcc.a(_aeabi_uldivmod.o)
 .ARM.attributes
                0x000006e5       0x34 D:/SOFT/STM32CubeIDE_1.16.0/STM32CubeIDE/plugins/com.st.stm32cube.ide.mcu.externaltools.gnu-tools-for-stm32.12.3.rel1.win32_1.0.200.202406191623/tools/bin/../lib/gcc/arm-none-eabi/12.3.1/thumb/v7e-m+fp/hard\libgcc.a(_udivmoddi4.o)
 .ARM.attributes
                0x00000719       0x22 D:/SOFT/STM32CubeIDE_1.16.0/STM32CubeIDE/plugins/com.st.stm32cube.ide.mcu.externaltools.gnu-tools-for-stm32.12.3.rel1.win32_1.0.200.202406191623/tools/bin/../lib/gcc/arm-none-eabi/12.3.1/thumb/v7e-m+fp/hard\libgcc.a(_dvmd_tls.o)
 .ARM.attributes
                0x0000073b       0x22 D:/SOFT/STM32CubeIDE_1.16.0/STM32CubeIDE/plugins/com.st.stm32cube.ide.mcu.externaltools.gnu-tools-for-stm32.12.3.rel1.win32_1.0.200.202406191623/tools/bin/../lib/gcc/arm-none-eabi/12.3.1/thumb/v7e-m+fp/hard/crtn.o
OUTPUT(F429_USB_bootloader.elf elf32-littlearm)
LOAD linker stubs
LOAD D:/SOFT/STM32CubeIDE_1.16.0/STM32CubeIDE/plugins/com.st.stm32cube.ide.mcu.externaltools.gnu-tools-for-stm32.12.3.rel1.win32_1.0.200.202406191623/tools/bin/../lib/gcc/arm-none-eabi/12.3.1/../../../../arm-none-eabi/lib/thumb/v7e-m+fp/hard\libc.a
LOAD D:/SOFT/STM32CubeIDE_1.16.0/STM32CubeIDE/plugins/com.st.stm32cube.ide.mcu.externaltools.gnu-tools-for-stm32.12.3.rel1.win32_1.0.200.202406191623/tools/bin/../lib/gcc/arm-none-eabi/12.3.1/../../../../arm-none-eabi/lib/thumb/v7e-m+fp/hard\libm.a
LOAD D:/SOFT/STM32CubeIDE_1.16.0/STM32CubeIDE/plugins/com.st.stm32cube.ide.mcu.externaltools.gnu-tools-for-stm32.12.3.rel1.win32_1.0.200.202406191623/tools/bin/../lib/gcc/arm-none-eabi/12.3.1/thumb/v7e-m+fp/hard\libgcc.a

.debug_info     0x00000000    0x12a08
 .debug_info    0x00000000      0xd65 ./Core/Src/main.o
 .debug_info    0x00000d65      0xbc5 ./Core/Src/stm32f4xx_hal_msp.o
 .debug_info    0x0000192a      0x637 ./Core/Src/stm32f4xx_it.o
 .debug_info    0x00001f61      0x52e ./Core/Src/system_stm32f4xx.o
 .debug_info    0x0000248f       0x30 ./Core/Startup/startup_stm32f429zitx.o
 .debug_info    0x000024bf      0x9ba ./Drivers/STM32F4xx_HAL_Driver/Src/stm32f4xx_hal.o
 .debug_info    0x00002e79      0xdc2 ./Drivers/STM32F4xx_HAL_Driver/Src/stm32f4xx_hal_cortex.o
 .debug_info    0x00003c3b      0x57d ./Drivers/STM32F4xx_HAL_Driver/Src/stm32f4xx_hal_flash.o
 .debug_info    0x000041b8      0x88d ./Drivers/STM32F4xx_HAL_Driver/Src/stm32f4xx_hal_flash_ex.o
 .debug_info    0x00004a45      0x6db ./Drivers/STM32F4xx_HAL_Driver/Src/stm32f4xx_hal_gpio.o
 .debug_info    0x00005120     0x156f ./Drivers/STM32F4xx_HAL_Driver/Src/stm32f4xx_hal_pcd.o
 .debug_info    0x0000668f      0x6ea ./Drivers/STM32F4xx_HAL_Driver/Src/stm32f4xx_hal_pcd_ex.o
 .debug_info    0x00006d79      0x8c7 ./Drivers/STM32F4xx_HAL_Driver/Src/stm32f4xx_hal_rcc.o
 .debug_info    0x00007640     0x1525 ./Drivers/STM32F4xx_HAL_Driver/Src/stm32f4xx_hal_spi.o
 .debug_info    0x00008b65     0x1993 ./Drivers/STM32F4xx_HAL_Driver/Src/stm32f4xx_ll_usb.o
 .debug_info    0x0000a4f8      0x4d9 ./FATFS/App/fatfs.o
 .debug_info    0x0000a9d1      0x328 ./FATFS/Target/user_diskio.o
 .debug_info    0x0000acf9      0xdbe ./Middlewares/ST/STM32_USB_Device_Library/Class/MSC/Src/usbd_msc.o
 .debug_info    0x0000bab7      0xc5b ./Middlewares/ST/STM32_USB_Device_Library/Class/MSC/Src/usbd_msc_bot.o
 .debug_info    0x0000c712      0x117 ./Middlewares/ST/STM32_USB_Device_Library/Class/MSC/Src/usbd_msc_data.o
 .debug_info    0x0000c829     0x11be ./Middlewares/ST/STM32_USB_Device_Library/Class/MSC/Src/usbd_msc_scsi.o
 .debug_info    0x0000d9e7      0xe05 ./Middlewares/ST/STM32_USB_Device_Library/Core/Src/usbd_core.o
 .debug_info    0x0000e7ec      0xade ./Middlewares/ST/STM32_USB_Device_Library/Core/Src/usbd_ctlreq.o
 .debug_info    0x0000f2ca      0x755 ./Middlewares/ST/STM32_USB_Device_Library/Core/Src/usbd_ioreq.o
 .debug_info    0x0000fa1f      0x37f ./Middlewares/Third_Party/FatFs/src/ff_gen_drv.o
 .debug_info    0x0000fd9e      0x73e ./USB_DEVICE/App/usb_device.o
 .debug_info    0x000104dc      0x458 ./USB_DEVICE/App/usbd_desc.o
 .debug_info    0x00010934      0x419 ./USB_DEVICE/App/usbd_storage_if.o
 .debug_info    0x00010d4d     0x1cbb ./USB_DEVICE/Target/usbd_conf.o

.debug_abbrev   0x00000000     0x3cf5
 .debug_abbrev  0x00000000      0x2ca ./Core/Src/main.o
 .debug_abbrev  0x000002ca      0x1cd ./Core/Src/stm32f4xx_hal_msp.o
 .debug_abbrev  0x00000497      0x1a4 ./Core/Src/stm32f4xx_it.o
 .debug_abbrev  0x0000063b      0x11a ./Core/Src/system_stm32f4xx.o
 .debug_abbrev  0x00000755       0x24 ./Core/Startup/startup_stm32f429zitx.o
 .debug_abbrev  0x00000779      0x214 ./Drivers/STM32F4xx_HAL_Driver/Src/stm32f4xx_hal.o
 .debug_abbrev  0x0000098d      0x31d ./Drivers/STM32F4xx_HAL_Driver/Src/stm32f4xx_hal_cortex.o
 .debug_abbrev  0x00000caa      0x28c ./Drivers/STM32F4xx_HAL_Driver/Src/stm32f4xx_hal_flash.o
 .debug_abbrev  0x00000f36      0x287 ./Drivers/STM32F4xx_HAL_Driver/Src/stm32f4xx_hal_flash_ex.o
 .debug_abbrev  0x000011bd      0x1d4 ./Drivers/STM32F4xx_HAL_Driver/Src/stm32f4xx_hal_gpio.o
 .debug_abbrev  0x00001391      0x2b9 ./Drivers/STM32F4xx_HAL_Driver/Src/stm32f4xx_hal_pcd.o
 .debug_abbrev  0x0000164a      0x1da ./Drivers/STM32F4xx_HAL_Driver/Src/stm32f4xx_hal_pcd_ex.o
 .debug_abbrev  0x00001824      0x2b7 ./Drivers/STM32F4xx_HAL_Driver/Src/stm32f4xx_hal_rcc.o
 .debug_abbrev  0x00001adb      0x27a ./Drivers/STM32F4xx_HAL_Driver/Src/stm32f4xx_hal_spi.o
 .debug_abbrev  0x00001d55      0x2b3 ./Drivers/STM32F4xx_HAL_Driver/Src/stm32f4xx_ll_usb.o
 .debug_abbrev  0x00002008      0x160 ./FATFS/App/fatfs.o
 .debug_abbrev  0x00002168      0x13c ./FATFS/Target/user_diskio.o
 .debug_abbrev  0x000022a4      0x317 ./Middlewares/ST/STM32_USB_Device_Library/Class/MSC/Src/usbd_msc.o
 .debug_abbrev  0x000025bb      0x2dd ./Middlewares/ST/STM32_USB_Device_Library/Class/MSC/Src/usbd_msc_bot.o
 .debug_abbrev  0x00002898       0x6f ./Middlewares/ST/STM32_USB_Device_Library/Class/MSC/Src/usbd_msc_data.o
 .debug_abbrev  0x00002907      0x316 ./Middlewares/ST/STM32_USB_Device_Library/Class/MSC/Src/usbd_msc_scsi.o
 .debug_abbrev  0x00002c1d      0x27c ./Middlewares/ST/STM32_USB_Device_Library/Core/Src/usbd_core.o
 .debug_abbrev  0x00002e99      0x26f ./Middlewares/ST/STM32_USB_Device_Library/Core/Src/usbd_ctlreq.o
 .debug_abbrev  0x00003108      0x19a ./Middlewares/ST/STM32_USB_Device_Library/Core/Src/usbd_ioreq.o
 .debug_abbrev  0x000032a2      0x19f ./Middlewares/Third_Party/FatFs/src/ff_gen_drv.o
 .debug_abbrev  0x00003441      0x194 ./USB_DEVICE/App/usb_device.o
 .debug_abbrev  0x000035d5      0x1e1 ./USB_DEVICE/App/usbd_desc.o
 .debug_abbrev  0x000037b6      0x200 ./USB_DEVICE/App/usbd_storage_if.o
 .debug_abbrev  0x000039b6      0x33f ./USB_DEVICE/Target/usbd_conf.o

.debug_aranges  0x00000000     0x1098
 .debug_aranges
                0x00000000       0x48 ./Core/Src/main.o
 .debug_aranges
                0x00000048       0x30 ./Core/Src/stm32f4xx_hal_msp.o
 .debug_aranges
                0x00000078       0x70 ./Core/Src/stm32f4xx_it.o
 .debug_aranges
                0x000000e8       0x28 ./Core/Src/system_stm32f4xx.o
 .debug_aranges
                0x00000110       0x28 ./Core/Startup/startup_stm32f429zitx.o
 .debug_aranges
                0x00000138      0x100 ./Drivers/STM32F4xx_HAL_Driver/Src/stm32f4xx_hal.o
 .debug_aranges
                0x00000238      0x130 ./Drivers/STM32F4xx_HAL_Driver/Src/stm32f4xx_hal_cortex.o
 .debug_aranges
                0x00000368       0xa0 ./Drivers/STM32F4xx_HAL_Driver/Src/stm32f4xx_hal_flash.o
 .debug_aranges
                0x00000408       0xd8 ./Drivers/STM32F4xx_HAL_Driver/Src/stm32f4xx_hal_flash_ex.o
 .debug_aranges
                0x000004e0       0x58 ./Drivers/STM32F4xx_HAL_Driver/Src/stm32f4xx_hal_gpio.o
 .debug_aranges
                0x00000538      0x148 ./Drivers/STM32F4xx_HAL_Driver/Src/stm32f4xx_hal_pcd.o
 .debug_aranges
                0x00000680       0x38 ./Drivers/STM32F4xx_HAL_Driver/Src/stm32f4xx_hal_pcd_ex.o
 .debug_aranges
                0x000006b8       0x88 ./Drivers/STM32F4xx_HAL_Driver/Src/stm32f4xx_hal_rcc.o
 .debug_aranges
                0x00000740      0x1d0 ./Drivers/STM32F4xx_HAL_Driver/Src/stm32f4xx_hal_spi.o
 .debug_aranges
                0x00000910      0x1a0 ./Drivers/STM32F4xx_HAL_Driver/Src/stm32f4xx_ll_usb.o
 .debug_aranges
                0x00000ab0       0x28 ./FATFS/App/fatfs.o
 .debug_aranges
                0x00000ad8       0x40 ./FATFS/Target/user_diskio.o
 .debug_aranges
                0x00000b18       0x68 ./Middlewares/ST/STM32_USB_Device_Library/Class/MSC/Src/usbd_msc.o
 .debug_aranges
                0x00000b80       0x68 ./Middlewares/ST/STM32_USB_Device_Library/Class/MSC/Src/usbd_msc_bot.o
 .debug_aranges
                0x00000be8       0x18 ./Middlewares/ST/STM32_USB_Device_Library/Class/MSC/Src/usbd_msc_data.o
 .debug_aranges
                0x00000c00       0xc0 ./Middlewares/ST/STM32_USB_Device_Library/Class/MSC/Src/usbd_msc_scsi.o
 .debug_aranges
                0x00000cc0       0xd8 ./Middlewares/ST/STM32_USB_Device_Library/Core/Src/usbd_core.o
 .debug_aranges
                0x00000d98       0x90 ./Middlewares/ST/STM32_USB_Device_Library/Core/Src/usbd_ctlreq.o
 .debug_aranges
                0x00000e28       0x50 ./Middlewares/ST/STM32_USB_Device_Library/Core/Src/usbd_ioreq.o
 .debug_aranges
                0x00000e78       0x40 ./Middlewares/Third_Party/FatFs/src/ff_gen_drv.o
 .debug_aranges
                0x00000eb8       0x20 ./USB_DEVICE/App/usb_device.o
 .debug_aranges
                0x00000ed8       0x60 ./USB_DEVICE/App/usbd_desc.o
 .debug_aranges
                0x00000f38       0x50 ./USB_DEVICE/App/usbd_storage_if.o
 .debug_aranges
                0x00000f88      0x110 ./USB_DEVICE/Target/usbd_conf.o

.debug_rnglists
                0x00000000      0xc4a
 .debug_rnglists
                0x00000000       0x34 ./Core/Src/main.o
 .debug_rnglists
                0x00000034       0x20 ./Core/Src/stm32f4xx_hal_msp.o
 .debug_rnglists
                0x00000054       0x4f ./Core/Src/stm32f4xx_it.o
 .debug_rnglists
                0x000000a3       0x1a ./Core/Src/system_stm32f4xx.o
 .debug_rnglists
                0x000000bd       0x19 ./Core/Startup/startup_stm32f429zitx.o
 .debug_rnglists
                0x000000d6       0xbb ./Drivers/STM32F4xx_HAL_Driver/Src/stm32f4xx_hal.o
 .debug_rnglists
                0x00000191       0xe0 ./Drivers/STM32F4xx_HAL_Driver/Src/stm32f4xx_hal_cortex.o
 .debug_rnglists
                0x00000271       0x78 ./Drivers/STM32F4xx_HAL_Driver/Src/stm32f4xx_hal_flash.o
 .debug_rnglists
                0x000002e9       0xa6 ./Drivers/STM32F4xx_HAL_Driver/Src/stm32f4xx_hal_flash_ex.o
 .debug_rnglists
                0x0000038f       0x3f ./Drivers/STM32F4xx_HAL_Driver/Src/stm32f4xx_hal_gpio.o
 .debug_rnglists
                0x000003ce       0xfa ./Drivers/STM32F4xx_HAL_Driver/Src/stm32f4xx_hal_pcd.o
 .debug_rnglists
                0x000004c8       0x26 ./Drivers/STM32F4xx_HAL_Driver/Src/stm32f4xx_hal_pcd_ex.o
 .debug_rnglists
                0x000004ee       0x66 ./Drivers/STM32F4xx_HAL_Driver/Src/stm32f4xx_hal_rcc.o
 .debug_rnglists
                0x00000554      0x16f ./Drivers/STM32F4xx_HAL_Driver/Src/stm32f4xx_hal_spi.o
 .debug_rnglists
                0x000006c3      0x147 ./Drivers/STM32F4xx_HAL_Driver/Src/stm32f4xx_ll_usb.o
 .debug_rnglists
                0x0000080a       0x19 ./FATFS/App/fatfs.o
 .debug_rnglists
                0x00000823       0x2b ./FATFS/Target/user_diskio.o
 .debug_rnglists
                0x0000084e       0x4c ./Middlewares/ST/STM32_USB_Device_Library/Class/MSC/Src/usbd_msc.o
 .debug_rnglists
                0x0000089a       0x4c ./Middlewares/ST/STM32_USB_Device_Library/Class/MSC/Src/usbd_msc_bot.o
 .debug_rnglists
                0x000008e6       0x9c ./Middlewares/ST/STM32_USB_Device_Library/Class/MSC/Src/usbd_msc_scsi.o
 .debug_rnglists
                0x00000982       0xa1 ./Middlewares/ST/STM32_USB_Device_Library/Core/Src/usbd_core.o
 .debug_rnglists
                0x00000a23       0x6e ./Middlewares/ST/STM32_USB_Device_Library/Core/Src/usbd_ctlreq.o
 .debug_rnglists
                0x00000a91       0x37 ./Middlewares/ST/STM32_USB_Device_Library/Core/Src/usbd_ioreq.o
 .debug_rnglists
                0x00000ac8       0x2c ./Middlewares/Third_Party/FatFs/src/ff_gen_drv.o
 .debug_rnglists
                0x00000af4       0x13 ./USB_DEVICE/App/usb_device.o
 .debug_rnglists
                0x00000b07       0x43 ./USB_DEVICE/App/usbd_desc.o
 .debug_rnglists
                0x00000b4a       0x37 ./USB_DEVICE/App/usbd_storage_if.o
 .debug_rnglists
                0x00000b81       0xc9 ./USB_DEVICE/Target/usbd_conf.o

.debug_macro    0x00000000    0x267c6
 .debug_macro   0x00000000      0x3ba ./Core/Src/main.o
 .debug_macro   0x000003ba      0x29b ./Core/Src/main.o
 .debug_macro   0x00000655       0x2e ./Core/Src/main.o
 .debug_macro   0x00000683       0x28 ./Core/Src/main.o
 .debug_macro   0x000006ab       0x22 ./Core/Src/main.o
 .debug_macro   0x000006cd       0x8e ./Core/Src/main.o
 .debug_macro   0x0000075b       0x51 ./Core/Src/main.o
 .debug_macro   0x000007ac      0x103 ./Core/Src/main.o
 .debug_macro   0x000008af       0x6a ./Core/Src/main.o
 .debug_macro   0x00000919      0x1df ./Core/Src/main.o
 .debug_macro   0x00000af8       0x1c ./Core/Src/main.o
 .debug_macro   0x00000b14       0x22 ./Core/Src/main.o
 .debug_macro   0x00000b36       0xfb ./Core/Src/main.o
 .debug_macro   0x00000c31     0x1011 ./Core/Src/main.o
 .debug_macro   0x00001c42      0x11f ./Core/Src/main.o
 .debug_macro   0x00001d61    0x17fd8 ./Core/Src/main.o
 .debug_macro   0x00019d39       0x6d ./Core/Src/main.o
 .debug_macro   0x00019da6     0x3711 ./Core/Src/main.o
 .debug_macro   0x0001d4b7      0x189 ./Core/Src/main.o
 .debug_macro   0x0001d640       0x5c ./Core/Src/main.o
 .debug_macro   0x0001d69c      0xcba ./Core/Src/main.o
 .debug_macro   0x0001e356      0x9e9 ./Core/Src/main.o
 .debug_macro   0x0001ed3f      0x115 ./Core/Src/main.o
 .debug_macro   0x0001ee54      0x156 ./Core/Src/main.o
 .debug_macro   0x0001efaa       0xa5 ./Core/Src/main.o
 .debug_macro   0x0001f04f      0x182 ./Core/Src/main.o
 .debug_macro   0x0001f1d1      0x287 ./Core/Src/main.o
 .debug_macro   0x0001f458       0x5f ./Core/Src/main.o
 .debug_macro   0x0001f4b7      0x236 ./Core/Src/main.o
 .debug_macro   0x0001f6ed      0x132 ./Core/Src/main.o
 .debug_macro   0x0001f81f      0x41d ./Core/Src/main.o
 .debug_macro   0x0001fc3c       0x2e ./Core/Src/main.o
 .debug_macro   0x0001fc6a      0x127 ./Core/Src/main.o
 .debug_macro   0x0001fd91       0xe2 ./Core/Src/main.o
 .debug_macro   0x0001fe73       0x89 ./Core/Src/main.o
 .debug_macro   0x0001fefc      0x225 ./Core/Src/main.o
 .debug_macro   0x00020121      0x293 ./Core/Src/main.o
 .debug_macro   0x000203b4       0xba ./Core/Src/main.o
 .debug_macro   0x0002046e      0x134 ./Core/Src/main.o
 .debug_macro   0x000205a2       0xeb ./Core/Src/main.o
 .debug_macro   0x0002068d       0x2a ./Core/Src/main.o
 .debug_macro   0x000206b7       0x61 ./Core/Src/main.o
 .debug_macro   0x00020718       0x43 ./Core/Src/main.o
 .debug_macro   0x0002075b       0x34 ./Core/Src/main.o
 .debug_macro   0x0002078f       0x16 ./Core/Src/main.o
 .debug_macro   0x000207a5       0x35 ./Core/Src/main.o
 .debug_macro   0x000207da       0x16 ./Core/Src/main.o
 .debug_macro   0x000207f0       0x43 ./Core/Src/main.o
 .debug_macro   0x00020833       0x34 ./Core/Src/main.o
 .debug_macro   0x00020867       0x10 ./Core/Src/main.o
 .debug_macro   0x00020877       0x58 ./Core/Src/main.o
 .debug_macro   0x000208cf       0x8e ./Core/Src/main.o
 .debug_macro   0x0002095d       0x1c ./Core/Src/main.o
 .debug_macro   0x00020979      0x177 ./Core/Src/main.o
 .debug_macro   0x00020af0      0x369 ./Core/Src/main.o
 .debug_macro   0x00020e59       0x16 ./Core/Src/main.o
 .debug_macro   0x00020e6f       0x29 ./Core/Src/main.o
 .debug_macro   0x00020e98       0x12 ./Core/Src/main.o
 .debug_macro   0x00020eaa       0xe2 ./Core/Src/main.o
 .debug_macro   0x00020f8c       0x8e ./Core/Src/main.o
 .debug_macro   0x0002101a       0x1c ./Core/Src/main.o
 .debug_macro   0x00021036       0x10 ./Core/Src/main.o
 .debug_macro   0x00021046       0x1c ./Core/Src/main.o
 .debug_macro   0x00021062       0x16 ./Core/Src/main.o
 .debug_macro   0x00021078      0x146 ./Core/Src/main.o
 .debug_macro   0x000211be       0x16 ./Core/Src/main.o
 .debug_macro   0x000211d4       0x20 ./Core/Src/main.o
 .debug_macro   0x000211f4       0x6b ./Core/Src/main.o
 .debug_macro   0x0002125f      0x20f ./Core/Src/main.o
 .debug_macro   0x0002146e      0x1e8 ./Core/Src/stm32f4xx_hal_msp.o
 .debug_macro   0x00021656      0x1f2 ./Core/Src/stm32f4xx_it.o
 .debug_macro   0x00021848      0x1de ./Core/Src/system_stm32f4xx.o
 .debug_macro   0x00021a26      0x23e ./Drivers/STM32F4xx_HAL_Driver/Src/stm32f4xx_hal.o
 .debug_macro   0x00021c64      0x1de ./Drivers/STM32F4xx_HAL_Driver/Src/stm32f4xx_hal_cortex.o
 .debug_macro   0x00021e42      0x1e4 ./Drivers/STM32F4xx_HAL_Driver/Src/stm32f4xx_hal_flash.o
 .debug_macro   0x00022026      0x1e4 ./Drivers/STM32F4xx_HAL_Driver/Src/stm32f4xx_hal_flash_ex.o
 .debug_macro   0x0002220a      0x1e4 ./Drivers/STM32F4xx_HAL_Driver/Src/stm32f4xx_hal_gpio.o
 .debug_macro   0x000223ee      0x1ea ./Drivers/STM32F4xx_HAL_Driver/Src/stm32f4xx_hal_pcd.o
 .debug_macro   0x000225d8      0x1de ./Drivers/STM32F4xx_HAL_Driver/Src/stm32f4xx_hal_pcd_ex.o
 .debug_macro   0x000227b6      0x202 ./Drivers/STM32F4xx_HAL_Driver/Src/stm32f4xx_hal_rcc.o
 .debug_macro   0x000229b8      0x1ed ./Drivers/STM32F4xx_HAL_Driver/Src/stm32f4xx_hal_spi.o
 .debug_macro   0x00022ba5      0x1de ./Drivers/STM32F4xx_HAL_Driver/Src/stm32f4xx_ll_usb.o
 .debug_macro   0x00022d83      0x30d ./FATFS/App/fatfs.o
 .debug_macro   0x00023090       0xe5 ./FATFS/App/fatfs.o
 .debug_macro   0x00023175      0x32a ./FATFS/Target/user_diskio.o
 .debug_macro   0x0002349f       0x10 ./FATFS/Target/user_diskio.o
 .debug_macro   0x000234af       0x16 ./FATFS/Target/user_diskio.o
 .debug_macro   0x000234c5       0x7c ./FATFS/Target/user_diskio.o
 .debug_macro   0x00023541       0x56 ./FATFS/Target/user_diskio.o
 .debug_macro   0x00023597      0x393 ./Middlewares/ST/STM32_USB_Device_Library/Class/MSC/Src/usbd_msc.o
 .debug_macro   0x0002392a       0x16 ./Middlewares/ST/STM32_USB_Device_Library/Class/MSC/Src/usbd_msc.o
 .debug_macro   0x00023940       0x9e ./Middlewares/ST/STM32_USB_Device_Library/Class/MSC/Src/usbd_msc.o
 .debug_macro   0x000239de      0x10b ./Middlewares/ST/STM32_USB_Device_Library/Class/MSC/Src/usbd_msc.o
 .debug_macro   0x00023ae9       0x16 ./Middlewares/ST/STM32_USB_Device_Library/Class/MSC/Src/usbd_msc.o
 .debug_macro   0x00023aff      0x215 ./Middlewares/ST/STM32_USB_Device_Library/Class/MSC/Src/usbd_msc.o
 .debug_macro   0x00023d14       0x7c ./Middlewares/ST/STM32_USB_Device_Library/Class/MSC/Src/usbd_msc.o
 .debug_macro   0x00023d90      0x160 ./Middlewares/ST/STM32_USB_Device_Library/Class/MSC/Src/usbd_msc.o
 .debug_macro   0x00023ef0       0x34 ./Middlewares/ST/STM32_USB_Device_Library/Class/MSC/Src/usbd_msc.o
 .debug_macro   0x00023f24      0x39b ./Middlewares/ST/STM32_USB_Device_Library/Class/MSC/Src/usbd_msc_bot.o
 .debug_macro   0x000242bf      0x33c ./Middlewares/ST/STM32_USB_Device_Library/Class/MSC/Src/usbd_msc_data.o
 .debug_macro   0x000245fb       0x22 ./Middlewares/ST/STM32_USB_Device_Library/Class/MSC/Src/usbd_msc_data.o
 .debug_macro   0x0002461d      0x3a4 ./Middlewares/ST/STM32_USB_Device_Library/Class/MSC/Src/usbd_msc_scsi.o
 .debug_macro   0x000249c1       0x28 ./Middlewares/ST/STM32_USB_Device_Library/Class/MSC/Src/usbd_msc_scsi.o
 .debug_macro   0x000249e9      0x35e ./Middlewares/ST/STM32_USB_Device_Library/Core/Src/usbd_core.o
 .debug_macro   0x00024d47      0x368 ./Middlewares/ST/STM32_USB_Device_Library/Core/Src/usbd_ctlreq.o
 .debug_macro   0x000250af      0x364 ./Middlewares/ST/STM32_USB_Device_Library/Core/Src/usbd_ioreq.o
 .debug_macro   0x00025413      0x2fa ./Middlewares/Third_Party/FatFs/src/ff_gen_drv.o
 .debug_macro   0x0002570d      0x3b0 ./USB_DEVICE/App/usb_device.o
 .debug_macro   0x00025abd       0x22 ./USB_DEVICE/App/usb_device.o
 .debug_macro   0x00025adf       0x82 ./USB_DEVICE/App/usb_device.o
 .debug_macro   0x00025b61      0x166 ./USB_DEVICE/App/usb_device.o
 .debug_macro   0x00025cc7      0x3a1 ./USB_DEVICE/App/usbd_desc.o
 .debug_macro   0x00026068       0x1c ./USB_DEVICE/App/usbd_desc.o
 .debug_macro   0x00026084      0x3af ./USB_DEVICE/App/usbd_storage_if.o
 .debug_macro   0x00026433      0x393 ./USB_DEVICE/Target/usbd_conf.o

.debug_line     0x00000000    0x177cf
 .debug_line    0x00000000      0xb84 ./Core/Src/main.o
 .debug_line    0x00000b84      0x7bb ./Core/Src/stm32f4xx_hal_msp.o
 .debug_line    0x0000133f      0x859 ./Core/Src/stm32f4xx_it.o
 .debug_line    0x00001b98      0x7f0 ./Core/Src/system_stm32f4xx.o
 .debug_line    0x00002388       0x7a ./Core/Startup/startup_stm32f429zitx.o
 .debug_line    0x00002402      0xa8f ./Drivers/STM32F4xx_HAL_Driver/Src/stm32f4xx_hal.o
 .debug_line    0x00002e91      0xd4b ./Drivers/STM32F4xx_HAL_Driver/Src/stm32f4xx_hal_cortex.o
 .debug_line    0x00003bdc      0xb1a ./Drivers/STM32F4xx_HAL_Driver/Src/stm32f4xx_hal_flash.o
 .debug_line    0x000046f6      0xda7 ./Drivers/STM32F4xx_HAL_Driver/Src/stm32f4xx_hal_flash_ex.o
 .debug_line    0x0000549d      0xc0d ./Drivers/STM32F4xx_HAL_Driver/Src/stm32f4xx_hal_gpio.o
 .debug_line    0x000060aa     0x1542 ./Drivers/STM32F4xx_HAL_Driver/Src/stm32f4xx_hal_pcd.o
 .debug_line    0x000075ec      0x836 ./Drivers/STM32F4xx_HAL_Driver/Src/stm32f4xx_hal_pcd_ex.o
 .debug_line    0x00007e22      0xde4 ./Drivers/STM32F4xx_HAL_Driver/Src/stm32f4xx_hal_rcc.o
 .debug_line    0x00008c06     0x1d77 ./Drivers/STM32F4xx_HAL_Driver/Src/stm32f4xx_hal_spi.o
 .debug_line    0x0000a97d     0x1e34 ./Drivers/STM32F4xx_HAL_Driver/Src/stm32f4xx_ll_usb.o
 .debug_line    0x0000c7b1      0x95e ./FATFS/App/fatfs.o
 .debug_line    0x0000d10f      0x9bd ./FATFS/Target/user_diskio.o
 .debug_line    0x0000dacc      0xd29 ./Middlewares/ST/STM32_USB_Device_Library/Class/MSC/Src/usbd_msc.o
 .debug_line    0x0000e7f5      0xd43 ./Middlewares/ST/STM32_USB_Device_Library/Class/MSC/Src/usbd_msc_bot.o
 .debug_line    0x0000f538      0x997 ./Middlewares/ST/STM32_USB_Device_Library/Class/MSC/Src/usbd_msc_data.o
 .debug_line    0x0000fecf     0x14de ./Middlewares/ST/STM32_USB_Device_Library/Class/MSC/Src/usbd_msc_scsi.o
 .debug_line    0x000113ad      0xf6d ./Middlewares/ST/STM32_USB_Device_Library/Core/Src/usbd_core.o
 .debug_line    0x0001231a     0x117d ./Middlewares/ST/STM32_USB_Device_Library/Core/Src/usbd_ctlreq.o
 .debug_line    0x00013497      0xa87 ./Middlewares/ST/STM32_USB_Device_Library/Core/Src/usbd_ioreq.o