../Core/Src/main.c:781:13:Find_BIN_Files_In_Dir	536	static
../Core/Src/main.c:148:6:Data_From_USB_To_Flash	40	static
../Core/Src/main.c:183:6:Is_Flash_Data_Matching	8	static
../Core/Src/main.c:346:6:SystemClock_Config	88	static,ignoring_inline_asm
../Core/Src/main.c:539:6:FLASH_Program_Byte_Customized	0	static
../Core/Src/main.c:550:6:Jump_To_Main_Application	16	static,ignoring_inline_asm
../Core/Src/main.c:571:6:Check_If_Need_Start_Main_Program	8	static
../Core/Src/main.c:579:6:Work_With_File_in_the_USB_Flash	200	static
../Core/Src/main.c:717:6:Read_Firmware_Version_From_File	56	static
../Core/Src/main.c:819:9:Try_Finde_BIN_File	16	static
../Core/Src/main.c:206:5:main	64	static,ignoring_inline_asm
../Core/Src/main.c:842:6:Error_Handler	0	static,ignoring_inline_asm
