../Core/Src/main.c:153:6:Data_From_USB_To_Flash	56	static
../Core/Src/main.c:188:6:Is_Flash_Data_Matching	24	static
../Core/Src/main.c:211:5:main	8	static
../Core/Src/main.c:334:6:SystemClock_Config	88	static
../Core/Src/main.c:380:13:MX_TIM5_Init	32	static
../Core/Src/main.c:425:13:MX_USART2_UART_Init	8	static
../Core/Src/main.c:456:13:MX_DMA_Init	16	static
../Core/Src/main.c:474:13:MX_GPIO_Init	48	static
../Core/Src/main.c:516:6:FLASH_Program_Byte_Customized	16	static
../Core/Src/main.c:527:6:Jump_To_Main_Application	24	static,ignoring_inline_asm
../Core/Src/main.c:546:6:Check_If_Need_Start_Main_Program	8	static
../Core/Src/main.c:556:6:Work_With_File_in_the_USB_Flash	56	static,ignoring_inline_asm
../Core/Src/main.c:806:6:Read_Firmware_Version_From_File	56	static
../Core/Src/main.c:876:9:Try_Finde_BIN_File	24	static
../Core/Src/main.c:968:6:Error_Handler	4	static,ignoring_inline_asm
