../Core/Src/stm32f4xx_it.c:73:6:NMI_Handler	0	static
../Core/Src/stm32f4xx_it.c:88:6:HardFault_Handler	0	static
../Core/Src/stm32f4xx_it.c:104:6:MemManage_Handler	0	static
../Core/Src/stm32f4xx_it.c:119:6:BusFault_Handler	0	static
../Core/Src/stm32f4xx_it.c:134:6:UsageFault_Handler	0	static
../Core/Src/stm32f4xx_it.c:149:6:SVC_Handler	0	static
../Core/Src/stm32f4xx_it.c:162:6:DebugMon_Handler	0	static
../Core/Src/stm32f4xx_it.c:175:6:PendSV_Handler	0	static
../Core/Src/stm32f4xx_it.c:188:6:SysTick_Handler	0	static
../Core/Src/stm32f4xx_it.c:209:6:RCC_IRQHandler	0	static
../Core/Src/stm32f4xx_it.c:222:6:DMA1_Stream6_IRQHandler	0	static
../Core/Src/stm32f4xx_it.c:236:6:EXTI9_5_IRQHandler	8	static
../Core/Src/stm32f4xx_it.c:251:6:USART2_IRQHandler	0	static
../Core/Src/stm32f4xx_it.c:265:6:EXTI15_10_IRQHandler	8	static
../Core/Src/stm32f4xx_it.c:280:6:TIM5_IRQHandler	0	static
../Core/Src/stm32f4xx_it.c:294:6:OTG_FS_IRQHandler	0	static
../Core/Src/stm32f4xx_it.c:308:6:OTG_HS_IRQHandler	0	static
